Component: ARM Compiler 5.06 update 7 (build 960) Tool: armlink [4d3601]

==============================================================================

Section Cross References

    startup_stm32h750xx.o(STACK) refers (Special) to heapauxi.o(.text) for __use_two_region_memory
    startup_stm32h750xx.o(HEAP) refers (Special) to heapauxi.o(.text) for __use_two_region_memory
    startup_stm32h750xx.o(RESET) refers (Special) to heapauxi.o(.text) for __use_two_region_memory
    startup_stm32h750xx.o(RESET) refers to startup_stm32h750xx.o(STACK) for __initial_sp
    startup_stm32h750xx.o(RESET) refers to startup_stm32h750xx.o(.text) for Reset_Handler
    startup_stm32h750xx.o(RESET) refers to stm32h7xx_it.o(i.NMI_Handler) for NMI_Handler
    startup_stm32h750xx.o(RESET) refers to stm32h7xx_it.o(i.HardFault_Handler) for HardFault_Handler
    startup_stm32h750xx.o(RESET) refers to stm32h7xx_it.o(i.MemManage_Handler) for MemManage_Handler
    startup_stm32h750xx.o(RESET) refers to stm32h7xx_it.o(i.BusFault_Handler) for BusFault_Handler
    startup_stm32h750xx.o(RESET) refers to stm32h7xx_it.o(i.UsageFault_Handler) for UsageFault_Handler
    startup_stm32h750xx.o(RESET) refers to stm32h7xx_it.o(i.SVC_Handler) for SVC_Handler
    startup_stm32h750xx.o(RESET) refers to stm32h7xx_it.o(i.DebugMon_Handler) for DebugMon_Handler
    startup_stm32h750xx.o(RESET) refers to stm32h7xx_it.o(i.PendSV_Handler) for PendSV_Handler
    startup_stm32h750xx.o(RESET) refers to stm32h7xx_it.o(i.SysTick_Handler) for SysTick_Handler
    startup_stm32h750xx.o(RESET) refers to stm32h7xx_it.o(i.EXTI4_IRQHandler) for EXTI4_IRQHandler
    startup_stm32h750xx.o(RESET) refers to stm32h7xx_it.o(i.DMA1_Stream0_IRQHandler) for DMA1_Stream0_IRQHandler
    startup_stm32h750xx.o(RESET) refers to stm32h7xx_it.o(i.DMA1_Stream1_IRQHandler) for DMA1_Stream1_IRQHandler
    startup_stm32h750xx.o(RESET) refers to stm32h7xx_it.o(i.USART1_IRQHandler) for USART1_IRQHandler
    startup_stm32h750xx.o(RESET) refers to stm32h7xx_it.o(i.USART2_IRQHandler) for USART2_IRQHandler
    startup_stm32h750xx.o(RESET) refers to stm32h7xx_it.o(i.TIM8_CC_IRQHandler) for TIM8_CC_IRQHandler
    startup_stm32h750xx.o(RESET) refers to stm32h7xx_it.o(i.TIM7_IRQHandler) for TIM7_IRQHandler
    startup_stm32h750xx.o(RESET) refers to stm32h7xx_it.o(i.TIM16_IRQHandler) for TIM16_IRQHandler
    startup_stm32h750xx.o(RESET) refers to stm32h7xx_it.o(i.TIM17_IRQHandler) for TIM17_IRQHandler
    startup_stm32h750xx.o(.text) refers (Special) to heapauxi.o(.text) for __use_two_region_memory
    startup_stm32h750xx.o(.text) refers to system_stm32h7xx.o(i.ExitRun0Mode) for ExitRun0Mode
    startup_stm32h750xx.o(.text) refers to system_stm32h7xx.o(i.SystemInit) for SystemInit
    startup_stm32h750xx.o(.text) refers to __main.o(!!!main) for __main
    startup_stm32h750xx.o(.text) refers to startup_stm32h750xx.o(HEAP) for Heap_Mem
    startup_stm32h750xx.o(.text) refers to startup_stm32h750xx.o(STACK) for Stack_Mem
    user.o(i.CS5552_CS_HIGH) refers to stm32h7xx_hal_gpio.o(i.HAL_GPIO_WritePin) for HAL_GPIO_WritePin
    user.o(i.CS5552_CS_HIGH) refers to user.o(.data) for .data
    user.o(i.CS5552_CS_LOW) refers to stm32h7xx_hal_gpio.o(i.HAL_GPIO_WritePin) for HAL_GPIO_WritePin
    user.o(i.CS5552_CS_LOW) refers to user.o(.data) for .data
    user.o(i.CS5552_ChecksumEnabled) refers to user.o(.data) for .data
    user.o(i.CS5552_ConfigChannel) refers to _printf_percent.o(.ARM.Collect$$_printf_percent$$00000000) for _printf_percent
    user.o(i.CS5552_ConfigChannel) refers to _printf_u.o(.ARM.Collect$$_printf_percent$$0000000A) for _printf_u
    user.o(i.CS5552_ConfigChannel) refers to _printf_dec.o(.text) for _printf_int_dec
    user.o(i.CS5552_ConfigChannel) refers to user.o(i.CS5552_WriteReg) for CS5552_WriteReg
    user.o(i.CS5552_ConfigChannel) refers to noretval__2printf.o(.text) for __2printf
    user.o(i.CS5552_Delay_Init) refers to system_stm32h7xx.o(.data) for SystemCoreClock
    user.o(i.CS5552_Delay_Init) refers to user.o(.data) for .data
    user.o(i.CS5552_Delay_ms) refers to stm32h7xx_hal.o(i.HAL_Delay) for HAL_Delay
    user.o(i.CS5552_Delay_us) refers to user.o(.data) for .data
    user.o(i.CS5552_Init) refers to _printf_pad.o(.text) for _printf_pre_padding
    user.o(i.CS5552_Init) refers to _printf_percent.o(.ARM.Collect$$_printf_percent$$00000000) for _printf_percent
    user.o(i.CS5552_Init) refers to _printf_x.o(.ARM.Collect$$_printf_percent$$0000000C) for _printf_x
    user.o(i.CS5552_Init) refers to _printf_hex_int.o(.text) for _printf_longlong_hex
    user.o(i.CS5552_Init) refers to user.o(i.CS5552_Delay_Init) for CS5552_Delay_Init
    user.o(i.CS5552_Init) refers to user.o(i.CS5552_Reset_SPI) for CS5552_Reset_SPI
    user.o(i.CS5552_Init) refers to user.o(i.CS5552_WriteReg) for CS5552_WriteReg
    user.o(i.CS5552_Init) refers to stm32h7xx_hal.o(i.HAL_Delay) for HAL_Delay
    user.o(i.CS5552_Init) refers to user.o(i.CS5552_ReadReg) for CS5552_ReadReg
[...]
    __lcnum_c_thousands                      0x0800860e   Data           0  lc_numeric_c.o(locale$$data)
    __lcnum_c_grouping                       0x0800860f   Data           0  lc_numeric_c.o(locale$$data)
    __lcnum_c_end                            0x08008610   Data           0  lc_numeric_c.o(locale$$data)
    .data                                    0x24000000   Section       48  user.o(.data)
    cs5552_chip                              0x24000000   Data           1  user.o(.data)
    pin_map_done                             0x24000001   Data           1  user.o(.data)
    s_checksum_enabled                       0x24000002   Data           2  user.o(.data)
    s_us_ticks                               0x24000004   Data           4  user.o(.data)
    led_tick                                 0x24000008   Data           4  user.o(.data)
    cs_pins                                  0x2400000c   Data           4  user.o(.data)
    s_spi_error_count                        0x24000010   Data           8  user.o(.data)
    s_checksum_error_count                   0x24000018   Data           8  user.o(.data)
    s_data_error_count                       0x24000020   Data           8  user.o(.data)
    cs_ports                                 0x24000028   Data           8  user.o(.data)
    .data                                    0x24000030   Section       24  main.o(.data)
    g_voltage_filtered_valid_ch0             0x24000030   Data           1  main.o(.data)
    g_voltage_filtered_ch0                   0x24000034   Data           4  main.o(.data)
    voltage_print_tick                       0x24000044   Data           4  main.o(.data)
    .data                                    0x24000048   Section        4  main.o(.data)
    .data                                    0x2400004c   Section       12  stm32h7xx_hal.o(.data)
    .data                                    0x24000058   Section        8  system_stm32h7xx.o(.data)
    .bss                                     0x24000060   Section      104  main.o(.bss)
    voltage_filter_ch0                       0x24000060   Data          52  main.o(.bss)
    voltage_filter_ch1                       0x24000094   Data          52  main.o(.bss)
    .bss                                     0x240000c8   Section       84  i2c.o(.bss)
    .bss                                     0x2400011c   Section      408  spi.o(.bss)
    .bss                                     0x240002b4   Section      836  tim.o(.bss)
    .bss                                     0x240005f8   Section      536  usart.o(.bss)
    .bss                                     0x24000810   Section       76  stm32h7xx_hal_timebase_tim.o(.bss)
    .bss                                     0x2400085c   Section       96  libspace.o(.bss)
    HEAP                                     0x240008c0   Section     4096  startup_stm32h750xx.o(HEAP)
    Heap_Mem                                 0x240008c0   Data        4096  startup_stm32h750xx.o(HEAP)
    STACK                                    0x240018c0   Section     4096  startup_stm32h750xx.o(STACK)
    Stack_Mem                                0x240018c0   Data        4096  startup_stm32h750xx.o(STACK)
    __initial_sp                             0x240028c0   Data           0  startup_stm32h750xx.o(STACK)

    Global Symbols

    Symbol Name                              Value     Ov Type        Size  Object(Section)

    BuildAttributes$$THM_ISAv4$E$P$D$K$B$S$7EM$VFPv5_D16$PE$PLD8$A:L22UL41UL21$X:L11$S22US41US21$IEEE1$IW$USESV6$~STKCKD$USESV7$~SHL$OTIME$ROPI$IEEEJ$EBA8$UX$STANDARDLIB$REQ8$PRES8$EABIv2 0x00000000   Number         0  anon$$obj.o ABSOLUTE
    __ARM_use_no_argv                        0x00000000   Number         0  main.o ABSOLUTE
    _printf_flags                            0x00000000   Number         0  printf_stubs.o ABSOLUTE
    _printf_return_value                     0x00000000   Number         0  printf_stubs.o ABSOLUTE
    _printf_sizespec                         0x00000000   Number         0  printf_stubs.o ABSOLUTE
    _printf_widthprec                        0x00000000   Number         0  printf_stubs.o ABSOLUTE
    __ARM_exceptions_init                     - Undefined Weak Reference
    __alloca_initialize                       - Undefined Weak Reference
    __arm_fini_                               - Undefined Weak Reference
    __arm_preinit_                            - Undefined Weak Reference
    __cpp_initialize__aeabi_                  - Undefined Weak Reference
    __cxa_finalize                            - Undefined Weak Reference
    __sigvec_lookup                           - Undefined Weak Reference
    _atexit_init                              - Undefined Weak Reference
    _call_atexit_fns                          - Undefined Weak Reference
    _clock_init                               - Undefined Weak Reference
    _fp_trap_init                             - Undefined Weak Reference
    _fp_trap_shutdown                         - Undefined Weak Reference
    _get_lc_collate                           - Undefined Weak Reference
    _get_lc_ctype                             - Undefined Weak Reference
    _get_lc_monetary                          - Undefined Weak Reference
    _get_lc_time                              - Undefined Weak Reference
    _getenv_init                              - Undefined Weak Reference
    _handle_redirection                       - Undefined Weak Reference
    _init_alloc                               - Undefined Weak Reference
    _init_user_alloc                          - Undefined Weak Reference
    _initio                                   - Undefined Weak Reference
    _mutex_acquire                            - Undefined Weak Reference
    _mutex_release                            - Undefined Weak Reference
    _printf_truncate_signed                   - Undefined Weak Reference
    _printf_truncate_unsigned                 - Undefined Weak Reference
    _rand_init                                - Undefined Weak Reference
    _signal_finish                            - Undefined Weak Reference
    _signal_init                              - Undefined Weak Reference
    _terminate_alloc                          - Undefined Weak Reference
    _terminate_user_alloc                     - Undefined Weak Reference
    _terminateio                              - Undefined Weak Reference
    __Vectors_Size                           0x00000298   Number         0  startup_stm32h750xx.o ABSOLUTE
    __Vectors                                0x08000000   Data           4  startup_stm32h750xx.o(RESET)
    __Vectors_End                            0x08000298   Data           0  startup_stm32h750xx.o(RESET)
    __main                                   0x08000299   Thumb Code     8  __main.o(!!!main)
    __scatterload                            0x080002a1   Thumb Code     0  __scatter.o(!!!scatter)
    __scatterload_rt2                        0x080002a1   Thumb Code    44  __scatter.o(!!!scatter)
    __scatterload_rt2_thumb_only             0x080002a1   Thumb Code     0  __scatter.o(!!!scatter)
    __scatterload_null                       0x080002af   Thumb Code     0  __scatter.o(!!!scatter)
    __scatterload_copy                       0x080002d5   Thumb Code    26  __scatter_copy.o(!!handler_copy)
    __scatterload_zeroinit                   0x080002f1   Thumb Code    28  __scatter_zi.o(!!handler_zi)
    _printf_f                                0x0800030d   Thumb Code     0  _printf_f.o(.ARM.Collect$$_printf_percent$$00000003)
    _printf_percent                          0x0800030d   Thumb Code     0  _printf_percent.o(.ARM.Collect$$_printf_percent$$00000000)
    _printf_d                                0x08000313   Thumb Code     0  _printf_d.o(.ARM.Collect$$_printf_percent$$00000009)
    _printf_u                                0x08000319   Thumb Code     0  _printf_u.o(.ARM.Collect$$_printf_percent$$0000000A)
    _printf_x                                0x0800031f   Thumb Code     0  _printf_x.o(.ARM.Collect$$_printf_percent$$0000000C)
    _printf_percent_end                      0x08000325   Thumb Code     0  _printf_percent_end.o(.ARM.Collect$$_printf_percent$$00000017)
    __rt_lib_init                            0x08000329   Thumb Code     0  libinit.o(.ARM.Collect$$libinit$$00000000)
    __rt_lib_init_fp_1                       0x0800032b   Thumb Code     0  libinit2.o(.ARM.Collect$$libinit$$00000001)
    __rt_lib_init_heap_1                     0x0800032f   Thumb Code     0  libinit2.o(.ARM.Collect$$libinit$$0000000A)
    __rt_lib_init_lc_common                  0x0800032f   Thumb Code     0  libinit2.o(.ARM.Collect$$libinit$$0000000F)
    __rt_lib_init_preinit_1                  0x0800032f   Thumb Code     0  libinit2.o(.ARM.Collect$$libinit$$00000004)
    __rt_lib_init_rand_1                     0x0800032f   Thumb Code     0  libinit2.o(.ARM.Collect$$libinit$$0000000E)
    __rt_lib_init_user_alloc_1               0x0800032f   Thumb Code     0  libinit2.o(.ARM.Collect$$libinit$$0000000C)
    __rt_lib_init_lc_collate_1               0x08000335   Thumb Code     0  libinit2.o(.ARM.Collect$$libinit$$00000011)
    __rt_lib_init_lc_ctype_1                 0x08000335   Thumb Code     0  libinit2.o(.ARM.Collect$$libinit$$00000013)
    __rt_lib_init_lc_monetary_1              0x08000335   Thumb Code     0  libinit2.o(.ARM.Collect$$libinit$$00000015)
    __rt_lib_init_lc_numeric_2               0x08000335   Thumb Code     0  libinit2.o(.ARM.Collect$$libinit$$00000016)
    __rt_lib_init_alloca_1                   0x0800033f   Thumb Code     0  libinit2.o(.ARM.Collect$$libinit$$0000002E)
    __rt_lib_init_argv_1                     0x0800033f   Thumb Code     0  libinit2.o(.ARM.Collect$$libinit$$0000002C)
    __rt_lib_init_atexit_1                   0x0800033f   Thumb Code     0  libinit2.o(.ARM.Collect$$libinit$$0000001B)
    __rt_lib_init_clock_1                    0x0800033f   Thumb Code     0  libinit2.o(.ARM.Collect$$libinit$$00000021)
    __rt_lib_init_cpp_1                      0x0800033f   Thumb Code     0  libinit2.o(.ARM.Collect$$libinit$$00000032)
    __rt_lib_init_exceptions_1               0x0800033f   Thumb Code     0  libinit2.o(.ARM.Collect$$libinit$$00000030)
    __rt_lib_init_fp_trap_1                  0x0800033f   Thumb Code     0  libinit2.o(.ARM.Collect$$libinit$$0000001F)
    __rt_lib_init_getenv_1                   0x0800033f   Thumb Code     0  libinit2.o(.ARM.Collect$$libinit$$00000023)
    __rt_lib_init_lc_numeric_1               0x0800033f   Thumb Code     0  libinit2.o(.ARM.Collect$$libinit$$00000017)
    __rt_lib_init_lc_time_1                  0x0800033f   Thumb Code     0  libinit2.o(.ARM.Collect$$libinit$$00000019)
    __rt_lib_init_return                     0x0800033f   Thumb Code     0  libinit2.o(.ARM.Collect$$libinit$$00000033)
    __rt_lib_init_signal_1                   0x0800033f   Thumb Code     0  libinit2.o(.ARM.Collect$$libinit$$0000001D)
    __rt_lib_init_stdio_1                    0x0800033f   Thumb Code     0  libinit2.o(.ARM.Collect$$libinit$$00000025)
    __rt_lib_shutdown                        0x08000341   Thumb Code     0  libshutdown.o(.ARM.Collect$$libshutdown$$00000000)
    __rt_lib_shutdown_cpp_1                  0x08000343   Thumb Code     0  libshutdown2.o(.ARM.Collect$$libshutdown$$00000004)
    __rt_lib_shutdown_fini_1                 0x08000343   Thumb Code     0  libshutdown2.o(.ARM.Collect$$libshutdown$$00000002)
    __rt_lib_shutdown_fp_trap_1              0x08000343   Thumb Code     0  libshutdown2.o(.ARM.Collect$$libshutdown$$00000009)
    __rt_lib_shutdown_heap_1                 0x08000343   Thumb Code     0  libshutdown2.o(.ARM.Collect$$libshutdown$$00000011)
    __rt_lib_shutdown_return                 0x08000343   Thumb Code     0  libshutdown2.o(.ARM.Collect$$libshutdown$$00000012)
    __rt_lib_shutdown_signal_1               0x08000343   Thumb Code     0  libshutdown2.o(.ARM.Collect$$libshutdown$$0000000C)
    __rt_lib_shutdown_stdio_1                0x08000343   Thumb Code     0  libshutdown2.o(.ARM.Collect$$libshutdown$$00000006)
    __rt_lib_shutdown_user_alloc_1           0x08000343   Thumb Code     0  libshutdown2.o(.ARM.Collect$$libshutdown$$0000000E)
    __rt_entry                               0x08000345   Thumb Code     0  __rtentry.o(.ARM.Collect$$rtentry$$00000000)
    __rt_entry_presh_1                       0x08000345   Thumb Code     0  __rtentry2.o(.ARM.Collect$$rtentry$$00000002)
    __rt_entry_sh                            0x08000345   Thumb Code     0  __rtentry4.o(.ARM.Collect$$rtentry$$00000004)
    __rt_entry_li                            0x0800034b   Thumb Code     0  __rtentry2.o(.ARM.Collect$$rtentry$$0000000A)
    __rt_entry_postsh_1                      0x0800034b   Thumb Code     0  __rtentry2.o(.ARM.Collect$$rtentry$$00000009)
    __rt_entry_main                          0x0800034f   Thumb Code     0  __rtentry2.o(.ARM.Collect$$rtentry$$0000000D)
    __rt_entry_postli_1                      0x0800034f   Thumb Code     0  __rtentry2.o(.ARM.Collect$$rtentry$$0000000C)
    __rt_exit                                0x08000357   Thumb Code     0  rtexit.o(.ARM.Collect$$rtexit$$00000000)
    __rt_exit_ls                             0x08000359   Thumb Code     0  rtexit2.o(.ARM.Collect$$rtexit$$00000003)
    __rt_exit_prels_1                        0x08000359   Thumb Code     0  rtexit2.o(.ARM.Collect$$rtexit$$00000002)
    __rt_exit_exit                           0x0800035d   Thumb Code     0  rtexit2.o(.ARM.Collect$$rtexit$$00000004)
    Reset_Handler                            0x08000365   Thumb Code    12  startup_stm32h750xx.o(.text)
    ADC3_IRQHandler                          0x08000383   Thumb Code     0  startup_stm32h750xx.o(.text)
    ADC_IRQHandler                           0x08000383   Thumb Code     0  startup_stm32h750xx.o(.text)
    BDMA_Channel0_IRQHandler                 0x08000383   Thumb Code     0  startup_stm32h750xx.o(.text)
    BDMA_Channel1_IRQHandler                 0x08000383   Thumb Code     0  startup_stm32h750xx.o(.text)
    BDMA_Channel2_IRQHandler                 0x08000383   Thumb Code     0  startup_stm32h750xx.o(.text)
    BDMA_Channel3_IRQHandler                 0x08000383   Thumb Code     0  startup_stm32h750xx.o(.text)
    BDMA_Channel4_IRQHandler                 0x08000383   Thumb Code     0  startup_stm32h750xx.o(.text)
    BDMA_Channel5_IRQHandler                 0x08000383   Thumb Code     0  startup_stm32h750xx.o(.text)
    BDMA_Channel6_IRQHandler                 0x08000383   Thumb Code     0  startup_stm32h750xx.o(.text)
    BDMA_Channel7_IRQHandler                 0x08000383   Thumb Code     0  startup_stm32h750xx.o(.text)
    CEC_IRQHandler                           0x08000383   Thumb Code     0  startup_stm32h750xx.o(.text)
    COMP1_IRQHandler                         0x08000383   Thumb Code     0  startup_stm32h750xx.o(.text)
    CRS_IRQHandler                           0x08000383   Thumb Code     0  startup_stm32h750xx.o(.text)
    CRYP_IRQHandler                          0x08000383   Thumb Code     0  startup_stm32h750xx.o(.text)
    DCMI_IRQHandler                          0x08000383   Thumb Code     0  startup_stm32h750xx.o(.text)
    DFSDM1_FLT0_IRQHandler                   0x08000383   Thumb Code     0  startup_stm32h750xx.o(.text)
    DFSDM1_FLT1_IRQHandler                   0x08000383   Thumb Code     0  startup_stm32h750xx.o(.text)
    DFSDM1_FLT2_IRQHandler                   0x08000383   Thumb Code     0  startup_stm32h750xx.o(.text)
    DFSDM1_FLT3_IRQHandler                   0x08000383   Thumb Code     0  startup_stm32h750xx.o(.text)
    DMA1_Stream2_IRQHandler                  0x08000383   Thumb Code     0  startup_stm32h750xx.o(.text)
    DMA1_Stream3_IRQHandler                  0x08000383   Thumb Code     0  startup_stm32h750xx.o(.text)
    DMA1_Stream4_IRQHandler                  0x08000383   Thumb Code     0  startup_stm32h750xx.o(.text)
    DMA1_Stream5_IRQHandler                  0x08000383   Thumb Code     0  startup_stm32h750xx.o(.text)
    DMA1_Stream6_IRQHandler                  0x08000383   Thumb Code     0  startup_stm32h750xx.o(.text)
    DMA1_Stream7_IRQHandler                  0x08000383   Thumb Code     0  startup_stm32h750xx.o(.text)
    DMA2D_IRQHandler                         0x08000383   Thumb Code     0  startup_stm32h750xx.o(.text)
    DMA2_Stream0_IRQHandler                  0x08000383   Thumb Code     0  startup_stm32h750xx.o(.text)
    DMA2_Stream1_IRQHandler                  0x08000383   Thumb Code     0  startup_stm32h750xx.o(.text)
    DMA2_Stream2_IRQHandler                  0x08000383   Thumb Code     0  startup_stm32h750xx.o(.text)
    DMA2_Stream3_IRQHandler                  0x08000383   Thumb Code     0  startup_stm32h750xx.o(.text)
    DMA2_Stream4_IRQHandler                  0x08000383   Thumb Code     0  startup_stm32h750xx.o(.text)
    DMA2_Stream5_IRQHandler                  0x08000383   Thumb Code     0  startup_stm32h750xx.o(.text)
    DMA2_Stream6_IRQHandler                  0x08000383   Thumb Code     0  startup_stm32h750xx.o(.text)
    DMA2_Stream7_IRQHandler                  0x08000383   Thumb Code     0  startup_stm32h750xx.o(.text)
    DMAMUX1_OVR_IRQHandler                   0x08000383   Thumb Code     0  startup_stm32h750xx.o(.text)
    DMAMUX2_OVR_IRQHandler                   0x08000383   Thumb Code     0  startup_stm32h750xx.o(.text)
    ECC_IRQHandler                           0x08000383   Thumb Code     0  startup_stm32h750xx.o(.text)
    ETH_IRQHandler                           0x08000383   Thumb Code     0  startup_stm32h750xx.o(.text)
    ETH_WKUP_IRQHandler                      0x08000383   Thumb Code     0  startup_stm32h750xx.o(.text)
    EXTI0_IRQHandler                         0x08000383   Thumb Code     0  startup_stm32h750xx.o(.text)
    EXTI15_10_IRQHandler                     0x08000383   Thumb Code     0  startup_stm32h750xx.o(.text)
    EXTI1_IRQHandler                         0x08000383   Thumb Code     0  startup_stm32h750xx.o(.text)
    EXTI2_IRQHandler                         0x08000383   Thumb Code     0  startup_stm32h750xx.o(.text)
    EXTI3_IRQHandler                         0x08000383   Thumb Code     0  startup_stm32h750xx.o(.text)
    EXTI9_5_IRQHandler                       0x08000383   Thumb Code     0  startup_stm32h750xx.o(.text)
    FDCAN1_IT0_IRQHandler                    0x08000383   Thumb Code     0  startup_stm32h750xx.o(.text)
    FDCAN1_IT1_IRQHandler                    0x08000383   Thumb Code     0  startup_stm32h750xx.o(.text)
    FDCAN2_IT0_IRQHandler                    0x08000383   Thumb Code     0  startup_stm32h750xx.o(.text)
    FDCAN2_IT1_IRQHandler                    0x08000383   Thumb Code     0  startup_stm32h750xx.o(.text)
    FDCAN_CAL_IRQHandler                     0x08000383   Thumb Code     0  startup_stm32h750xx.o(.text)
    FLASH_IRQHandler                         0x08000383   Thumb Code     0  startup_stm32h750xx.o(.text)
    FMC_IRQHandler                           0x08000383   Thumb Code     0  startup_stm32h750xx.o(.text)
    FPU_IRQHandler                           0x08000383   Thumb Code     0  startup_stm32h750xx.o(.text)
    HASH_RNG_IRQHandler                      0x08000383   Thumb Code     0  startup_stm32h750xx.o(.text)
    HRTIM1_FLT_IRQHandler                    0x08000383   Thumb Code     0  startup_stm32h750xx.o(.text)
    HRTIM1_Master_IRQHandler                 0x08000383   Thumb Code     0  startup_stm32h750xx.o(.text)
    HRTIM1_TIMA_IRQHandler                   0x08000383   Thumb Code     0  startup_stm32h750xx.o(.text)
    HRTIM1_TIMB_IRQHandler                   0x08000383   Thumb Code     0  startup_stm32h750xx.o(.text)
    HRTIM1_TIMC_IRQHandler                   0x08000383   Thumb Code     0  startup_stm32h750xx.o(.text)
    HRTIM1_TIMD_IRQHandler                   0x08000383   Thumb Code     0  startup_stm32h750xx.o(.text)
    HRTIM1_TIME_IRQHandler                   0x08000383   Thumb Code     0  startup_stm32h750xx.o(.text)
    HSEM1_IRQHandler                         0x08000383   Thumb Code     0  startup_stm32h750xx.o(.text)
    I2C1_ER_IRQHandler                       0x08000383   Thumb Code     0  startup_stm32h750xx.o(.text)
    I2C1_EV_IRQHandler                       0x08000383   Thumb Code     0  startup_stm32h750xx.o(.text)
    I2C2_ER_IRQHandler                       0x08000383   Thumb Code     0  startup_stm32h750xx.o(.text)
    I2C2_EV_IRQHandler                       0x08000383   Thumb Code     0  startup_stm32h750xx.o(.text)
    I2C3_ER_IRQHandler                       0x08000383   Thumb Code     0  startup_stm32h750xx.o(.text)
    I2C3_EV_IRQHandler                       0x08000383   Thumb Code     0  startup_stm32h750xx.o(.text)
    I2C4_ER_IRQHandler                       0x08000383   Thumb Code     0  startup_stm32h750xx.o(.text)
    I2C4_EV_IRQHandler                       0x08000383   Thumb Code     0  startup_stm32h750xx.o(.text)
    JPEG_IRQHandler                          0x08000383   Thumb Code     0  startup_stm32h750xx.o(.text)
    LPTIM1_IRQHandler                        0x08000383   Thumb Code     0  startup_stm32h750xx.o(.text)
    LPTIM2_IRQHandler                        0x08000383   Thumb Code     0  startup_stm32h750xx.o(.text)
    LPTIM3_IRQHandler                        0x08000383   Thumb Code     0  startup_stm32h750xx.o(.text)
    LPTIM4_IRQHandler                        0x08000383   Thumb Code     0  startup_stm32h750xx.o(.text)
    LPTIM5_IRQHandler                        0x08000383   Thumb Code     0  startup_stm32h750xx.o(.text)
    LPUART1_IRQHandler                       0x08000383   Thumb Code     0  startup_stm32h750xx.o(.text)
    LTDC_ER_IRQHandler                       0x08000383   Thumb Code     0  startup_stm32h750xx.o(.text)
    LTDC_IRQHandler                          0x08000383   Thumb Code     0  startup_stm32h750xx.o(.text)
    MDIOS_IRQHandler                         0x08000383   Thumb Code     0  startup_stm32h750xx.o(.text)
    MDIOS_WKUP_IRQHandler                    0x08000383   Thumb Code     0  startup_stm32h750xx.o(.text)
    MDMA_IRQHandler                          0x08000383   Thumb Code     0  startup_stm32h750xx.o(.text)
    OTG_FS_EP1_IN_IRQHandler                 0x08000383   Thumb Code     0  startup_stm32h750xx.o(.text)
    OTG_FS_EP1_OUT_IRQHandler                0x08000383   Thumb Code     0  startup_stm32h750xx.o(.text)
    OTG_FS_IRQHandler                        0x08000383   Thumb Code     0  startup_stm32h750xx.o(.text)
    OTG_FS_WKUP_IRQHandler                   0x08000383   Thumb Code     0  startup_stm32h750xx.o(.text)
    OTG_HS_EP1_IN_IRQHandler                 0x08000383   Thumb Code     0  startup_stm32h750xx.o(.text)
    OTG_HS_EP1_OUT_IRQHandler                0x08000383   Thumb Code     0  startup_stm32h750xx.o(.text)
    OTG_HS_IRQHandler                        0x08000383   Thumb Code     0  startup_stm32h750xx.o(.text)
    OTG_HS_WKUP_IRQHandler                   0x08000383   Thumb Code     0  startup_stm32h750xx.o(.text)
    PVD_AVD_IRQHandler                       0x08000383   Thumb Code     0  startup_stm32h750xx.o(.text)
    QUADSPI_IRQHandler                       0x08000383   Thumb Code     0  startup_stm32h750xx.o(.text)
    RCC_IRQHandler                           0x08000383   Thumb Code     0  startup_stm32h750xx.o(.text)
    RTC_Alarm_IRQHandler                     0x08000383   Thumb Code     0  startup_stm32h750xx.o(.text)
    RTC_WKUP_IRQHandler                      0x08000383   Thumb Code     0  startup_stm32h750xx.o(.text)
    SAI1_IRQHandler                          0x08000383   Thumb Code     0  startup_stm32h750xx.o(.text)
    SAI2_IRQHandler                          0x08000383   Thumb Code     0  startup_stm32h750xx.o(.text)
    SAI3_IRQHandler                          0x08000383   Thumb Code     0  startup_stm32h750xx.o(.text)
    SAI4_IRQHandler                          0x08000383   Thumb Code     0  startup_stm32h750xx.o(.text)
    SDMMC1_IRQHandler                        0x08000383   Thumb Code     0  startup_stm32h750xx.o(.text)
    SDMMC2_IRQHandler                        0x08000383   Thumb Code     0  startup_stm32h750xx.o(.text)
    SPDIF_RX_IRQHandler                      0x08000383   Thumb Code     0  startup_stm32h750xx.o(.text)
    SPI1_IRQHandler                          0x08000383   Thumb Code     0  startup_stm32h750xx.o(.text)
    SPI2_IRQHandler                          0x08000383   Thumb Code     0  startup_stm32h750xx.o(.text)
    SPI3_IRQHandler                          0x08000383   Thumb Code     0  startup_stm32h750xx.o(.text)
    SPI4_IRQHandler                          0x08000383   Thumb Code     0  startup_stm32h750xx.o(.text)
    SPI5_IRQHandler                          0x08000383   Thumb Code     0  startup_stm32h750xx.o(.text)
    SPI6_IRQHandler                          0x08000383   Thumb Code     0  startup_stm32h750xx.o(.text)
    SWPMI1_IRQHandler                        0x08000383   Thumb Code     0  startup_stm32h750xx.o(.text)
    TAMP_STAMP_IRQHandler                    0x08000383   Thumb Code     0  startup_stm32h750xx.o(.text)
    TIM15_IRQHandler                         0x08000383   Thumb Code     0  startup_stm32h750xx.o(.text)
    TIM1_BRK_IRQHandler                      0x08000383   Thumb Code     0  startup_stm32h750xx.o(.text)
    TIM1_CC_IRQHandler                       0x08000383   Thumb Code     0  startup_stm32h750xx.o(.text)
    TIM1_TRG_COM_IRQHandler                  0x08000383   Thumb Code     0  startup_stm32h750xx.o(.text)
    TIM1_UP_IRQHandler                       0x08000383   Thumb Code     0  startup_stm32h750xx.o(.text)
    TIM2_IRQHandler                          0x08000383   Thumb Code     0  startup_stm32h750xx.o(.text)
    TIM3_IRQHandler                          0x08000383   Thumb Code     0  startup_stm32h750xx.o(.text)
    TIM4_IRQHandler                          0x08000383   Thumb Code     0  startup_stm32h750xx.o(.text)
    TIM5_IRQHandler                          0x08000383   Thumb Code     0  startup_stm32h750xx.o(.text)
    TIM6_DAC_IRQHandler                      0x08000383   Thumb Code     0  startup_stm32h750xx.o(.text)
    TIM8_BRK_TIM12_IRQHandler                0x08000383   Thumb Code     0  startup_stm32h750xx.o(.text)
    TIM8_TRG_COM_TIM14_IRQHandler            0x08000383   Thumb Code     0  startup_stm32h750xx.o(.text)
    TIM8_UP_TIM13_IRQHandler                 0x08000383   Thumb Code     0  startup_stm32h750xx.o(.text)
    UART4_IRQHandler                         0x08000383   Thumb Code     0  startup_stm32h750xx.o(.text)
    UART5_IRQHandler                         0x08000383   Thumb Code     0  startup_stm32h750xx.o(.text)
    UART7_IRQHandler                         0x08000383   Thumb Code     0  startup_stm32h750xx.o(.text)
    UART8_IRQHandler                         0x08000383   Thumb Code     0  startup_stm32h750xx.o(.text)
    USART3_IRQHandler                        0x08000383   Thumb Code     0  startup_stm32h750xx.o(.text)
    USART6_IRQHandler                        0x08000383   Thumb Code     0  startup_stm32h750xx.o(.text)
    WAKEUP_PIN_IRQHandler                    0x08000383   Thumb Code     0  startup_stm32h750xx.o(.text)
    WWDG_IRQHandler                          0x08000383   Thumb Code     0  startup_stm32h750xx.o(.text)
    __user_initial_stackheap                 0x08000385   Thumb Code     0  startup_stm32h750xx.o(.text)
    __aeabi_uldivmod                         0x080003ad   Thumb Code     0  lludivv7m.o(.text)
    _ll_udiv                                 0x080003ad   Thumb Code   238  lludivv7m.o(.text)
    __2printf                                0x0800049d   Thumb Code    20  noretval__2printf.o(.text)
    _printf_pre_padding                      0x080004b5   Thumb Code    44  _printf_pad.o(.text)
    _printf_post_padding                     0x080004e1   Thumb Code    34  _printf_pad.o(.text)
    _printf_int_dec                          0x08000505   Thumb Code   104  _printf_dec.o(.text)
    _printf_int_hex                          0x0800057d   Thumb Code    84  _printf_hex_int.o(.text)
    _printf_longlong_hex                     0x0800057d   Thumb Code     0  _printf_hex_int.o(.text)
    __printf                                 0x080005d5   Thumb Code   388  __printf_flags_ss_wp.o(.text)
    __aeabi_memclr4                          0x0800075d   Thumb Code     0  rt_memclr_w.o(.text)
    __aeabi_memclr8                          0x0800075d   Thumb Code     0  rt_memclr_w.o(.text)
    __rt_memclr_w                            0x0800075d   Thumb Code    78  rt_memclr_w.o(.text)
    _memset_w                                0x08000761   Thumb Code     0  rt_memclr_w.o(.text)
    __use_two_region_memory                  0x080007ab   Thumb Code     2  heapauxi.o(.text)
    __rt_heap_escrow$2region                 0x080007ad   Thumb Code     2  heapauxi.o(.text)
    __rt_heap_expand$2region                 0x080007af   Thumb Code     2  heapauxi.o(.text)
    _printf_int_common                       0x080007b1   Thumb Code   178  _printf_intcommon.o(.text)
    __lib_sel_fp_printf                      0x08000863   Thumb Code     2  _printf_fp_dec.o(.text)
    _printf_fp_dec_real                      0x08000a15   Thumb Code   620  _printf_fp_dec.o(.text)
    _printf_char_file                        0x08000c81   Thumb Code    32  _printf_char_file.o(.text)
    __rt_locale                              0x08000ca5   Thumb Code     8  rt_locale_intlibspace.o(.text)
    _ll_udiv10                               0x08000cad   Thumb Code   138  lludiv10.o(.text)
    _printf_char_common                      0x08000d43   Thumb Code    32  _printf_char_common.o(.text)
    _printf_fp_infnan                        0x08000d69   Thumb Code   112  _printf_fp_infnan.o(.text)
    _btod_etento                             0x08000de9   Thumb Code   224  bigflt0.o(.text)
    ferror                                   0x08000ecd   Thumb Code     8  ferror.o(.text)
    __user_libspace                          0x08000ed5   Thumb Code     8  libspace.o(.text)
    __user_perproc_libspace                  0x08000ed5   Thumb Code     0  libspace.o(.text)
    __user_perthread_libspace                0x08000ed5   Thumb Code     0  libspace.o(.text)
    __user_setup_stackheap                   0x08000edd   Thumb Code    74  sys_stackheap_outer.o(.text)
    exit                                     0x08000f27   Thumb Code    18  exit.o(.text)
    strcmp                                   0x08000f39   Thumb Code   104  strcmpv7m_pel.o(.text)
    _sys_exit                                0x08000fa1   Thumb Code     8  sys_exit.o(.text)
    __I$use$semihosting                      0x08000fad   Thumb Code     0  use_no_semi.o(.text)
    __use_no_semihosting_swi                 0x08000fad   Thumb Code     2  use_no_semi.o(.text)
    __semihosting_library_function           0x08000faf   Thumb Code     0  indicate_semi.o(.text)
    _btod_d2e                                0x08000faf   Thumb Code    62  btod.o(CL$$btod_d2e)
    _d2e_denorm_low                          0x08000fed   Thumb Code    70  btod.o(CL$$btod_d2e_denorm_low)
    _d2e_norm_op1                            0x08001033   Thumb Code    96  btod.o(CL$$btod_d2e_norm_op1)
    __btod_div_common                        0x08001093   Thumb Code   696  btod.o(CL$$btod_div_common)
    _e2e                                     0x080013cb   Thumb Code   220  btod.o(CL$$btod_e2e)
    _btod_ediv                               0x080014a7   Thumb Code    42  btod.o(CL$$btod_ediv)
    _btod_emul                               0x080014d1   Thumb Code    42  btod.o(CL$$btod_emul)
    __btod_mult_common                       0x080014fb   Thumb Code   580  btod.o(CL$$btod_mult_common)
    BusFault_Handler                         0x0800173f   Thumb Code     2  stm32h7xx_it.o(i.BusFault_Handler)
    CS5552_CS_HIGH                           0x08001741   Thumb Code    26  user.o(i.CS5552_CS_HIGH)
    CS5552_CS_LOW                            0x08001761   Thumb Code    26  user.o(i.CS5552_CS_LOW)
    CS5552_ConvertToVoltage                  0x080018a5   Thumb Code    46  user.o(i.CS5552_ConvertToVoltage)
    CS5552_Delay_Init                        0x080018e1   Thumb Code    16  user.o(i.CS5552_Delay_Init)
    CS5552_Delay_us                          0x080018fd   Thumb Code    42  user.o(i.CS5552_Delay_us)
    CS5552_Init                              0x08001931   Thumb Code   270  user.o(i.CS5552_Init)
    CS5552_Offset_SelfCalibration            0x08001c81   Thumb Code    94  user.o(i.CS5552_Offset_SelfCalibration)
    CS5552_ParseConvData                     0x08001ce1   Thumb Code    64  user.o(i.CS5552_ParseConvData)
    CS5552_ReadReg                           0x08001e2d   Thumb Code   154  user.o(i.CS5552_ReadReg)
    CS5552_Reset_SPI                         0x08001f01   Thumb Code    56  user.o(i.CS5552_Reset_SPI)
    CS5552_SelectChip                        0x08001f39   Thumb Code    12  user.o(i.CS5552_SelectChip)
    CS5552_StartContConv                     0x08001f59   Thumb Code    70  user.o(i.CS5552_StartContConv)
    CS5552_WriteReg                          0x08002035   Thumb Code   190  user.o(i.CS5552_WriteReg)
    DMA1_Stream0_IRQHandler                  0x080020f9   Thumb Code     6  stm32h7xx_it.o(i.DMA1_Stream0_IRQHandler)
    DMA1_Stream1_IRQHandler                  0x08002105   Thumb Code     6  stm32h7xx_it.o(i.DMA1_Stream1_IRQHandler)
    DebugMon_Handler                         0x08002329   Thumb Code     2  stm32h7xx_it.o(i.DebugMon_Handler)
    EXTI4_IRQHandler                         0x0800232b   Thumb Code     6  stm32h7xx_it.o(i.EXTI4_IRQHandler)
    Error_Handler                            0x08002331   Thumb Code     4  main.o(i.Error_Handler)
    ExitRun0Mode                             0x08002335   Thumb Code    22  system_stm32h7xx.o(i.ExitRun0Mode)
    Filter_Init                              0x08002351   Thumb Code    28  filter.o(i.Filter_Init)
    Filter_Update                            0x08002371   Thumb Code    90  filter.o(i.Filter_Update)
    HAL_DMA_Abort                            0x080023cd   Thumb Code   836  stm32h7xx_hal_dma.o(i.HAL_DMA_Abort)
    HAL_DMA_Abort_IT                         0x0800272d   Thumb Code   602  stm32h7xx_hal_dma.o(i.HAL_DMA_Abort_IT)
    HAL_DMA_IRQHandler                       0x080029b1   Thumb Code  1756  stm32h7xx_hal_dma.o(i.HAL_DMA_IRQHandler)
    HAL_DMA_Init                             0x08003099   Thumb Code   926  stm32h7xx_hal_dma.o(i.HAL_DMA_Init)
    HAL_Delay                                0x0800345d   Thumb Code    32  stm32h7xx_hal.o(i.HAL_Delay)
    HAL_GPIO_EXTI_Callback                   0x08003481   Thumb Code     2  stm32h7xx_hal_gpio.o(i.HAL_GPIO_EXTI_Callback)
    HAL_GPIO_EXTI_IRQHandler                 0x08003483   Thumb Code    24  stm32h7xx_hal_gpio.o(i.HAL_GPIO_EXTI_IRQHandler)
    HAL_GPIO_Init                            0x0800349d   Thumb Code   506  stm32h7xx_hal_gpio.o(i.HAL_GPIO_Init)
    HAL_GPIO_ReadPin                         0x080036c9   Thumb Code    10  stm32h7xx_hal_gpio.o(i.HAL_GPIO_ReadPin)
    HAL_GPIO_WritePin                        0x080036d3   Thumb Code    10  stm32h7xx_hal_gpio.o(i.HAL_GPIO_WritePin)
    HAL_GetREVID                             0x080036dd   Thumb Code     8  stm32h7xx_hal.o(i.HAL_GetREVID)
    HAL_GetTick                              0x080036e9   Thumb Code     6  stm32h7xx_hal.o(i.HAL_GetTick)
    HAL_I2CEx_ConfigAnalogFilter             0x080036f5   Thumb Code    88  stm32h7xx_hal_i2c_ex.o(i.HAL_I2CEx_ConfigAnalogFilter)
    HAL_I2CEx_ConfigDigitalFilter            0x0800374d   Thumb Code    84  stm32h7xx_hal_i2c_ex.o(i.HAL_I2CEx_ConfigDigitalFilter)
    HAL_I2C_Init                             0x080037a1   Thumb Code   186  stm32h7xx_hal_i2c.o(i.HAL_I2C_Init)
    HAL_I2C_MspInit                          0x08003861   Thumb Code   126  i2c.o(i.HAL_I2C_MspInit)
    HAL_IncTick                              0x080038ed   Thumb Code    12  stm32h7xx_hal.o(i.HAL_IncTick)
    HAL_Init                                 0x080038fd   Thumb Code    74  stm32h7xx_hal.o(i.HAL_Init)
    HAL_InitTick                             0x08003959   Thumb Code   120  stm32h7xx_hal_timebase_tim.o(i.HAL_InitTick)
    HAL_MPU_Disable                          0x080039e5   Thumb Code    24  stm32h7xx_hal_cortex.o(i.HAL_MPU_Disable)
    HAL_MPU_Enable                           0x08003a01   Thumb Code    30  stm32h7xx_hal_cortex.o(i.HAL_MPU_Enable)
    HAL_MspInit                              0x08003a25   Thumb Code    22  stm32h7xx_hal_msp.o(i.HAL_MspInit)
    HAL_NVIC_EnableIRQ                       0x08003a41   Thumb Code    26  stm32h7xx_hal_cortex.o(i.HAL_NVIC_EnableIRQ)
    HAL_NVIC_SetPriority                     0x08003a5d   Thumb Code    60  stm32h7xx_hal_cortex.o(i.HAL_NVIC_SetPriority)
    HAL_NVIC_SetPriorityGrouping             0x08003a9d   Thumb Code    28  stm32h7xx_hal_cortex.o(i.HAL_NVIC_SetPriorityGrouping)
    HAL_PWREx_ConfigSupply                   0x08003ac1   Thumb Code    78  stm32h7xx_hal_pwr_ex.o(i.HAL_PWREx_ConfigSupply)
    HAL_RCCEx_GetD3PCLK1Freq                 0x08003b15   Thumb Code    26  stm32h7xx_hal_rcc_ex.o(i.HAL_RCCEx_GetD3PCLK1Freq)
    HAL_RCCEx_GetPLL2ClockFreq               0x08003b39   Thumb Code   296  stm32h7xx_hal_rcc_ex.o(i.HAL_RCCEx_GetPLL2ClockFreq)
    HAL_RCCEx_GetPLL3ClockFreq               0x08003c7d   Thumb Code   296  stm32h7xx_hal_rcc_ex.o(i.HAL_RCCEx_GetPLL3ClockFreq)
    HAL_RCCEx_PeriphCLKConfig                0x08003dc1   Thumb Code  2472  stm32h7xx_hal_rcc_ex.o(i.HAL_RCCEx_PeriphCLKConfig)
    HAL_RCC_ClockConfig                      0x0800476d   Thumb Code   580  stm32h7xx_hal_rcc.o(i.HAL_RCC_ClockConfig)
    HAL_RCC_GetClockConfig                   0x080049c9   Thumb Code    84  stm32h7xx_hal_rcc.o(i.HAL_RCC_GetClockConfig)
    HAL_RCC_GetHCLKFreq                      0x08004a25   Thumb Code    52  stm32h7xx_hal_rcc.o(i.HAL_RCC_GetHCLKFreq)
    HAL_RCC_GetPCLK1Freq                     0x08004a69   Thumb Code    26  stm32h7xx_hal_rcc.o(i.HAL_RCC_GetPCLK1Freq)
    HAL_RCC_GetPCLK2Freq                     0x08004a8d   Thumb Code    26  stm32h7xx_hal_rcc.o(i.HAL_RCC_GetPCLK2Freq)
    HAL_RCC_GetSysClockFreq                  0x08004ab1   Thumb Code   278  stm32h7xx_hal_rcc.o(i.HAL_RCC_GetSysClockFreq)
    HAL_RCC_OscConfig                        0x08004be9   Thumb Code  1410  stm32h7xx_hal_rcc.o(i.HAL_RCC_OscConfig)
    HAL_SPI_Init                             0x0800516d   Thumb Code   366  stm32h7xx_hal_spi.o(i.HAL_SPI_Init)
    HAL_SPI_MspInit                          0x080052e9   Thumb Code   294  spi.o(i.HAL_SPI_MspInit)
    HAL_SPI_TransmitReceive                  0x0800542d   Thumb Code   828  stm32h7xx_hal_spi.o(i.HAL_SPI_TransmitReceive)
    HAL_SYSCFG_AnalogSwitchConfig            0x08005775   Thumb Code    12  stm32h7xx_hal.o(i.HAL_SYSCFG_AnalogSwitchConfig)
    HAL_TIMEx_Break2Callback                 0x08005785   Thumb Code     2  stm32h7xx_hal_tim_ex.o(i.HAL_TIMEx_Break2Callback)
    HAL_TIMEx_BreakCallback                  0x08005787   Thumb Code     2  stm32h7xx_hal_tim_ex.o(i.HAL_TIMEx_BreakCallback)
    HAL_TIMEx_CommutCallback                 0x08005789   Thumb Code     2  stm32h7xx_hal_tim_ex.o(i.HAL_TIMEx_CommutCallback)
    HAL_TIMEx_ConfigBreakDeadTime            0x0800578d   Thumb Code   150  stm32h7xx_hal_tim_ex.o(i.HAL_TIMEx_ConfigBreakDeadTime)
    HAL_TIMEx_MasterConfigSynchronization    0x0800582d   Thumb Code   134  stm32h7xx_hal_tim_ex.o(i.HAL_TIMEx_MasterConfigSynchronization)
    HAL_TIM_Base_Init                        0x080058d1   Thumb Code    98  stm32h7xx_hal_tim.o(i.HAL_TIM_Base_Init)
    HAL_TIM_Base_MspInit                     0x08005935   Thumb Code   236  tim.o(i.HAL_TIM_Base_MspInit)
    HAL_TIM_Base_Start_IT                    0x08005a41   Thumb Code   106  stm32h7xx_hal_tim.o(i.HAL_TIM_Base_Start_IT)
    HAL_TIM_ConfigClockSource                0x08005acd   Thumb Code   248  stm32h7xx_hal_tim.o(i.HAL_TIM_ConfigClockSource)
    HAL_TIM_Encoder_Init                     0x08005bc9   Thumb Code   182  stm32h7xx_hal_tim.o(i.HAL_TIM_Encoder_Init)
    HAL_TIM_Encoder_MspInit                  0x08005c85   Thumb Code   212  tim.o(i.HAL_TIM_Encoder_MspInit)
    HAL_TIM_IC_CaptureCallback               0x08005d75   Thumb Code     2  stm32h7xx_hal_tim.o(i.HAL_TIM_IC_CaptureCallback)
    HAL_TIM_IRQHandler                       0x08005d77   Thumb Code   328  stm32h7xx_hal_tim.o(i.HAL_TIM_IRQHandler)
    HAL_TIM_MspPostInit                      0x08005ec1   Thumb Code   156  tim.o(i.HAL_TIM_MspPostInit)
    HAL_TIM_OC_DelayElapsedCallback          0x08005f75   Thumb Code     2  stm32h7xx_hal_tim.o(i.HAL_TIM_OC_DelayElapsedCallback)
    HAL_TIM_PWM_ConfigChannel                0x08005f77   Thumb Code   292  stm32h7xx_hal_tim.o(i.HAL_TIM_PWM_ConfigChannel)
    HAL_TIM_PWM_Init                         0x0800609b   Thumb Code    98  stm32h7xx_hal_tim.o(i.HAL_TIM_PWM_Init)
    HAL_TIM_PWM_MspInit                      0x080060fd   Thumb Code     2  stm32h7xx_hal_tim.o(i.HAL_TIM_PWM_MspInit)
    HAL_TIM_PWM_PulseFinishedCallback        0x080060ff   Thumb Code     2  stm32h7xx_hal_tim.o(i.HAL_TIM_PWM_PulseFinishedCallback)
    HAL_TIM_PeriodElapsedCallback            0x08006101   Thumb Code   142  main.o(i.HAL_TIM_PeriodElapsedCallback)
    HAL_TIM_TriggerCallback                  0x080061a5   Thumb Code     2  stm32h7xx_hal_tim.o(i.HAL_TIM_TriggerCallback)
    HAL_UARTEx_DisableFifoMode               0x080061a7   Thumb Code    64  stm32h7xx_hal_uart_ex.o(i.HAL_UARTEx_DisableFifoMode)
    HAL_UARTEx_RxEventCallback               0x080061e7   Thumb Code     2  stm32h7xx_hal_uart.o(i.HAL_UARTEx_RxEventCallback)
    HAL_UARTEx_RxFifoFullCallback            0x080061e9   Thumb Code     2  stm32h7xx_hal_uart_ex.o(i.HAL_UARTEx_RxFifoFullCallback)
    HAL_UARTEx_SetRxFifoThreshold            0x080061eb   Thumb Code    76  stm32h7xx_hal_uart_ex.o(i.HAL_UARTEx_SetRxFifoThreshold)
    HAL_UARTEx_SetTxFifoThreshold            0x08006237   Thumb Code    76  stm32h7xx_hal_uart_ex.o(i.HAL_UARTEx_SetTxFifoThreshold)
    HAL_UARTEx_TxFifoEmptyCallback           0x08006283   Thumb Code     2  stm32h7xx_hal_uart_ex.o(i.HAL_UARTEx_TxFifoEmptyCallback)
    HAL_UARTEx_WakeupCallback                0x08006285   Thumb Code     2  stm32h7xx_hal_uart_ex.o(i.HAL_UARTEx_WakeupCallback)
    HAL_UART_ErrorCallback                   0x08006287   Thumb Code     2  stm32h7xx_hal_uart.o(i.HAL_UART_ErrorCallback)
    HAL_UART_IRQHandler                      0x08006289   Thumb Code   898  stm32h7xx_hal_uart.o(i.HAL_UART_IRQHandler)
    HAL_UART_Init                            0x08006625   Thumb Code   106  stm32h7xx_hal_uart.o(i.HAL_UART_Init)
    HAL_UART_MspInit                         0x08006691   Thumb Code   330  usart.o(i.HAL_UART_MspInit)
    HAL_UART_Transmit                        0x080067f9   Thumb Code   176  stm32h7xx_hal_uart.o(i.HAL_UART_Transmit)
    HAL_UART_TxCpltCallback                  0x080068a9   Thumb Code     2  stm32h7xx_hal_uart.o(i.HAL_UART_TxCpltCallback)
    HardFault_Handler                        0x080068ab   Thumb Code     2  stm32h7xx_it.o(i.HardFault_Handler)
    MX_DMA_Init                              0x080068ad   Thumb Code    56  dma.o(i.MX_DMA_Init)
    MX_GPIO_Init                             0x080068e9   Thumb Code   526  gpio.o(i.MX_GPIO_Init)
    MX_I2C2_Init                             0x08006b11   Thumb Code    76  i2c.o(i.MX_I2C2_Init)
    MX_SPI1_Init                             0x08006b69   Thumb Code    80  spi.o(i.MX_SPI1_Init)
    MX_SPI2_Init                             0x08006bc1   Thumb Code    84  spi.o(i.MX_SPI2_Init)
    MX_SPI3_Init                             0x08006c1d   Thumb Code    82  spi.o(i.MX_SPI3_Init)
    MX_TIM13_Init                            0x08006c79   Thumb Code    46  tim.o(i.MX_TIM13_Init)
    MX_TIM14_Init                            0x08006cb1   Thumb Code    42  tim.o(i.MX_TIM14_Init)
    MX_TIM15_Init                            0x08006ce5   Thumb Code   198  tim.o(i.MX_TIM15_Init)
    MX_TIM16_Init                            0x08006db5   Thumb Code    46  tim.o(i.MX_TIM16_Init)
    MX_TIM17_Init                            0x08006ded   Thumb Code    46  tim.o(i.MX_TIM17_Init)
    MX_TIM1_Init                             0x08006e25   Thumb Code   102  tim.o(i.MX_TIM1_Init)
    MX_TIM2_Init                             0x08006e95   Thumb Code   146  tim.o(i.MX_TIM2_Init)
    MX_TIM4_Init                             0x08006f2d   Thumb Code    98  tim.o(i.MX_TIM4_Init)
    MX_TIM5_Init                             0x08006f99   Thumb Code    94  tim.o(i.MX_TIM5_Init)
    MX_TIM6_Init                             0x08007001   Thumb Code    64  tim.o(i.MX_TIM6_Init)
    MX_TIM8_Init                             0x08007049   Thumb Code   208  tim.o(i.MX_TIM8_Init)
    MX_USART1_UART_Init                      0x08007121   Thumb Code    94  usart.o(i.MX_USART1_UART_Init)
    MX_USART2_UART_Init                      0x08007189   Thumb Code    94  usart.o(i.MX_USART2_UART_Init)
    MemManage_Handler                        0x080071f1   Thumb Code     2  stm32h7xx_it.o(i.MemManage_Handler)
    NMI_Handler                              0x080071f3   Thumb Code     2  stm32h7xx_it.o(i.NMI_Handler)
    PendSV_Handler                           0x080071f5   Thumb Code     2  stm32h7xx_it.o(i.PendSV_Handler)
    SPI_SendByte                             0x080074f5   Thumb Code    24  user.o(i.SPI_SendByte)
    SVC_Handler                              0x0800756f   Thumb Code     2  stm32h7xx_it.o(i.SVC_Handler)
    SysTick_Handler                          0x08007571   Thumb Code     2  stm32h7xx_it.o(i.SysTick_Handler)
    SystemClock_Config                       0x08007575   Thumb Code   158  main.o(i.SystemClock_Config)
    SystemInit                               0x0800761d   Thumb Code   206  system_stm32h7xx.o(i.SystemInit)
    TIM16_IRQHandler                         0x08007715   Thumb Code     6  stm32h7xx_it.o(i.TIM16_IRQHandler)
    TIM17_IRQHandler                         0x08007721   Thumb Code     6  stm32h7xx_it.o(i.TIM17_IRQHandler)
    TIM7_IRQHandler                          0x0800772d   Thumb Code     6  stm32h7xx_it.o(i.TIM7_IRQHandler)
    TIM8_CC_IRQHandler                       0x08007739   Thumb Code     6  stm32h7xx_it.o(i.TIM8_CC_IRQHandler)
    TIM_Base_SetConfig                       0x08007745   Thumb Code   170  stm32h7xx_hal_tim.o(i.TIM_Base_SetConfig)
    TIM_ETR_SetConfig                        0x08007811   Thumb Code    18  stm32h7xx_hal_tim.o(i.TIM_ETR_SetConfig)
    TIM_OC2_SetConfig                        0x080078dd   Thumb Code   126  stm32h7xx_hal_tim.o(i.TIM_OC2_SetConfig)
    UART_AdvFeatureConfig                    0x08007bf9   Thumb Code   200  stm32h7xx_hal_uart.o(i.UART_AdvFeatureConfig)
    UART_CheckIdleState                      0x08007cc1   Thumb Code   170  stm32h7xx_hal_uart.o(i.UART_CheckIdleState)
    UART_SetConfig                           0x08007dd1   Thumb Code   876  stm32h7xx_hal_uart.o(i.UART_SetConfig)
    UART_WaitOnFlagUntilTimeout              0x0800817d   Thumb Code   148  stm32h7xx_hal_uart.o(i.UART_WaitOnFlagUntilTimeout)
    USART1_IRQHandler                        0x08008211   Thumb Code     6  stm32h7xx_it.o(i.USART1_IRQHandler)
    USART2_IRQHandler                        0x0800821d   Thumb Code     6  stm32h7xx_it.o(i.USART2_IRQHandler)
    UsageFault_Handler                       0x08008229   Thumb Code     2  stm32h7xx_it.o(i.UsageFault_Handler)
    __ARM_fpclassify                         0x0800822b   Thumb Code    48  fpclassify.o(i.__ARM_fpclassify)
    _is_digit                                0x0800827d   Thumb Code    14  __printf_wp.o(i._is_digit)
    fputc                                    0x0800828d   Thumb Code    18  main.o(i.fputc)
    main                                     0x080082a5   Thumb Code   300  main.o(i.main)
    _get_lc_numeric                          0x0800848d   Thumb Code    44  lc_numeric_c.o(locale$$code)
    _fp_init                                 0x080084b9   Thumb Code    10  fpinit.o(x$fpl$fpinit)
    __fplib_config_fpu_vfp                   0x080084c1   Thumb Code     0  fpinit.o(x$fpl$fpinit)
    __fplib_config_pureend_doubles           0x080084c1   Thumb Code     0  fpinit.o(x$fpl$fpinit)
    _printf_fp_dec                           0x080084c3   Thumb Code     4  printf1.o(x$fpl$printf1)
    __I$use$fp                               0x080084c6   Number         0  usenofp.o(x$fpl$usenofp)
    UARTPrescTable                           0x080084ce   Data          24  stm32h7xx_hal_uart.o(.constdata)
    D1CorePrescTable                         0x080084f6   Data          16  system_stm32h7xx.o(.constdata)
    Region$$Table$$Base                      0x080085d4   Number         0  anon$$obj.o(Region$$Table)
    Region$$Table$$Limit                     0x080085f4   Number         0  anon$$obj.o(Region$$Table)
    cs5552_ready                             0x24000031   Data           1  main.o(.data)
    ch0_valid_sample_count                   0x24000038   Data           4  main.o(.data)
    ch0_valid_sample_tick                    0x2400003c   Data           4  main.o(.data)
    ch0_invalid_sample_count                 0x24000040   Data           4  main.o(.data)
    __stdout                                 0x24000048   Data           4  main.o(.data)
    uwTickFreq                               0x2400004c   Data           1  stm32h7xx_hal.o(.data)
    uwTickPrio                               0x24000050   Data           4  stm32h7xx_hal.o(.data)
    uwTick                                   0x24000054   Data           4  stm32h7xx_hal.o(.data)
    SystemCoreClock                          0x24000058   Data           4  system_stm32h7xx.o(.data)
    SystemD2Clock                            0x2400005c   Data           4  system_stm32h7xx.o(.data)
    hi2c2                                    0x240000c8   Data          84  i2c.o(.bss)
    hspi1                                    0x2400011c   Data         136  spi.o(.bss)
    hspi2                                    0x240001a4   Data         136  spi.o(.bss)
    hspi3                                    0x2400022c   Data         136  spi.o(.bss)
    htim1                                    0x240002b4   Data          76  tim.o(.bss)
    htim2                                    0x24000300   Data          76  tim.o(.bss)
    htim4                                    0x2400034c   Data          76  tim.o(.bss)
    htim5                                    0x24000398   Data          76  tim.o(.bss)
    htim6                                    0x240003e4   Data          76  tim.o(.bss)
    htim8                                    0x24000430   Data          76  tim.o(.bss)
    htim13                                   0x2400047c   Data          76  tim.o(.bss)
    htim14                                   0x240004c8   Data          76  tim.o(.bss)
    htim15                                   0x24000514   Data          76  tim.o(.bss)
    htim16                                   0x24000560   Data          76  tim.o(.bss)
    htim17                                   0x240005ac   Data          76  tim.o(.bss)
    huart1                                   0x240005f8   Data         148  usart.o(.bss)
    huart2                                   0x2400068c   Data         148  usart.o(.bss)
    hdma_usart1_rx                           0x24000720   Data         120  usart.o(.bss)
    hdma_usart1_tx                           0x24000798   Data         120  usart.o(.bss)
    htim7                                    0x24000810   Data          76  stm32h7xx_hal_timebase_tim.o(.bss)
    __libspace_start                         0x2400085c   Data          96  libspace.o(.bss)
    __temporary_stack_top$libspace           0x240008bc   Data           0  libspace.o(.bss)



==============================================================================

Memory Map of the image

  Image Entry point : 0x08000299

  Load Region LR_IROM1 (Base: 0x08000000, Size: 0x00008670, Max: 0x00020000, ABSOLUTE)

    Execution Region ER_IROM1 (Exec base: 0x08000000, Load base: 0x08000000, Size: 0x00008610, Max: 0x00020000, ABSOLUTE)

    Exec Addr    Load Addr    Size         Type   Attr      Idx    E Section Name        Object

    0x08000000   0x08000000   0x00000298   Data   RO            3    RESET               startup_stm32h750xx.o
    0x08000298   0x08000298   0x00000008   Code   RO         5336  * !!!main             c_w.l(__main.o)
    0x080002a0   0x080002a0   0x00000034   Code   RO         5566    !!!scatter          c_w.l(__scatter.o)
    0x080002d4   0x080002d4   0x0000001a   Code   RO         5568    !!handler_copy      c_w.l(__scatter_copy.o)
    0x080002ee   0x080002ee   0x00000002   PAD
    0x080002f0   0x080002f0   0x0000001c   Code   RO         5570    !!handler_zi        c_w.l(__scatter_zi.o)
    0x0800030c   0x0800030c   0x00000000   Code   RO         5331    .ARM.Collect$$_printf_percent$$00000000  c_w.l(_printf_percent.o)
    0x0800030c   0x0800030c   0x00000006   Code   RO         5330    .ARM.Collect$$_printf_percent$$00000003  c_w.l(_printf_f.o)
    0x08000312   0x08000312   0x00000006   Code   RO         5328    .ARM.Collect$$_printf_percent$$00000009  c_w.l(_printf_d.o)
    0x08000318   0x08000318   0x00000006   Code   RO         5329    .ARM.Collect$$_printf_percent$$0000000A  c_w.l(_printf_u.o)
    0x0800031e   0x0800031e   0x00000006   Code   RO         5327    .ARM.Collect$$_printf_percent$$0000000C  c_w.l(_printf_x.o)
    0x08000324   0x08000324   0x00000004   Code   RO         5351    .ARM.Collect$$_printf_percent$$00000017  c_w.l(_printf_percent_end.o)
    0x08000328   0x08000328   0x00000002   Code   RO         5437    .ARM.Collect$$libinit$$00000000  c_w.l(libinit.o)
    0x0800032a   0x0800032a   0x00000004   Code   RO         5438    .ARM.Collect$$libinit$$00000001  c_w.l(libinit2.o)
    0x0800032e   0x0800032e   0x00000000   Code   RO         5441    .ARM.Collect$$libinit$$00000004  c_w.l(libinit2.o)
    0x0800032e   0x0800032e   0x00000000   Code   RO         5444    .ARM.Collect$$libinit$$0000000A  c_w.l(libinit2.o)
    0x0800032e   0x0800032e   0x00000000   Code   RO         5446    .ARM.Collect$$libinit$$0000000C  c_w.l(libinit2.o)
    0x0800032e   0x0800032e   0x00000000   Code   RO         5448    .ARM.Collect$$libinit$$0000000E  c_w.l(libinit2.o)
    0x0800032e   0x0800032e   0x00000006   Code   RO         5449    .ARM.Collect$$libinit$$0000000F  c_w.l(libinit2.o)
    0x08000334   0x08000334   0x00000000   Code   RO         5451    .ARM.Collect$$libinit$$00000011  c_w.l(libinit2.o)
    0x08000334   0x08000334   0x00000000   Code   RO         5453    .ARM.Collect$$libinit$$00000013  c_w.l(libinit2.o)
    0x08000334   0x08000334   0x00000000   Code   RO         5455    .ARM.Collect$$libinit$$00000015  c_w.l(libinit2.o)
    0x08000334   0x08000334   0x0000000a   Code   RO         5456    .ARM.Collect$$libinit$$00000016  c_w.l(libinit2.o)
    0x0800033e   0x0800033e   0x00000000   Code   RO         5457    .ARM.Collect$$libinit$$00000017  c_w.l(libinit2.o)
    0x0800033e   0x0800033e   0x00000000   Code   RO         5459    .ARM.Collect$$libinit$$00000019  c_w.l(libinit2.o)
    0x0800033e   0x0800033e   0x00000000   Code   RO         5461    .ARM.Collect$$libinit$$0000001B  c_w.l(libinit2.o)
    0x0800033e   0x0800033e   0x00000000   Code   RO         5463    .ARM.Collect$$libinit$$0000001D  c_w.l(libinit2.o)
    0x0800033e   0x0800033e   0x00000000   Code   RO         5465    .ARM.Collect$$libinit$$0000001F  c_w.l(libinit2.o)
    0x0800033e   0x0800033e   0x00000000   Code   RO         5467    .ARM.Collect$$libinit$$00000021  c_w.l(libinit2.o)
    0x0800033e   0x0800033e   0x00000000   Code   RO         5469    .ARM.Collect$$libinit$$00000023  c_w.l(libinit2.o)
    0x0800033e   0x0800033e   0x00000000   Code   RO         5471    .ARM.Collect$$libinit$$00000025  c_w.l(libinit2.o)
    0x0800033e   0x0800033e   0x00000000   Code   RO         5475    .ARM.Collect$$libinit$$0000002C  c_w.l(libinit2.o)
    0x0800033e   0x0800033e   0x00000000   Code   RO         5477    .ARM.Collect$$libinit$$0000002E  c_w.l(libinit2.o)
    0x0800033e   0x0800033e   0x00000000   Code   RO         5479    .ARM.Collect$$libinit$$00000030  c_w.l(libinit2.o)
    0x0800033e   0x0800033e   0x00000000   Code   RO         5481    .ARM.Collect$$libinit$$00000032  c_w.l(libinit2.o)
    0x0800033e   0x0800033e   0x00000002   Code   RO         5482    .ARM.Collect$$libinit$$00000033  c_w.l(libinit2.o)
    0x08000340   0x08000340   0x00000002   Code   RO         5529    .ARM.Collect$$libshutdown$$00000000  c_w.l(libshutdown.o)
    0x08000342   0x08000342   0x00000000   Code   RO         5547    .ARM.Collect$$libshutdown$$00000002  c_w.l(libshutdown2.o)
    0x08000342   0x08000342   0x00000000   Code   RO         5549    .ARM.Collect$$libshutdown$$00000004  c_w.l(libshutdown2.o)
    0x08000342   0x08000342   0x00000000   Code   RO         5551    .ARM.Collect$$libshutdown$$00000006  c_w.l(libshutdown2.o)
    0x08000342   0x08000342   0x00000000   Code   RO         5554    .ARM.Collect$$libshutdown$$00000009  c_w.l(libshutdown2.o)
    0x08000342   0x08000342   0x00000000   Code   RO         5557    .ARM.Collect$$libshutdown$$0000000C  c_w.l(libshutdown2.o)
    0x08000342   0x08000342   0x00000000   Code   RO         5559    .ARM.Collect$$libshutdown$$0000000E  c_w.l(libshutdown2.o)
    0x08000342   0x08000342   0x00000000   Code   RO         5562    .ARM.Collect$$libshutdown$$00000011  c_w.l(libshutdown2.o)
    0x08000342   0x08000342   0x00000002   Code   RO         5563    .ARM.Collect$$libshutdown$$00000012  c_w.l(libshutdown2.o)
    0x08000344   0x08000344   0x00000000   Code   RO         5340    .ARM.Collect$$rtentry$$00000000  c_w.l(__rtentry.o)
    0x08000344   0x08000344   0x00000000   Code   RO         5353    .ARM.Collect$$rtentry$$00000002  c_w.l(__rtentry2.o)
    0x08000344   0x08000344   0x00000006   Code   RO         5365    .ARM.Collect$$rtentry$$00000004  c_w.l(__rtentry4.o)
    0x0800034a   0x0800034a   0x00000000   Code   RO         5355    .ARM.Collect$$rtentry$$00000009  c_w.l(__rtentry2.o)
    0x0800034a   0x0800034a   0x00000004   Code   RO         5356    .ARM.Collect$$rtentry$$0000000A  c_w.l(__rtentry2.o)
    0x0800034e   0x0800034e   0x00000000   Code   RO         5358    .ARM.Collect$$rtentry$$0000000C  c_w.l(__rtentry2.o)
    0x0800034e   0x0800034e   0x00000008   Code   RO         5359    .ARM.Collect$$rtentry$$0000000D  c_w.l(__rtentry2.o)
    0x08000356   0x08000356   0x00000002   Code   RO         5483    .ARM.Collect$$rtexit$$00000000  c_w.l(rtexit.o)
    0x08000358   0x08000358   0x00000000   Code   RO         5498    .ARM.Collect$$rtexit$$00000002  c_w.l(rtexit2.o)
    0x08000358   0x08000358   0x00000004   Code   RO         5499    .ARM.Collect$$rtexit$$00000003  c_w.l(rtexit2.o)
    0x0800035c   0x0800035c   0x00000006   Code   RO         5500    .ARM.Collect$$rtexit$$00000004  c_w.l(rtexit2.o)
    0x08000362   0x08000362   0x00000002   PAD
    0x08000364   0x08000364   0x00000048   Code   RO            4    .text               startup_stm32h750xx.o
    0x080003ac   0x080003ac   0x000000ee   Code   RO         5274    .text               c_w.l(lludivv7m.o)
    0x0800049a   0x0800049a   0x00000002   PAD
    0x0800049c   0x0800049c   0x00000018   Code   RO         5278    .text               c_w.l(noretval__2printf.o)
    0x080004b4   0x080004b4   0x0000004e   Code   RO         5282    .text               c_w.l(_printf_pad.o)
    0x08000502   0x08000502   0x00000002   PAD
    0x08000504   0x08000504   0x00000078   Code   RO         5284    .text               c_w.l(_printf_dec.o)
    0x0800057c   0x0800057c   0x00000058   Code   RO         5289    .text               c_w.l(_printf_hex_int.o)
    0x080005d4   0x080005d4   0x00000188   Code   RO         5324    .text               c_w.l(__printf_flags_ss_wp.o)
    0x0800075c   0x0800075c   0x0000004e   Code   RO         5332    .text               c_w.l(rt_memclr_w.o)
    0x080007aa   0x080007aa   0x00000006   Code   RO         5334    .text               c_w.l(heapauxi.o)
    0x080007b0   0x080007b0   0x000000b2   Code   RO         5345    .text               c_w.l(_printf_intcommon.o)
    0x08000862   0x08000862   0x0000041e   Code   RO         5347    .text               c_w.l(_printf_fp_dec.o)
    0x08000c80   0x08000c80   0x00000024   Code   RO         5349    .text               c_w.l(_printf_char_file.o)
    0x08000ca4   0x08000ca4   0x00000008   Code   RO         5372    .text               c_w.l(rt_locale_intlibspace.o)
    0x08000cac   0x08000cac   0x0000008a   Code   RO         5374    .text               c_w.l(lludiv10.o)
    0x08000d36   0x08000d36   0x00000002   PAD
    0x08000d38   0x08000d38   0x00000030   Code   RO         5376    .text               c_w.l(_printf_char_common.o)
    0x08000d68   0x08000d68   0x00000080   Code   RO         5378    .text               c_w.l(_printf_fp_infnan.o)
    0x08000de8   0x08000de8   0x000000e4   Code   RO         5380    .text               c_w.l(bigflt0.o)
    0x08000ecc   0x08000ecc   0x00000008   Code   RO         5405    .text               c_w.l(ferror.o)
    0x08000ed4   0x08000ed4   0x00000008   Code   RO         5417    .text               c_w.l(libspace.o)
    0x08000edc   0x08000edc   0x0000004a   Code   RO         5420    .text               c_w.l(sys_stackheap_outer.o)
    0x08000f26   0x08000f26   0x00000012   Code   RO         5424    .text               c_w.l(exit.o)
    0x08000f38   0x08000f38   0x00000068   Code   RO         5430    .text               c_w.l(strcmpv7m_pel.o)
    0x08000fa0   0x08000fa0   0x0000000c   Code   RO         5495    .text               c_w.l(sys_exit.o)
    0x08000fac   0x08000fac   0x00000002   Code   RO         5516    .text               c_w.l(use_no_semi.o)
    0x08000fae   0x08000fae   0x00000000   Code   RO         5518    .text               c_w.l(indicate_semi.o)
    0x08000fae   0x08000fae   0x0000003e   Code   RO         5383    CL$$btod_d2e        c_w.l(btod.o)
    0x08000fec   0x08000fec   0x00000046   Code   RO         5385    CL$$btod_d2e_denorm_low  c_w.l(btod.o)
    0x08001032   0x08001032   0x00000060   Code   RO         5384    CL$$btod_d2e_norm_op1  c_w.l(btod.o)
    0x08001092   0x08001092   0x00000338   Code   RO         5393    CL$$btod_div_common  c_w.l(btod.o)
    0x080013ca   0x080013ca   0x000000dc   Code   RO         5390    CL$$btod_e2e        c_w.l(btod.o)
    0x080014a6   0x080014a6   0x0000002a   Code   RO         5387    CL$$btod_ediv       c_w.l(btod.o)
    0x080014d0   0x080014d0   0x0000002a   Code   RO         5386    CL$$btod_emul       c_w.l(btod.o)
    0x080014fa   0x080014fa   0x00000244   Code   RO         5392    CL$$btod_mult_common  c_w.l(btod.o)
    0x0800173e   0x0800173e   0x00000002   Code   RO          775    i.BusFault_Handler  stm32h7xx_it.o
    0x08001740   0x08001740   0x00000020   Code   RO           13    i.CS5552_CS_HIGH    user.o
    0x08001760   0x08001760   0x00000020   Code   RO           14    i.CS5552_CS_LOW     user.o
    0x08001780   0x08001780   0x00000014   Code   RO           15    i.CS5552_CalcDataChecksum  user.o
    0x08001794   0x08001794   0x00000028   Code   RO           16    i.CS5552_CalcParity  user.o
    0x080017bc   0x080017bc   0x00000010   Code   RO           17    i.CS5552_ChecksumEnabled  user.o
    0x080017cc   0x080017cc   0x000000d8   Code   RO           18    i.CS5552_ConfigChannel  user.o
    0x080018a4   0x080018a4   0x0000003c   Code   RO           19    i.CS5552_ConvertToVoltage  user.o
    0x080018e0   0x080018e0   0x0000001c   Code   RO           20    i.CS5552_Delay_Init  user.o
    0x080018fc   0x080018fc   0x00000034   Code   RO           22    i.CS5552_Delay_us   user.o
    0x08001930   0x08001930   0x00000350   Code   RO           23    i.CS5552_Init       user.o
    0x08001c80   0x08001c80   0x0000005e   Code   RO           24    i.CS5552_Offset_SelfCalibration  user.o
    0x08001cde   0x08001cde   0x00000002   PAD
    0x08001ce0   0x08001ce0   0x000000a8   Code   RO           25    i.CS5552_ParseConvData  user.o
    0x08001d88   0x08001d88   0x000000a4   Code   RO           28    i.CS5552_ReadConversionFrame  user.o
    0x08001e2c   0x08001e2c   0x000000a4   Code   RO           29    i.CS5552_ReadReg    user.o
    0x08001ed0   0x08001ed0   0x00000018   Code   RO           30    i.CS5552_RecordDataError  user.o
    0x08001ee8   0x08001ee8   0x00000018   Code   RO           31    i.CS5552_RecordSpiError  user.o
    0x08001f00   0x08001f00   0x00000038   Code   RO           32    i.CS5552_Reset_SPI  user.o
    0x08001f38   0x08001f38   0x00000010   Code   RO           33    i.CS5552_SelectChip  user.o
    0x08001f48   0x08001f48   0x00000010   Code   RO           34    i.CS5552_SetChecksumEnabled  user.o
    0x08001f58   0x08001f58   0x00000064   Code   RO           36    i.CS5552_StartContConv  user.o
    0x08001fbc   0x08001fbc   0x00000012   Code   RO           38    i.CS5552_UnpackU32  user.o
    0x08001fce   0x08001fce   0x00000002   PAD
    0x08001fd0   0x08001fd0   0x0000002c   Code   RO           39    i.CS5552_VerifyDataChecksum  user.o
    0x08001ffc   0x08001ffc   0x00000038   Code   RO           40    i.CS5552_WaitSDO_Low  user.o
    0x08002034   0x08002034   0x000000c4   Code   RO           41    i.CS5552_WriteReg   user.o
    0x080020f8   0x080020f8   0x0000000c   Code   RO          776    i.DMA1_Stream0_IRQHandler  stm32h7xx_it.o
    0x08002104   0x08002104   0x0000000c   Code   RO          777    i.DMA1_Stream1_IRQHandler  stm32h7xx_it.o
    0x08002110   0x08002110   0x000000b4   Code   RO         2748    i.DMA_CalcBaseAndBitshift  stm32h7xx_hal_dma.o
    0x080021c4   0x080021c4   0x0000009c   Code   RO         2749    i.DMA_CalcDMAMUXChannelBaseAndMask  stm32h7xx_hal_dma.o
    0x08002260   0x08002260   0x00000074   Code   RO         2750    i.DMA_CalcDMAMUXRequestGenBaseAndMask  stm32h7xx_hal_dma.o
    0x080022d4   0x080022d4   0x00000054   Code   RO         2751    i.DMA_CheckFifoParam  stm32h7xx_hal_dma.o
    0x08002328   0x08002328   0x00000002   Code   RO          778    i.DebugMon_Handler  stm32h7xx_it.o
    0x0800232a   0x0800232a   0x00000006   Code   RO          779    i.EXTI4_IRQHandler  stm32h7xx_it.o
    0x08002330   0x08002330   0x00000004   Code   RO          402    i.Error_Handler     main.o
    0x08002334   0x08002334   0x0000001c   Code   RO         5232    i.ExitRun0Mode      system_stm32h7xx.o
    0x08002350   0x08002350   0x00000020   Code   RO          375    i.Filter_Init       filter.o
    0x08002370   0x08002370   0x0000005a   Code   RO          376    i.Filter_Update     filter.o
    0x080023ca   0x080023ca   0x00000002   PAD
    0x080023cc   0x080023cc   0x00000360   Code   RO         2753    i.HAL_DMA_Abort     stm32h7xx_hal_dma.o
    0x0800272c   0x0800272c   0x00000284   Code   RO         2754    i.HAL_DMA_Abort_IT  stm32h7xx_hal_dma.o
    0x080029b0   0x080029b0   0x000006e8   Code   RO         2758    i.HAL_DMA_IRQHandler  stm32h7xx_hal_dma.o
    0x08003098   0x08003098   0x000003c4   Code   RO         2759    i.HAL_DMA_Init      stm32h7xx_hal_dma.o
    0x0800345c   0x0800345c   0x00000024   Code   RO         3462    i.HAL_Delay         stm32h7xx_hal.o
    0x08003480   0x08003480   0x00000002   Code   RO         2599    i.HAL_GPIO_EXTI_Callback  stm32h7xx_hal_gpio.o
    0x08003482   0x08003482   0x00000018   Code   RO         2600    i.HAL_GPIO_EXTI_IRQHandler  stm32h7xx_hal_gpio.o
    0x0800349a   0x0800349a   0x00000002   PAD
    0x0800349c   0x0800349c   0x0000022c   Code   RO         2601    i.HAL_GPIO_Init     stm32h7xx_hal_gpio.o
    0x080036c8   0x080036c8   0x0000000a   Code   RO         2603    i.HAL_GPIO_ReadPin  stm32h7xx_hal_gpio.o
    0x080036d2   0x080036d2   0x0000000a   Code   RO         2605    i.HAL_GPIO_WritePin  stm32h7xx_hal_gpio.o
    0x080036dc   0x080036dc   0x0000000c   Code   RO         3473    i.HAL_GetREVID      stm32h7xx_hal.o
    0x080036e8   0x080036e8   0x0000000c   Code   RO         3474    i.HAL_GetTick       stm32h7xx_hal.o
    0x080036f4   0x080036f4   0x00000058   Code   RO         4239    i.HAL_I2CEx_ConfigAnalogFilter  stm32h7xx_hal_i2c_ex.o
    0x0800374c   0x0800374c   0x00000054   Code   RO         4240    i.HAL_I2CEx_ConfigDigitalFilter  stm32h7xx_hal_i2c_ex.o
    0x080037a0   0x080037a0   0x000000c0   Code   RO         3778    i.HAL_I2C_Init      stm32h7xx_hal_i2c.o
    0x08003860   0x08003860   0x0000008c   Code   RO          512    i.HAL_I2C_MspInit   i2c.o
    0x080038ec   0x080038ec   0x00000010   Code   RO         3480    i.HAL_IncTick       stm32h7xx_hal.o
    0x080038fc   0x080038fc   0x0000005c   Code   RO         3481    i.HAL_Init          stm32h7xx_hal.o
    0x08003958   0x08003958   0x0000008c   Code   RO          929    i.HAL_InitTick      stm32h7xx_hal_timebase_tim.o
    0x080039e4   0x080039e4   0x0000001c   Code   RO         1977    i.HAL_MPU_Disable   stm32h7xx_hal_cortex.o
    0x08003a00   0x08003a00   0x00000024   Code   RO         1979    i.HAL_MPU_Enable    stm32h7xx_hal_cortex.o
    0x08003a24   0x08003a24   0x0000001c   Code   RO          905    i.HAL_MspInit       stm32h7xx_hal_msp.o
    0x08003a40   0x08003a40   0x0000001a   Code   RO         1983    i.HAL_NVIC_EnableIRQ  stm32h7xx_hal_cortex.o
    0x08003a5a   0x08003a5a   0x00000002   PAD
    0x08003a5c   0x08003a5c   0x00000040   Code   RO         1989    i.HAL_NVIC_SetPriority  stm32h7xx_hal_cortex.o
    0x08003a9c   0x08003a9c   0x00000024   Code   RO         1990    i.HAL_NVIC_SetPriorityGrouping  stm32h7xx_hal_cortex.o
    0x08003ac0   0x08003ac0   0x00000054   Code   RO         3202    i.HAL_PWREx_ConfigSupply  stm32h7xx_hal_pwr_ex.o
    0x08003b14   0x08003b14   0x00000024   Code   RO         2244    i.HAL_RCCEx_GetD3PCLK1Freq  stm32h7xx_hal_rcc_ex.o
    0x08003b38   0x08003b38   0x00000144   Code   RO         2246    i.HAL_RCCEx_GetPLL2ClockFreq  stm32h7xx_hal_rcc_ex.o
    0x08003c7c   0x08003c7c   0x00000144   Code   RO         2247    i.HAL_RCCEx_GetPLL3ClockFreq  stm32h7xx_hal_rcc_ex.o
    0x08003dc0   0x08003dc0   0x000009ac   Code   RO         2253    i.HAL_RCCEx_PeriphCLKConfig  stm32h7xx_hal_rcc_ex.o
    0x0800476c   0x0800476c   0x0000025c   Code   RO         2129    i.HAL_RCC_ClockConfig  stm32h7xx_hal_rcc.o
    0x080049c8   0x080049c8   0x0000005c   Code   RO         2133    i.HAL_RCC_GetClockConfig  stm32h7xx_hal_rcc.o
    0x08004a24   0x08004a24   0x00000044   Code   RO         2134    i.HAL_RCC_GetHCLKFreq  stm32h7xx_hal_rcc.o
    0x08004a68   0x08004a68   0x00000024   Code   RO         2136    i.HAL_RCC_GetPCLK1Freq  stm32h7xx_hal_rcc.o
    0x08004a8c   0x08004a8c   0x00000024   Code   RO         2137    i.HAL_RCC_GetPCLK2Freq  stm32h7xx_hal_rcc.o
    0x08004ab0   0x08004ab0   0x00000138   Code   RO         2138    i.HAL_RCC_GetSysClockFreq  stm32h7xx_hal_rcc.o
    0x08004be8   0x08004be8   0x00000582   Code   RO         2141    i.HAL_RCC_OscConfig  stm32h7xx_hal_rcc.o
    0x0800516a   0x0800516a   0x00000002   PAD
    0x0800516c   0x0800516c   0x0000017c   Code   RO         4376    i.HAL_SPI_Init      stm32h7xx_hal_spi.o
    0x080052e8   0x080052e8   0x00000144   Code   RO          554    i.HAL_SPI_MspInit   spi.o
    0x0800542c   0x0800542c   0x00000348   Code   RO         4386    i.HAL_SPI_TransmitReceive  stm32h7xx_hal_spi.o
    0x08005774   0x08005774   0x00000010   Code   RO         3486    i.HAL_SYSCFG_AnalogSwitchConfig  stm32h7xx_hal.o
    0x08005784   0x08005784   0x00000002   Code   RO         1684    i.HAL_TIMEx_Break2Callback  stm32h7xx_hal_tim_ex.o
    0x08005786   0x08005786   0x00000002   Code   RO         1685    i.HAL_TIMEx_BreakCallback  stm32h7xx_hal_tim_ex.o
    0x08005788   0x08005788   0x00000002   Code   RO         1686    i.HAL_TIMEx_CommutCallback  stm32h7xx_hal_tim_ex.o
    0x0800578a   0x0800578a   0x00000002   PAD
    0x0800578c   0x0800578c   0x000000a0   Code   RO         1688    i.HAL_TIMEx_ConfigBreakDeadTime  stm32h7xx_hal_tim_ex.o
    0x0800582c   0x0800582c   0x000000a4   Code   RO         1706    i.HAL_TIMEx_MasterConfigSynchronization  stm32h7xx_hal_tim_ex.o
    0x080058d0   0x080058d0   0x00000062   Code   RO          970    i.HAL_TIM_Base_Init  stm32h7xx_hal_tim.o
    0x08005932   0x08005932   0x00000002   PAD
    0x08005934   0x08005934   0x0000010c   Code   RO          608    i.HAL_TIM_Base_MspInit  tim.o
    0x08005a40   0x08005a40   0x0000008c   Code   RO          975    i.HAL_TIM_Base_Start_IT  stm32h7xx_hal_tim.o
    0x08005acc   0x08005acc   0x000000fc   Code   RO          979    i.HAL_TIM_ConfigClockSource  stm32h7xx_hal_tim.o
    0x08005bc8   0x08005bc8   0x000000bc   Code   RO          991    i.HAL_TIM_Encoder_Init  stm32h7xx_hal_tim.o
    0x08005c84   0x08005c84   0x000000f0   Code   RO          610    i.HAL_TIM_Encoder_MspInit  tim.o
    0x08005d74   0x08005d74   0x00000002   Code   RO         1004    i.HAL_TIM_IC_CaptureCallback  stm32h7xx_hal_tim.o
    0x08005d76   0x08005d76   0x00000148   Code   RO         1018    i.HAL_TIM_IRQHandler  stm32h7xx_hal_tim.o
    0x08005ebe   0x08005ebe   0x00000002   PAD
    0x08005ec0   0x08005ec0   0x000000b4   Code   RO          611    i.HAL_TIM_MspPostInit  tim.o
    0x08005f74   0x08005f74   0x00000002   Code   RO         1021    i.HAL_TIM_OC_DelayElapsedCallback  stm32h7xx_hal_tim.o
    0x08005f76   0x08005f76   0x00000124   Code   RO         1042    i.HAL_TIM_PWM_ConfigChannel  stm32h7xx_hal_tim.o
    0x0800609a   0x0800609a   0x00000062   Code   RO         1045    i.HAL_TIM_PWM_Init  stm32h7xx_hal_tim.o
    0x080060fc   0x080060fc   0x00000002   Code   RO         1047    i.HAL_TIM_PWM_MspInit  stm32h7xx_hal_tim.o
    0x080060fe   0x080060fe   0x00000002   Code   RO         1048    i.HAL_TIM_PWM_PulseFinishedCallback  stm32h7xx_hal_tim.o
    0x08006100   0x08006100   0x000000a4   Code   RO          403    i.HAL_TIM_PeriodElapsedCallback  main.o
    0x080061a4   0x080061a4   0x00000002   Code   RO         1061    i.HAL_TIM_TriggerCallback  stm32h7xx_hal_tim.o
    0x080061a6   0x080061a6   0x00000040   Code   RO         5114    i.HAL_UARTEx_DisableFifoMode  stm32h7xx_hal_uart_ex.o
    0x080061e6   0x080061e6   0x00000002   Code   RO         4703    i.HAL_UARTEx_RxEventCallback  stm32h7xx_hal_uart.o
    0x080061e8   0x080061e8   0x00000002   Code   RO         5122    i.HAL_UARTEx_RxFifoFullCallback  stm32h7xx_hal_uart_ex.o
    0x080061ea   0x080061ea   0x0000004c   Code   RO         5123    i.HAL_UARTEx_SetRxFifoThreshold  stm32h7xx_hal_uart_ex.o
    0x08006236   0x08006236   0x0000004c   Code   RO         5124    i.HAL_UARTEx_SetTxFifoThreshold  stm32h7xx_hal_uart_ex.o
    0x08006282   0x08006282   0x00000002   Code   RO         5126    i.HAL_UARTEx_TxFifoEmptyCallback  stm32h7xx_hal_uart_ex.o
    0x08006284   0x08006284   0x00000002   Code   RO         5127    i.HAL_UARTEx_WakeupCallback  stm32h7xx_hal_uart_ex.o
    0x08006286   0x08006286   0x00000002   Code   RO         4719    i.HAL_UART_ErrorCallback  stm32h7xx_hal_uart.o
    0x08006288   0x08006288   0x0000039c   Code   RO         4722    i.HAL_UART_IRQHandler  stm32h7xx_hal_uart.o
    0x08006624   0x08006624   0x0000006a   Code   RO         4723    i.HAL_UART_Init     stm32h7xx_hal_uart.o
    0x0800668e   0x0800668e   0x00000002   PAD
    0x08006690   0x08006690   0x00000168   Code   RO          728    i.HAL_UART_MspInit  usart.o
    0x080067f8   0x080067f8   0x000000b0   Code   RO         4732    i.HAL_UART_Transmit  stm32h7xx_hal_uart.o
    0x080068a8   0x080068a8   0x00000002   Code   RO         4735    i.HAL_UART_TxCpltCallback  stm32h7xx_hal_uart.o
    0x080068aa   0x080068aa   0x00000002   Code   RO          780    i.HardFault_Handler  stm32h7xx_it.o
    0x080068ac   0x080068ac   0x0000003c   Code   RO          487    i.MX_DMA_Init       dma.o
    0x080068e8   0x080068e8   0x00000228   Code   RO          463    i.MX_GPIO_Init      gpio.o
    0x08006b10   0x08006b10   0x00000058   Code   RO          513    i.MX_I2C2_Init      i2c.o
    0x08006b68   0x08006b68   0x00000058   Code   RO          555    i.MX_SPI1_Init      spi.o
    0x08006bc0   0x08006bc0   0x0000005c   Code   RO          556    i.MX_SPI2_Init      spi.o
    0x08006c1c   0x08006c1c   0x0000005c   Code   RO          557    i.MX_SPI3_Init      spi.o
    0x08006c78   0x08006c78   0x00000038   Code   RO          612    i.MX_TIM13_Init     tim.o
    0x08006cb0   0x08006cb0   0x00000034   Code   RO          613    i.MX_TIM14_Init     tim.o
    0x08006ce4   0x08006ce4   0x000000d0   Code   RO          614    i.MX_TIM15_Init     tim.o
    0x08006db4   0x08006db4   0x00000038   Code   RO          615    i.MX_TIM16_Init     tim.o
    0x08006dec   0x08006dec   0x00000038   Code   RO          616    i.MX_TIM17_Init     tim.o
    0x08006e24   0x08006e24   0x00000070   Code   RO          617    i.MX_TIM1_Init      tim.o
    0x08006e94   0x08006e94   0x00000098   Code   RO          618    i.MX_TIM2_Init      tim.o
    0x08006f2c   0x08006f2c   0x0000006c   Code   RO          619    i.MX_TIM4_Init      tim.o
    0x08006f98   0x08006f98   0x00000068   Code   RO          620    i.MX_TIM5_Init      tim.o
    0x08007000   0x08007000   0x00000048   Code   RO          621    i.MX_TIM6_Init      tim.o
    0x08007048   0x08007048   0x000000d8   Code   RO          622    i.MX_TIM8_Init      tim.o
    0x08007120   0x08007120   0x00000068   Code   RO          729    i.MX_USART1_UART_Init  usart.o
    0x08007188   0x08007188   0x00000068   Code   RO          730    i.MX_USART2_UART_Init  usart.o
    0x080071f0   0x080071f0   0x00000002   Code   RO          781    i.MemManage_Handler  stm32h7xx_it.o
    0x080071f2   0x080071f2   0x00000002   Code   RO          782    i.NMI_Handler       stm32h7xx_it.o
    0x080071f4   0x080071f4   0x00000002   Code   RO          783    i.PendSV_Handler    stm32h7xx_it.o
    0x080071f6   0x080071f6   0x00000002   PAD
    0x080071f8   0x080071f8   0x00000120   Code   RO         2256    i.RCCEx_PLL2_Config  stm32h7xx_hal_rcc_ex.o
    0x08007318   0x08007318   0x00000120   Code   RO         2257    i.RCCEx_PLL3_Config  stm32h7xx_hal_rcc_ex.o
    0x08007438   0x08007438   0x000000bc   Code   RO         4396    i.SPI_CloseTransfer  stm32h7xx_hal_spi.o
    0x080074f4   0x080074f4   0x00000018   Code   RO           45    i.SPI_SendByte      user.o
    0x0800750c   0x0800750c   0x0000001c   Code   RO           46    i.SPI_TxRxByte      user.o
    0x08007528   0x08007528   0x00000046   Code   RO         4413    i.SPI_WaitOnFlagUntilTimeout  stm32h7xx_hal_spi.o
    0x0800756e   0x0800756e   0x00000002   Code   RO          784    i.SVC_Handler       stm32h7xx_it.o
    0x08007570   0x08007570   0x00000002   Code   RO          785    i.SysTick_Handler   stm32h7xx_it.o
    0x08007572   0x08007572   0x00000002   PAD
    0x08007574   0x08007574   0x000000a8   Code   RO          404    i.SystemClock_Config  main.o
    0x0800761c   0x0800761c   0x000000f8   Code   RO         5234    i.SystemInit        system_stm32h7xx.o
    0x08007714   0x08007714   0x0000000c   Code   RO          786    i.TIM16_IRQHandler  stm32h7xx_it.o
    0x08007720   0x08007720   0x0000000c   Code   RO          787    i.TIM17_IRQHandler  stm32h7xx_it.o
    0x0800772c   0x0800772c   0x0000000c   Code   RO          788    i.TIM7_IRQHandler   stm32h7xx_it.o
    0x08007738   0x08007738   0x0000000c   Code   RO          789    i.TIM8_CC_IRQHandler  stm32h7xx_it.o
    0x08007744   0x08007744   0x000000cc   Code   RO         1063    i.TIM_Base_SetConfig  stm32h7xx_hal_tim.o
    0x08007810   0x08007810   0x00000012   Code   RO         1074    i.TIM_ETR_SetConfig  stm32h7xx_hal_tim.o
    0x08007822   0x08007822   0x00000002   PAD
    0x08007824   0x08007824   0x00000014   Code   RO         1075    i.TIM_ITRx_SetConfig  stm32h7xx_hal_tim.o
    0x08007838   0x08007838   0x000000a4   Code   RO         1076    i.TIM_OC1_SetConfig  stm32h7xx_hal_tim.o
    0x080078dc   0x080078dc   0x00000098   Code   RO         1077    i.TIM_OC2_SetConfig  stm32h7xx_hal_tim.o
    0x08007974   0x08007974   0x00000098   Code   RO         1078    i.TIM_OC3_SetConfig  stm32h7xx_hal_tim.o
    0x08007a0c   0x08007a0c   0x00000078   Code   RO         1079    i.TIM_OC4_SetConfig  stm32h7xx_hal_tim.o
    0x08007a84   0x08007a84   0x00000074   Code   RO         1080    i.TIM_OC5_SetConfig  stm32h7xx_hal_tim.o
    0x08007af8   0x08007af8   0x00000074   Code   RO         1081    i.TIM_OC6_SetConfig  stm32h7xx_hal_tim.o
    0x08007b6c   0x08007b6c   0x00000022   Code   RO         1083    i.TIM_TI1_ConfigInputStage  stm32h7xx_hal_tim.o
    0x08007b8e   0x08007b8e   0x00000024   Code   RO         1085    i.TIM_TI2_ConfigInputStage  stm32h7xx_hal_tim.o
    0x08007bb2   0x08007bb2   0x00000002   PAD
    0x08007bb4   0x08007bb4   0x00000044   Code   RO         5128    i.UARTEx_SetNbDataToProcess  stm32h7xx_hal_uart_ex.o
    0x08007bf8   0x08007bf8   0x000000c8   Code   RO         4737    i.UART_AdvFeatureConfig  stm32h7xx_hal_uart.o
    0x08007cc0   0x08007cc0   0x000000aa   Code   RO         4738    i.UART_CheckIdleState  stm32h7xx_hal_uart.o
    0x08007d6a   0x08007d6a   0x00000010   Code   RO         4739    i.UART_DMAAbortOnError  stm32h7xx_hal_uart.o
    0x08007d7a   0x08007d7a   0x00000002   PAD
    0x08007d7c   0x08007d7c   0x00000054   Code   RO         4749    i.UART_EndRxTransfer  stm32h7xx_hal_uart.o
    0x08007dd0   0x08007dd0   0x000003ac   Code   RO         4755    i.UART_SetConfig    stm32h7xx_hal_uart.o
    0x0800817c   0x0800817c   0x00000094   Code   RO         4762    i.UART_WaitOnFlagUntilTimeout  stm32h7xx_hal_uart.o
    0x08008210   0x08008210   0x0000000c   Code   RO          790    i.USART1_IRQHandler  stm32h7xx_it.o
    0x0800821c   0x0800821c   0x0000000c   Code   RO          791    i.USART2_IRQHandler  stm32h7xx_it.o
    0x08008228   0x08008228   0x00000002   Code   RO          792    i.UsageFault_Handler  stm32h7xx_it.o
    0x0800822a   0x0800822a   0x00000030   Code   RO         5415    i.__ARM_fpclassify  m_wv.l(fpclassify.o)
    0x0800825a   0x0800825a   0x00000022   Code   RO         1996    i.__NVIC_SetPriority  stm32h7xx_hal_cortex.o
    0x0800827c   0x0800827c   0x0000000e   Code   RO         5317    i._is_digit         c_w.l(__printf_wp.o)
    0x0800828a   0x0800828a   0x00000002   PAD
    0x0800828c   0x0800828c   0x00000018   Code   RO          405    i.fputc             main.o
    0x080082a4   0x080082a4   0x000001e8   Code   RO          406    i.main              main.o
    0x0800848c   0x0800848c   0x0000002c   Code   RO         5410    locale$$code        c_w.l(lc_numeric_c.o)
    0x080084b8   0x080084b8   0x0000000a   Code   RO         5493    x$fpl$fpinit        fz_wv.l(fpinit.o)
    0x080084c2   0x080084c2   0x00000004   Code   RO         5338    x$fpl$printf1       fz_wv.l(printf1.o)
    0x080084c6   0x080084c6   0x00000000   Code   RO         5414    x$fpl$usenofp       fz_wv.l(usenofp.o)
    0x080084c6   0x080084c6   0x00000008   Data   RO         2765    .constdata          stm32h7xx_hal_dma.o
    0x080084ce   0x080084ce   0x00000018   Data   RO         4763    .constdata          stm32h7xx_hal_uart.o
    0x080084e6   0x080084e6   0x00000010   Data   RO         5129    .constdata          stm32h7xx_hal_uart_ex.o
    0x080084f6   0x080084f6   0x00000010   Data   RO         5235    .constdata          system_stm32h7xx.o
    0x08008506   0x08008506   0x00000028   Data   RO         5290    .constdata          c_w.l(_printf_hex_int.o)
    0x0800852e   0x0800852e   0x00000011   Data   RO         5325    .constdata          c_w.l(__printf_flags_ss_wp.o)
    0x0800853f   0x0800853f   0x00000001   PAD
    0x08008540   0x08008540   0x00000094   Data   RO         5381    .constdata          c_w.l(bigflt0.o)
    0x080085d4   0x080085d4   0x00000020   Data   RO         5564    Region$$Table       anon$$obj.o
    0x080085f4   0x080085f4   0x0000001c   Data   RO         5409    locale$$data        c_w.l(lc_numeric_c.o)


    Execution Region RW_IRAM1 (Exec base: 0x20000000, Load base: 0x08008610, Size: 0x00000000, Max: 0x00020000, ABSOLUTE)

    **** No section assigned to this execution region ****


    Execution Region RW_IRAM2 (Exec base: 0x24000000, Load base: 0x08008610, Size: 0x000028c0, Max: 0x00080000, ABSOLUTE)

    Exec Addr    Load Addr    Size         Type   Attr      Idx    E Section Name        Object

    0x24000000   0x08008610   0x00000030   Data   RW           47    .data               user.o
    0x24000030   0x08008640   0x00000018   Data   RW          408    .data               main.o
    0x24000048   0x08008658   0x00000004   Data   RW          409    .data               main.o
    0x2400004c   0x0800865c   0x0000000c   Data   RW         3503    .data               stm32h7xx_hal.o
    0x24000058   0x08008668   0x00000008   Data   RW         5236    .data               system_stm32h7xx.o
    0x24000060        -       0x00000068   Zero   RW          407    .bss                main.o
    0x240000c8        -       0x00000054   Zero   RW          514    .bss                i2c.o
    0x2400011c        -       0x00000198   Zero   RW          558    .bss                spi.o
    0x240002b4        -       0x00000344   Zero   RW          623    .bss                tim.o
    0x240005f8        -       0x00000218   Zero   RW          731    .bss                usart.o
    0x24000810        -       0x0000004c   Zero   RW          932    .bss                stm32h7xx_hal_timebase_tim.o
    0x2400085c        -       0x00000060   Zero   RW         5418    .bss                c_w.l(libspace.o)
    0x240008bc   0x08008670   0x00000004   PAD
    0x240008c0        -       0x00001000   Zero   RW            2    HEAP                startup_stm32h750xx.o
    0x240018c0        -       0x00001000   Zero   RW            1    STACK               startup_stm32h750xx.o


==============================================================================

Image component sizes


      Code (inc. data)   RO Data    RW Data    ZI Data      Debug   Object Name

        60          4          0          0          0        914   dma.o
       122          4          0          0          0       1994   filter.o
       552         26          0          0          0       1339   gpio.o
       228         26          0          0         84       1913   i2c.o
       848        226          0         28        104       5805   main.o
       596         56          0          0        408       3411   spi.o
        72         30        664          0       8192        852   startup_stm32h750xx.o
       184         40          0         12          0      23489   stm32h7xx_hal.o
       224         22          0          0          0      39985   stm32h7xx_hal_cortex.o
      4776        180          8          0          0       9863   stm32h7xx_hal_dma.o
       602         50          0          0          0       4203   stm32h7xx_hal_gpio.o
       192          6          0          0          0       3379   stm32h7xx_hal_i2c.o
       172          0          0          0          0       2103   stm32h7xx_hal_i2c_ex.o
        28          6          0          0          0        950   stm32h7xx_hal_msp.o
        84          6          0          0          0        793   stm32h7xx_hal_pwr_ex.o
      2558        110          0          0          0       7937   stm32h7xx_hal_rcc.o
      3736        118          0          0          0       7937   stm32h7xx_hal_rcc_ex.o
      1478         26          0          0          0       5853   stm32h7xx_hal_spi.o
      2538        242          0          0          0      18449   stm32h7xx_hal_tim.o
       330         40          0          0          0       4196   stm32h7xx_hal_tim_ex.o
       140         20          0          0         76       1623   stm32h7xx_hal_timebase_tim.o
      2770        138         24          0          0      31292   stm32h7xx_hal_uart.o
       290          6         16          0          0       5562   stm32h7xx_hal_uart_ex.o
       120         48          0          0          0       8486   stm32h7xx_it.o
       276         48         16          8          0       2033   system_stm32h7xx.o
      1880        186          0          0        836      10546   tim.o
       568         50          0          0        536       2961   usart.o
      2536        984          0         48          0    1336440   user.o

    ----------------------------------------------------------------------
     27990       2698        760         96      10236    1544308   Object Totals
         0          0         32          0          0          0   (incl. Generated)
        30          0          0          0          0          0   (incl. Padding)

    ----------------------------------------------------------------------

      Code (inc. data)   RO Data    RW Data    ZI Data      Debug   Library Member Name

         8          0          0          0          0         68   __main.o
       392          4         17          0          0         92   __printf_flags_ss_wp.o
        14          0          0          0          0         68   __printf_wp.o
         0          0          0          0          0          0   __rtentry.o
        12          0          0          0          0          0   __rtentry2.o
         6          0          0          0          0          0   __rtentry4.o
        52          8          0          0          0          0   __scatter.o
        26          0          0          0          0          0   __scatter_copy.o
        28          0          0          0          0          0   __scatter_zi.o
        48          6          0          0          0         96   _printf_char_common.o
        36          4          0          0          0         80   _printf_char_file.o
         6          0          0          0          0          0   _printf_d.o
       120         16          0          0          0         92   _printf_dec.o
         6          0          0          0          0          0   _printf_f.o
      1054          0          0          0          0        216   _printf_fp_dec.o
       128         16          0          0          0         84   _printf_fp_infnan.o
        88          4         40          0          0         88   _printf_hex_int.o
       178          0          0          0          0         88   _printf_intcommon.o
        78          0          0          0          0        108   _printf_pad.o
         0          0          0          0          0          0   _printf_percent.o
         4          0          0          0          0          0   _printf_percent_end.o
         6          0          0          0          0          0   _printf_u.o
         6          0          0          0          0          0   _printf_x.o
       228          4        148          0          0         96   bigflt0.o
      1936        128          0          0          0        672   btod.o
        18          0          0          0          0         80   exit.o
         8          0          0          0          0         68   ferror.o
         6          0          0          0          0        152   heapauxi.o
         0          0          0          0          0          0   indicate_semi.o
        44         10         28          0          0         76   lc_numeric_c.o
         2          0          0          0          0          0   libinit.o
        22          0          0          0          0          0   libinit2.o
         2          0          0          0          0          0   libshutdown.o
         2          0          0          0          0          0   libshutdown2.o
         8          4          0          0         96         68   libspace.o
       138          0          0          0          0         80   lludiv10.o
       238          0          0          0          0        100   lludivv7m.o
        24          4          0          0          0         84   noretval__2printf.o
         8          4          0          0          0         68   rt_locale_intlibspace.o
        78          0          0          0          0         80   rt_memclr_w.o
         2          0          0          0          0          0   rtexit.o
        10          0          0          0          0          0   rtexit2.o
       104          0          0          0          0         68   strcmpv7m_pel.o
        12          4          0          0          0         68   sys_exit.o
        74          0          0          0          0         80   sys_stackheap_outer.o
         2          0          0          0          0         68   use_no_semi.o
        10          0          0          0          0        116   fpinit.o
         4          0          0          0          0        116   printf1.o
         0          0          0          0          0          0   usenofp.o
        48          0          0          0          0        124   fpclassify.o

    ----------------------------------------------------------------------
      5336        216        234          0        100       3344   Library Totals
        12          0          1          0          4          0   (incl. Padding)

    ----------------------------------------------------------------------

      Code (inc. data)   RO Data    RW Data    ZI Data      Debug   Library Name

      5262        216        233          0         96       2988   c_w.l
        14          0          0          0          0        232   fz_wv.l
        48          0          0          0          0        124   m_wv.l

    ----------------------------------------------------------------------
      5336        216        234          0        100       3344   Library Totals

    ----------------------------------------------------------------------

==============================================================================


      Code (inc. data)   RO Data    RW Data    ZI Data      Debug   

     33326       2914        994         96      10336    1529740   Grand Totals
     33326       2914        994         96      10336    1529740   ELF Image Totals
     33326       2914        994         96          0          0   ROM Totals

==============================================================================

    Total RO  Size (Code + RO Data)                34320 (  33.52kB)
    Total RW  Size (RW Data + ZI Data)             10432 (  10.19kB)
    Total ROM Size (Code + RO Data + RW Data)      34416 (  33.61kB)

==============================================================================

