<html>
<body>
<pre>
<h1>µVision Build Log</h1>
<h2>Tool Versions:</h2>
IDE-Version: ¦ÌVision V5.34.0.0
Copyright (C) 2021 ARM Ltd and ARM Germany GmbH. All rights reserved.
License Information: 1 1, 11, LIC=TIVNB-25ZWJ-LQI0Q-N0ZPE-E3BTZ-C7MWA
 
Tool Versions:
Toolchain:       MDK-ARM Plus  Version: 5.34.0.0
Toolchain Path:  D:\Keil_v5\ARM\ARMCC\Bin
C Compiler:      Armcc.exe V5.06 update 7 (build 960)
Assembler:       Armasm.exe V5.06 update 7 (build 960)
Linker/Locator:  ArmLink.exe V5.06 update 7 (build 960)
Library Manager: ArmAr.exe V5.06 update 7 (build 960)
Hex Converter:   FromElf.exe V5.06 update 7 (build 960)
CPU DLL:         SARMCM3.DLL V5.34.0.0
Dialog DLL:      DCM.DLL V1.17.3.0
Target DLL:      CMSIS_AGDI.dll V1.32.13.0
Dialog DLL:      TCM.DLL V1.48.0.0
 
<h2>Project:</h2>
c:\Users\10331\Desktop\new\stm32h743vgt6\MDK-ARM\stm32h743vgt6.uvprojx
Project File Date:  06/10/2026

<h2>Output:</h2>
*** Using Compiler 'V5.06 update 7 (build 960)', folder: 'D:\Keil_v5\ARM\ARMCC\Bin'
Build target 'stm32h743vgt6'
compiling main.c...
compiling MRAM.c...
compiling EthProtocol.c...
compiling usart.c...
compiling posGenerator.c...
compiling stm32h7xx_hal_msp.c...
compiling gpio.c...
compiling control.c...
compiling lsm.c...
compiling freertos.c...
compiling i2c.c...
compiling tim.c...
compiling RS485.c...
compiling in_out.c...
compiling CS5552.c...
compiling DI.c...
compiling Computer_vision.c...
compiling stm32h7xx_it.c...
compiling Encoder.c...
compiling Servo_driver.c...
compiling mram_manage.c...
compiling EEPROM.c...
compiling spi.c...
compiling ETHw5500.c...
compiling modbus_slave.c...
compiling td.c...
compiling pid.c...
compiling DO.c...
compiling bsp_spi.c...
compiling myFifo.c...
compiling elog_port.c...
compiling userdebug.c...
compiling modbus_slave_rtu.c...
compiling sensor.c...
compiling gParameter.c...
compiling Eeprom_manage.c...
compiling communicate.c...
linking...
Program Size: Code=118688 RO-data=2708 RW-data=1700 ZI-data=247300  
FromELF: creating hex file...
After Build - User command #1: "D:\Keil_v5\\ARM\ARMCC\bin\fromelf.exe" --bin --output="c:\Users\10331\Desktop\new\stm32h743vgt6\MDK-ARM\stm32h743vgt6.bin" "stm32h743vgt6\stm32h743vgt6.axf"
"stm32h743vgt6\stm32h743vgt6.axf" - 0 Error(s), 0 Warning(s).

<h2>Software Packages used:</h2>

Package Vendor: ARM
                https://www.keil.com/pack/ARM.CMSIS.6.2.0.pack
                ARM.CMSIS.6.2.0
                CMSIS (Common Microcontroller Software Interface Standard)
   * Component: CORE Version: 6.1.1

Package Vendor: Keil
                https://www.keil.com/pack/Keil.STM32H7xx_DFP.4.1.3.pack
                Keil.STM32H7xx_DFP.4.1.3
                STMicroelectronics STM32H7 Series Device Support

<h2>Collection of Component include folders:</h2>
  .\RTE\_stm32h743vgt6
  C:\Users\10331\AppData\Local\Arm\Packs\ARM\CMSIS\6.2.0\CMSIS\Core\Include

<h2>Collection of Component Files used:</h2>

   * Component: ARM::CMSIS:CORE:6.1.1
Build Time Elapsed:  00:00:07
</pre>
</body>
</html>
