Component: ARM Compiler 5.06 update 7 (build 960) Tool: armlink [4d3601]

==============================================================================

Section Cross References

    main.o(i.CS5552_Tim6SampleAndFilter) refers to cs5552.o(i.CS5552_SelectChip) for CS5552_SelectChip
    main.o(i.CS5552_Tim6SampleAndFilter) refers to cs5552.o(i.CS5552_ReadReg) for CS5552_ReadReg
    main.o(i.CS5552_Tim6SampleAndFilter) refers to cs5552.o(i.CS5552_ParseConvData) for CS5552_ParseConvData
    main.o(i.CS5552_Tim6SampleAndFilter) refers to cs5552.o(i.CS5552_ConvertToVoltage) for CS5552_ConvertToVoltage
    main.o(i.CS5552_Tim6SampleAndFilter) refers to filter.o(i.Filter_Update) for Filter_Update
    main.o(i.CS5552_Tim6SampleAndFilter) refers to cs5552.o(.data) for cs5552_ready
    main.o(i.CS5552_Tim6SampleAndFilter) refers to main.o(.data) for .data
    main.o(i.CS5552_Tim6SampleAndFilter) refers to main.o(.bss) for .bss
    main.o(i.HAL_TIM_PWM_PulseFinishedCallback) refers to in_out.o(.bss) for hal_output
    main.o(i.HAL_TIM_PWM_PulseFinishedCallback) refers to gparameter.o(.bss) for test
    main.o(i.HAL_TIM_PeriodElapsedCallback) refers to cmsis_os.o(i.osKernelRunning) for osKernelRunning
    main.o(i.HAL_TIM_PeriodElapsedCallback) refers to cmsis_os.o(i.osSemaphoreRelease) for osSemaphoreRelease
    main.o(i.HAL_TIM_PeriodElapsedCallback) refers to encoder.o(i.Encoder_Get) for Encoder_Get
    main.o(i.HAL_TIM_PeriodElapsedCallback) refers to in_out.o(i.poseCodeCalculate_Int) for poseCodeCalculate_Int
    main.o(i.HAL_TIM_PeriodElapsedCallback) refers to in_out.o(i.poseSpeedFilter_Int) for poseSpeedFilter_Int
    main.o(i.HAL_TIM_PeriodElapsedCallback) refers to stm32h7xx_hal.o(i.HAL_IncTick) for HAL_IncTick
    main.o(i.HAL_TIM_PeriodElapsedCallback) refers to tim.o(.bss) for htim6
    main.o(i.HAL_TIM_PeriodElapsedCallback) refers to freertos.o(.data) for cs5552SemHandle
    main.o(i.HAL_TIM_PeriodElapsedCallback) refers to encoder.o(.bss) for encoder
    main.o(i.HAL_TIM_PeriodElapsedCallback) refers to in_out.o(.bss) for pose
    main.o(i.HAL_TIM_PeriodElapsedCallback) refers to gparameter.o(.bss) for filter_Int
    main.o(i.HAL_TIM_PeriodElapsedCallback) refers to gparameter.o(.bss) for AL
    main.o(i.HAL_TIM_PeriodElapsedCallback) refers to tim.o(.data) for FreeRTOSRunTimeTicks
    main.o(i.SystemClock_Config) refers to memseta.o(.text) for __aeabi_memclr4
    main.o(i.SystemClock_Config) refers to stm32h7xx_hal_pwr_ex.o(i.HAL_PWREx_ConfigSupply) for HAL_PWREx_ConfigSupply
    main.o(i.SystemClock_Config) refers to stm32h7xx_hal_rcc.o(i.HAL_RCC_OscConfig) for HAL_RCC_OscConfig
    main.o(i.SystemClock_Config) refers to stm32h7xx_hal_rcc.o(i.HAL_RCC_ClockConfig) for HAL_RCC_ClockConfig
    main.o(i.firmwareVersionShown) refers to printfa.o(i.__0printf) for __2printf
    main.o(i.hardwareInit) refers to dac8831.o(i.DAC8831_CS_HIGH) for DAC8831_CS_HIGH
    main.o(i.hardwareInit) refers to mram.o(i.MRAM_CS_HIGH) for MRAM_CS_HIGH
    main.o(i.hardwareInit) refers to servo_driver.o(i.modFclkNumberPULSEInit) for modFclkNumberPULSEInit
    main.o(i.hardwareInit) refers to servo_driver.o(i.Servo_PWM_Disable) for Servo_PWM_Disable
    main.o(i.hardwareInit) refers to servo_driver.o(i.Servo_DIR_GPIO_Init) for Servo_DIR_GPIO_Init
    main.o(i.hardwareInit) refers to dac8831.o(i.DAC8831_Write) for DAC8831_Write
    main.o(i.hardwareInit) refers to modbus_slave.o(i.modbusInit) for modbusInit
    main.o(i.hardwareInit) refers to rs485.o(i.RS485_init) for RS485_init
    main.o(i.hardwareInit) refers to cs5552.o(i.CS5552_CompatInit) for CS5552_CompatInit
    main.o(i.hardwareInit) refers to filter.o(i.Filter_Init) for Filter_Init
    main.o(i.hardwareInit) refers to myfifo.o(i.fifo_init) for fifo_init
    main.o(i.hardwareInit) refers to encoder.o(i.Encoder_Init) for Encoder_Init
    main.o(i.hardwareInit) refers to usart.o(.bss) for huart2
    main.o(i.hardwareInit) refers to cs5552.o(.bss) for cs5530
    main.o(i.hardwareInit) refers to main.o(.bss) for .bss
    main.o(i.hardwareInit) refers to myfifo.o(.data) for rev_fifo
    main.o(i.main) refers to stm32h7xx_hal_cortex.o(i.HAL_MPU_Disable) for HAL_MPU_Disable
    main.o(i.main) refers to stm32h7xx_hal_cortex.o(i.HAL_MPU_ConfigRegion) for HAL_MPU_ConfigRegion
    main.o(i.main) refers to stm32h7xx_hal_cortex.o(i.HAL_MPU_Enable) for HAL_MPU_Enable
    main.o(i.main) refers to stm32h7xx_hal.o(i.HAL_Init) for HAL_Init
    main.o(i.main) refers to main.o(i.SystemClock_Config) for SystemClock_Config
    main.o(i.main) refers to gpio.o(i.MX_GPIO_Init) for MX_GPIO_Init
    main.o(i.main) refers to i2c.o(i.MX_I2C2_Init) for MX_I2C2_Init
    main.o(i.main) refers to spi.o(i.MX_SPI1_Init) for MX_SPI1_Init
    main.o(i.main) refers to spi.o(i.MX_SPI2_Init) for MX_SPI2_Init
    main.o(i.main) refers to spi.o(i.MX_SPI3_Init) for MX_SPI3_Init
    main.o(i.main) refers to tim.o(i.MX_TIM1_Init) for MX_TIM1_Init
[...]
    0x08002688   0x08002688   0x00000028   Code   RO         1801    i.CosineWave        posgenerator.o
    0x080026b0   0x080026b0   0x000002f8   Code   RO         2010    i.CurrentData_Fifo_Push  communicate.o
    0x080029a8   0x080029a8   0x00000010   Code   RO         3848    i.DAC8831_CS_HIGH   dac8831.o
    0x080029b8   0x080029b8   0x000000b0   Code   RO         3849    i.DAC8831_Write     dac8831.o
    0x08002a68   0x08002a68   0x0000007c   Code   RO         3469    i.DB9Detect_ReadALL  di.o
    0x08002ae4   0x08002ae4   0x0000005c   Code   RO         1370    i.DB9_map           in_out.o
    0x08002b40   0x08002b40   0x000000e4   Code   RO         3470    i.DIDetect          di.o
    0x08002c24   0x08002c24   0x00000144   Code   RO         3471    i.DIDetect_ReadALL  di.o
    0x08002d68   0x08002d68   0x00000080   Code   RO         1371    i.DIFuncMap_init    in_out.o
    0x08002de8   0x08002de8   0x0000008c   Code   RO         1372    i.DIFunc_map        in_out.o
    0x08002e74   0x08002e74   0x00000002   Code   RO         1373    i.DIFunction01      in_out.o
    0x08002e76   0x08002e76   0x00000002   PAD
    0x08002e78   0x08002e78   0x00000068   Code   RO         1374    i.DIFunction02      in_out.o
    0x08002ee0   0x08002ee0   0x00000068   Code   RO         1375    i.DIFunction03      in_out.o
    0x08002f48   0x08002f48   0x00000068   Code   RO         1376    i.DIFunction04      in_out.o
    0x08002fb0   0x08002fb0   0x00000068   Code   RO         1377    i.DIFunction05      in_out.o
    0x08003018   0x08003018   0x00000044   Code   RO         1378    i.DIFunction06      in_out.o
    0x0800305c   0x0800305c   0x00000002   Code   RO         1379    i.DIFunction07      in_out.o
    0x0800305e   0x0800305e   0x00000002   Code   RO         1380    i.DIFunction08      in_out.o
    0x08003060   0x08003060   0x00000002   Code   RO         1381    i.DIFunction09      in_out.o
    0x08003062   0x08003062   0x00000002   Code   RO         1382    i.DIFunction10      in_out.o
    0x08003064   0x08003064   0x000000e4   Code   RO         1383    i.DI_map            in_out.o
    0x08003148   0x08003148   0x00000048   Code   RO         2011    i.DOPEBLOCKEXECUTE_Process  communicate.o
    0x08003190   0x08003190   0x00000038   Code   RO         2012    i.DOPEBLOCKHEADER_Process  communicate.o
    0x080031c8   0x080031c8   0x00000310   Code   RO         2013    i.DOPECYCLE_Process  communicate.o
    0x080034d8   0x080034d8   0x000000f8   Code   RO         2014    i.DOPEDEADBANDCTRL_Process  communicate.o
    0x080035d0   0x080035d0   0x00000134   Code   RO         2015    i.DOPEDEFAULTACC_Process  communicate.o
    0x08003704   0x08003704   0x00000078   Code   RO         2016    i.DOPEDESTWND_Process  communicate.o
    0x0800377c   0x0800377c   0x00000384   Code   RO         2017    i.DOPEDYNCYCLE_Process  communicate.o
    0x08003b00   0x08003b00   0x00000174   Code   RO         1031    i.DOPEDYNCYCLE_StartBefore_Process  control.o
    0x08003c74   0x08003c74   0x000000dc   Code   RO         2018    i.DOPEFEEDFORWARD_Process  communicate.o
    0x08003d50   0x08003d50   0x000000a8   Code   RO         2019    i.DOPEHALT_A_Process  communicate.o
    0x08003df8   0x08003df8   0x000000b4   Code   RO         2020    i.DOPEHALT_Process  communicate.o
    0x08003eac   0x08003eac   0x00000064   Code   RO         2021    i.DOPEINTGR_Process  communicate.o
    0x08003f10   0x08003f10   0x000000dc   Code   RO         2022    i.DOPEMOVE_A_Process  communicate.o
    0x08003fec   0x08003fec   0x000000a0   Code   RO         2023    i.DOPEMOVE_Process  communicate.o
    0x0800408c   0x0800408c   0x0000004c   Code   RO         2024    i.DOPEON_OFF_Process  communicate.o
    0x080040d8   0x080040d8   0x00000320   Code   RO         2025    i.DOPEPOSEXT_A_Process  communicate.o
    0x080043f8   0x080043f8   0x0000007c   Code   RO         1032    i.DOPEPOSEXT_MAINTANCE  control.o
    0x08004474   0x08004474   0x00000350   Code   RO         2026    i.DOPEPOSEXT_Process  communicate.o
    0x080047c4   0x080047c4   0x00000164   Code   RO         2027    i.DOPEPOSPID_Process  communicate.o
    0x08004928   0x08004928   0x000001ac   Code   RO         2028    i.DOPEPOS_A_Process  communicate.o
    0x08004ad4   0x08004ad4   0x00000138   Code   RO         2029    i.DOPEPOS_Process   communicate.o
    0x08004c0c   0x08004c0c   0x00000098   Code   RO         2030    i.DOPERDCTRLPARAMETER_Process  communicate.o
    0x08004ca4   0x08004ca4   0x0000015c   Code   RO         2031    i.DOPERDCTRLPARAMETER_Process_Conversion  communicate.o
    0x08004e00   0x08004e00   0x000000d8   Code   RO         2033    i.DOPERDFEEDFORWARD_Process  communicate.o
    0x08004ed8   0x08004ed8   0x000000d0   Code   RO         2034    i.DOPERDNOMINALACCSPEED_Process  communicate.o
    0x08004fa8   0x08004fa8   0x000000bc   Code   RO         2035    i.DOPERDPOSPID_Process  communicate.o
    0x08005064   0x08005064   0x000000bc   Code   RO         2036    i.DOPERDSPEEDPID_Process  communicate.o
    0x08005120   0x08005120   0x00000058   Code   RO         2037    i.DOPESETCTRL_Process  communicate.o
    0x08005178   0x08005178   0x00000060   Code   RO         2038    i.DOPESETDATATRANSMISSIONRATE_Process  communicate.o
    0x080051d8   0x080051d8   0x00000128   Code   RO         2039    i.DOPESETNOMINALACCSPEED_Process  communicate.o
    0x08005300   0x08005300   0x000000f8   Code   RO         2040    i.DOPESETOPENLOOPCOMMAND_Process  communicate.o
    0x080053f8   0x080053f8   0x0000008c   Code   RO         2042    i.DOPESFT_Process   communicate.o
    0x08005484   0x08005484   0x00000090   Code   RO         2043    i.DOPESHALT_Process  communicate.o
    0x08005514   0x08005514   0x000000f8   Code   RO         2044    i.DOPESPEEDLIMIT_Process  communicate.o
    0x0800560c   0x0800560c   0x00000138   Code   RO         2045    i.DOPESPEEDPID_Process  communicate.o
    0x08005744   0x08005744   0x00000034   Code   RO         2046    i.DOPETRANSMITDATA_Process  communicate.o
    0x08005778   0x08005778   0x000001b4   Code   RO         2047    i.DOPETRIG_A_Process  communicate.o
    0x0800592c   0x0800592c   0x00000174   Code   RO         2048    i.DOPETRIG_Process  communicate.o
    0x08005aa0   0x08005aa0   0x00000124   Code   RO         2049    i.DOPEWRFEEDFORWARD_Process  communicate.o
    0x08005bc4   0x08005bc4   0x00000194   Code   RO         2050    i.DOPEWRPOSPID_Process  communicate.o
    0x08005d58   0x08005d58   0x00000190   Code   RO         2051    i.DOPEWRSPEEDPID_Process  communicate.o
    0x08005ee8   0x08005ee8   0x00000044   Code   RO         2052    i.DOPE_OPEN_CLOSE_LINK_Process  communicate.o
    0x08005f2c   0x08005f2c   0x0000004c   Code   RO         3513    i.Darlington_Write  do.o
    0x08005f78   0x08005f78   0x00000002   Code   RO          868    i.DebugMon_Handler  stm32h7xx_it.o
    0x08005f7a   0x08005f7a   0x0000003c   Code   RO         1033    i.DestWndMonitor    control.o
    0x08005fb6   0x08005fb6   0x00000002   PAD
    0x08005fb8   0x08005fb8   0x000000f8   Code   RO         1802    i.DynCycle_modify_planinit  posgenerator.o
    0x080060b0   0x080060b0   0x000001c8   Code   RO         1803    i.DynCycle_modify_posgenerator  posgenerator.o
    0x08006278   0x08006278   0x000001a4   Code   RO         1804    i.DynCycle_modify_t3calcu  posgenerator.o
    0x0800641c   0x0800641c   0x0000018c   Code   RO         1805    i.DynCycle_modify_t5calcu  posgenerator.o
    0x080065a8   0x080065a8   0x0000021c   Code   RO         1806    i.DynCycle_normal_planinit  posgenerator.o
    0x080067c4   0x080067c4   0x0000038c   Code   RO         1807    i.DynCycle_normal_posgenerator  posgenerator.o
    0x08006b50   0x08006b50   0x0000018c   Code   RO         1808    i.DynCycle_normal_t3calcu  posgenerator.o
    0x08006cdc   0x08006cdc   0x00000068   Code   RO         1809    i.DynCycle_planinit  posgenerator.o
    0x08006d44   0x08006d44   0x00000038   Code   RO         1810    i.DynCycle_posgenerator  posgenerator.o
    0x08006d7c   0x08006d7c   0x000000c4   Code   RO         1811    i.DynCycle_wavecalcu  posgenerator.o
    0x08006e40   0x08006e40   0x000002cc   Code   RO         2053    i.ETH_Communicate_Process  communicate.o
    0x0800710c   0x0800710c   0x000001b4   Code   RO         4269    i.ETH_StatePrintf   ethw5500.o
    0x080072c0   0x080072c0   0x00000104   Code   RO         4270    i.ETHw5500_Func     ethw5500.o
    0x080073c4   0x080073c4   0x00000088   Code   RO         4272    i.ETHw5500_init     ethw5500.o
    0x0800744c   0x0800744c   0x000000b4   Code   RO         1035    i.EXTEN_Process     control.o
    0x08007500   0x08007500   0x00000120   Code   RO         2717    i.EepromSensor_ReadAll  eeprom_manage.o
    0x08007620   0x08007620   0x00000108   Code   RO         2718    i.EepromSensor_WriteAll  eeprom_manage.o
    0x08007728   0x08007728   0x00000040   Code   RO          424    i.EepromTask        freertos.o
    0x08007768   0x08007768   0x00000130   Code   RO         2444    i.EmergencyErrorJudge  gparameter.o
    0x08007898   0x08007898   0x00000030   Code   RO         1036    i.EnableState_Update  control.o
    0x080078c8   0x080078c8   0x00000058   Code   RO         3884    i.Encoder_Get       encoder.o
    0x08007920   0x08007920   0x0000005c   Code   RO         3885    i.Encoder_Init      encoder.o
    0x0800797c   0x0800797c   0x00000004   Code   RO            5    i.Error_Handler     main.o
    0x08007980   0x08007980   0x00000024   Code   RO          425    i.EthernetTask      freertos.o
    0x080079a4   0x080079a4   0x0000001c   Code   RO         6447    i.ExitRun0Mode      system_stm32h7xx.o
    0x080079c0   0x080079c0   0x00000018   Code   RO         4061    i.FilterInt32_Init  filter.o
    0x080079d8   0x080079d8   0x00000020   Code   RO         4063    i.Filter_Init       filter.o
    0x080079f8   0x080079f8   0x0000005a   Code   RO         4064    i.Filter_Update     filter.o
    0x08007a52   0x08007a52   0x00000002   PAD
    0x08007a54   0x08007a54   0x00000360   Code   RO         8297    i.HAL_DMA_Abort     stm32h7xx_hal_dma.o
    0x08007db4   0x08007db4   0x00000284   Code   RO         8298    i.HAL_DMA_Abort_IT  stm32h7xx_hal_dma.o
    0x08008038   0x08008038   0x00000024   Code   RO         9006    i.HAL_Delay         stm32h7xx_hal.o
    0x0800805c   0x0800805c   0x0000022c   Code   RO         8145    i.HAL_GPIO_Init     stm32h7xx_hal_gpio.o
    0x08008288   0x08008288   0x0000000a   Code   RO         8147    i.HAL_GPIO_ReadPin  stm32h7xx_hal_gpio.o
    0x08008292   0x08008292   0x00000010   Code   RO         8148    i.HAL_GPIO_TogglePin  stm32h7xx_hal_gpio.o
    0x080082a2   0x080082a2   0x0000000a   Code   RO         8149    i.HAL_GPIO_WritePin  stm32h7xx_hal_gpio.o
    0x080082ac   0x080082ac   0x0000000c   Code   RO         9017    i.HAL_GetREVID      stm32h7xx_hal.o
    0x080082b8   0x080082b8   0x0000000c   Code   RO         9018    i.HAL_GetTick       stm32h7xx_hal.o
    0x080082c4   0x080082c4   0x00000058   Code   RO         9783    i.HAL_I2CEx_ConfigAnalogFilter  stm32h7xx_hal_i2c_ex.o
    0x0800831c   0x0800831c   0x00000054   Code   RO         9784    i.HAL_I2CEx_ConfigDigitalFilter  stm32h7xx_hal_i2c_ex.o
    0x08008370   0x08008370   0x000000c0   Code   RO         9322    i.HAL_I2C_Init      stm32h7xx_hal_i2c.o
    0x08008430   0x08008430   0x00000164   Code   RO         9340    i.HAL_I2C_Mem_Read  stm32h7xx_hal_i2c.o
    0x08008594   0x08008594   0x00000158   Code   RO         9343    i.HAL_I2C_Mem_Write  stm32h7xx_hal_i2c.o
    0x080086ec   0x080086ec   0x0000008c   Code   RO          568    i.HAL_I2C_MspInit   i2c.o
    0x08008778   0x08008778   0x00000010   Code   RO         9024    i.HAL_IncTick       stm32h7xx_hal.o
    0x08008788   0x08008788   0x0000005c   Code   RO         9025    i.HAL_Init          stm32h7xx_hal.o
    0x080087e4   0x080087e4   0x0000008c   Code   RO          985    i.HAL_InitTick      stm32h7xx_hal_timebase_tim.o
    0x08008870   0x08008870   0x0000005c   Code   RO         7498    i.HAL_MPU_ConfigRegion  stm32h7xx_hal_cortex.o
    0x080088cc   0x080088cc   0x0000001c   Code   RO         7499    i.HAL_MPU_Disable   stm32h7xx_hal_cortex.o
    0x080088e8   0x080088e8   0x00000024   Code   RO         7501    i.HAL_MPU_Enable    stm32h7xx_hal_cortex.o
    0x0800890c   0x0800890c   0x00000024   Code   RO          961    i.HAL_MspInit       stm32h7xx_hal_msp.o
    0x08008930   0x08008930   0x0000001a   Code   RO         7505    i.HAL_NVIC_EnableIRQ  stm32h7xx_hal_cortex.o
    0x0800894a   0x0800894a   0x00000002   PAD
    0x0800894c   0x0800894c   0x00000040   Code   RO         7511    i.HAL_NVIC_SetPriority  stm32h7xx_hal_cortex.o
    0x0800898c   0x0800898c   0x00000024   Code   RO         7512    i.HAL_NVIC_SetPriorityGrouping  stm32h7xx_hal_cortex.o
    0x080089b0   0x080089b0   0x00000024   Code   RO         7513    i.HAL_NVIC_SystemReset  stm32h7xx_hal_cortex.o
    0x080089d4   0x080089d4   0x00000054   Code   RO         8746    i.HAL_PWREx_ConfigSupply  stm32h7xx_hal_pwr_ex.o
    0x08008a28   0x08008a28   0x00000024   Code   RO         7766    i.HAL_RCCEx_GetD3PCLK1Freq  stm32h7xx_hal_rcc_ex.o
    0x08008a4c   0x08008a4c   0x00000144   Code   RO         7768    i.HAL_RCCEx_GetPLL2ClockFreq  stm32h7xx_hal_rcc_ex.o
    0x08008b90   0x08008b90   0x00000144   Code   RO         7769    i.HAL_RCCEx_GetPLL3ClockFreq  stm32h7xx_hal_rcc_ex.o
    0x08008cd4   0x08008cd4   0x000009ac   Code   RO         7775    i.HAL_RCCEx_PeriphCLKConfig  stm32h7xx_hal_rcc_ex.o
    0x08009680   0x08009680   0x0000025c   Code   RO         7651    i.HAL_RCC_ClockConfig  stm32h7xx_hal_rcc.o
    0x080098dc   0x080098dc   0x0000005c   Code   RO         7655    i.HAL_RCC_GetClockConfig  stm32h7xx_hal_rcc.o
    0x08009938   0x08009938   0x00000044   Code   RO         7656    i.HAL_RCC_GetHCLKFreq  stm32h7xx_hal_rcc.o
    0x0800997c   0x0800997c   0x00000024   Code   RO         7658    i.HAL_RCC_GetPCLK1Freq  stm32h7xx_hal_rcc.o
    0x080099a0   0x080099a0   0x00000024   Code   RO         7659    i.HAL_RCC_GetPCLK2Freq  stm32h7xx_hal_rcc.o
    0x080099c4   0x080099c4   0x00000138   Code   RO         7660    i.HAL_RCC_GetSysClockFreq  stm32h7xx_hal_rcc.o
    0x08009afc   0x08009afc   0x00000582   Code   RO         7663    i.HAL_RCC_OscConfig  stm32h7xx_hal_rcc.o
    0x0800a07e   0x0800a07e   0x00000002   PAD
    0x0800a080   0x0800a080   0x0000017c   Code   RO         9920    i.HAL_SPI_Init      stm32h7xx_hal_spi.o
    0x0800a1fc   0x0800a1fc   0x00000144   Code   RO          610    i.HAL_SPI_MspInit   spi.o
    0x0800a340   0x0800a340   0x00000274   Code   RO         9923    i.HAL_SPI_Receive   stm32h7xx_hal_spi.o
    0x0800a5b4   0x0800a5b4   0x00000238   Code   RO         9929    i.HAL_SPI_Transmit  stm32h7xx_hal_spi.o
    0x0800a7ec   0x0800a7ec   0x00000338   Code   RO         9930    i.HAL_SPI_TransmitReceive  stm32h7xx_hal_spi.o
    0x0800ab24   0x0800ab24   0x00000010   Code   RO         9030    i.HAL_SYSCFG_AnalogSwitchConfig  stm32h7xx_hal.o
    0x0800ab34   0x0800ab34   0x00000002   Code   RO         7206    i.HAL_TIMEx_Break2Callback  stm32h7xx_hal_tim_ex.o
    0x0800ab36   0x0800ab36   0x00000002   Code   RO         7207    i.HAL_TIMEx_BreakCallback  stm32h7xx_hal_tim_ex.o
    0x0800ab38   0x0800ab38   0x00000002   Code   RO         7208    i.HAL_TIMEx_CommutCallback  stm32h7xx_hal_tim_ex.o
    0x0800ab3a   0x0800ab3a   0x00000002   PAD
    0x0800ab3c   0x0800ab3c   0x000000a0   Code   RO         7210    i.HAL_TIMEx_ConfigBreakDeadTime  stm32h7xx_hal_tim_ex.o
    0x0800abdc   0x0800abdc   0x000000a4   Code   RO         7228    i.HAL_TIMEx_MasterConfigSynchronization  stm32h7xx_hal_tim_ex.o
    0x0800ac80   0x0800ac80   0x00000062   Code   RO         6492    i.HAL_TIM_Base_Init  stm32h7xx_hal_tim.o
    0x0800ace2   0x0800ace2   0x00000002   PAD
    0x0800ace4   0x0800ace4   0x0000011c   Code   RO          664    i.HAL_TIM_Base_MspInit  tim.o
    0x0800ae00   0x0800ae00   0x00000080   Code   RO         6495    i.HAL_TIM_Base_Start  stm32h7xx_hal_tim.o
    0x0800ae80   0x0800ae80   0x0000008c   Code   RO         6497    i.HAL_TIM_Base_Start_IT  stm32h7xx_hal_tim.o
    0x0800af0c   0x0800af0c   0x000000fc   Code   RO         6501    i.HAL_TIM_ConfigClockSource  stm32h7xx_hal_tim.o
    0x0800b008   0x0800b008   0x000000bc   Code   RO         6513    i.HAL_TIM_Encoder_Init  stm32h7xx_hal_tim.o
    0x0800b0c4   0x0800b0c4   0x000000f0   Code   RO          666    i.HAL_TIM_Encoder_MspInit  tim.o
    0x0800b1b4   0x0800b1b4   0x0000008e   Code   RO         6516    i.HAL_TIM_Encoder_Start  stm32h7xx_hal_tim.o
    0x0800b242   0x0800b242   0x00000002   Code   RO         6526    i.HAL_TIM_IC_CaptureCallback  stm32h7xx_hal_tim.o
    0x0800b244   0x0800b244   0x00000148   Code   RO         6540    i.HAL_TIM_IRQHandler  stm32h7xx_hal_tim.o
    0x0800b38c   0x0800b38c   0x000000b4   Code   RO          667    i.HAL_TIM_MspPostInit  tim.o
    0x0800b440   0x0800b440   0x00000002   Code   RO         6543    i.HAL_TIM_OC_DelayElapsedCallback  stm32h7xx_hal_tim.o
    0x0800b442   0x0800b442   0x00000124   Code   RO         6564    i.HAL_TIM_PWM_ConfigChannel  stm32h7xx_hal_tim.o
    0x0800b566   0x0800b566   0x00000062   Code   RO         6567    i.HAL_TIM_PWM_Init  stm32h7xx_hal_tim.o
    0x0800b5c8   0x0800b5c8   0x00000002   Code   RO         6569    i.HAL_TIM_PWM_MspInit  stm32h7xx_hal_tim.o
    0x0800b5ca   0x0800b5ca   0x00000002   PAD
    0x0800b5cc   0x0800b5cc   0x00000028   Code   RO            7    i.HAL_TIM_PWM_PulseFinishedCallback  main.o
    0x0800b5f4   0x0800b5f4   0x00000110   Code   RO         6572    i.HAL_TIM_PWM_Start  stm32h7xx_hal_tim.o
    0x0800b704   0x0800b704   0x000000b0   Code   RO         6575    i.HAL_TIM_PWM_Stop  stm32h7xx_hal_tim.o
    0x0800b7b4   0x0800b7b4   0x000000d4   Code   RO            8    i.HAL_TIM_PeriodElapsedCallback  main.o
    0x0800b888   0x0800b888   0x00000002   Code   RO         6583    i.HAL_TIM_TriggerCallback  stm32h7xx_hal_tim.o
    0x0800b88a   0x0800b88a   0x00000040   Code   RO        10658    i.HAL_UARTEx_DisableFifoMode  stm32h7xx_hal_uart_ex.o
    0x0800b8ca   0x0800b8ca   0x0000004e   Code   RO        10665    i.HAL_UARTEx_ReceiveToIdle_IT  stm32h7xx_hal_uart_ex.o
    0x0800b918   0x0800b918   0x00000028   Code   RO          796    i.HAL_UARTEx_RxEventCallback  usart.o
    0x0800b940   0x0800b940   0x00000002   Code   RO        10666    i.HAL_UARTEx_RxFifoFullCallback  stm32h7xx_hal_uart_ex.o
    0x0800b942   0x0800b942   0x0000004c   Code   RO        10667    i.HAL_UARTEx_SetRxFifoThreshold  stm32h7xx_hal_uart_ex.o
    0x0800b98e   0x0800b98e   0x0000004c   Code   RO        10668    i.HAL_UARTEx_SetTxFifoThreshold  stm32h7xx_hal_uart_ex.o
    0x0800b9da   0x0800b9da   0x00000002   Code   RO        10670    i.HAL_UARTEx_TxFifoEmptyCallback  stm32h7xx_hal_uart_ex.o
    0x0800b9dc   0x0800b9dc   0x00000002   Code   RO        10671    i.HAL_UARTEx_WakeupCallback  stm32h7xx_hal_uart_ex.o
    0x0800b9de   0x0800b9de   0x00000002   Code   RO        10263    i.HAL_UART_ErrorCallback  stm32h7xx_hal_uart.o
    0x0800b9e0   0x0800b9e0   0x0000039c   Code   RO        10266    i.HAL_UART_IRQHandler  stm32h7xx_hal_uart.o
    0x0800bd7c   0x0800bd7c   0x0000006a   Code   RO        10267    i.HAL_UART_Init     stm32h7xx_hal_uart.o
    0x0800bde6   0x0800bde6   0x00000002   PAD
    0x0800bde8   0x0800bde8   0x000000f4   Code   RO          798    i.HAL_UART_MspInit  usart.o
    0x0800bedc   0x0800bedc   0x00000002   Code   RO        10274    i.HAL_UART_RxCpltCallback  stm32h7xx_hal_uart.o
    0x0800bede   0x0800bede   0x000000b0   Code   RO        10276    i.HAL_UART_Transmit  stm32h7xx_hal_uart.o
    0x0800bf8e   0x0800bf8e   0x00000002   Code   RO        10279    i.HAL_UART_TxCpltCallback  stm32h7xx_hal_uart.o
    0x0800bf90   0x0800bf90   0x00000002   Code   RO          869    i.HardFault_Handler  stm32h7xx_it.o
    0x0800bf92   0x0800bf92   0x00000022   Code   RO         9369    i.I2C_Flush_TXDR    stm32h7xx_hal_i2c.o
    0x0800bfb4   0x0800bfb4   0x00000110   Code   RO         9377    i.I2C_IsErrorOccurred  stm32h7xx_hal_i2c.o
    0x0800c0c4   0x0800c0c4   0x00000064   Code   RO         9382    i.I2C_RequestMemoryRead  stm32h7xx_hal_i2c.o
    0x0800c128   0x0800c128   0x00000064   Code   RO         9383    i.I2C_RequestMemoryWrite  stm32h7xx_hal_i2c.o
    0x0800c18c   0x0800c18c   0x00000030   Code   RO         9386    i.I2C_TransferConfig  stm32h7xx_hal_i2c.o
    0x0800c1bc   0x0800c1bc   0x0000007c   Code   RO         9388    i.I2C_WaitOnFlagUntilTimeout  stm32h7xx_hal_i2c.o
    0x0800c238   0x0800c238   0x00000058   Code   RO         9390    i.I2C_WaitOnSTOPFlagUntilTimeout  stm32h7xx_hal_i2c.o
    0x0800c290   0x0800c290   0x0000005c   Code   RO         9391    i.I2C_WaitOnTXISFlagUntilTimeout  stm32h7xx_hal_i2c.o
    0x0800c2ec   0x0800c2ec   0x00000020   Code   RO         2908    i.LEDlight_Tog      userdebug.o
    0x0800c30c   0x0800c30c   0x000000c4   Code   RO         1037    i.LOAD_Process      control.o
    0x0800c3d0   0x0800c3d0   0x000000f0   Code   RO          426    i.LoopTask          freertos.o
    0x0800c4c0   0x0800c4c0   0x000000a4   Code   RO         1384    i.MD_CODE_map       in_out.o
    0x0800c564   0x0800c564   0x00000020   Code   RO         1385    i.MD_ResetEngineeringValue  in_out.o
    0x0800c584   0x0800c584   0x0000008c   Code   RO         1386    i.MD_UpdateEngineeringValue  in_out.o
    0x0800c610   0x0800c610   0x00000010   Code   RO         4007    i.MRAM_CS_HIGH      mram.o
    0x0800c620   0x0800c620   0x00000088   Code   RO         4008    i.MRAM_READ         mram.o
    0x0800c6a8   0x0800c6a8   0x00000088   Code   RO         4010    i.MRAM_WRITE        mram.o
    0x0800c730   0x0800c730   0x00000050   Code   RO         4011    i.MRAM_WriteEnable  mram.o
    0x0800c780   0x0800c780   0x00000054   Code   RO         4012    i.MRAM_WriteStatusRegister  mram.o
    0x0800c7d4   0x0800c7d4   0x00000108   Code   RO          427    i.MX_FREERTOS_Init  freertos.o
    0x0800c8dc   0x0800c8dc   0x00000204   Code   RO          394    i.MX_GPIO_Init      gpio.o
    0x0800cae0   0x0800cae0   0x00000058   Code   RO          569    i.MX_I2C2_Init      i2c.o
    0x0800cb38   0x0800cb38   0x00000058   Code   RO          611    i.MX_SPI1_Init      spi.o
    0x0800cb90   0x0800cb90   0x0000005c   Code   RO          612    i.MX_SPI2_Init      spi.o
    0x0800cbec   0x0800cbec   0x0000005c   Code   RO          613    i.MX_SPI3_Init      spi.o
    0x0800cc48   0x0800cc48   0x00000038   Code   RO          668    i.MX_TIM13_Init     tim.o
    0x0800cc80   0x0800cc80   0x00000034   Code   RO          669    i.MX_TIM14_Init     tim.o
    0x0800ccb4   0x0800ccb4   0x000000d0   Code   RO          670    i.MX_TIM15_Init     tim.o
    0x0800cd84   0x0800cd84   0x00000038   Code   RO          671    i.MX_TIM16_Init     tim.o
    0x0800cdbc   0x0800cdbc   0x00000038   Code   RO          672    i.MX_TIM17_Init     tim.o
    0x0800cdf4   0x0800cdf4   0x00000070   Code   RO          673    i.MX_TIM1_Init      tim.o
    0x0800ce64   0x0800ce64   0x00000098   Code   RO          674    i.MX_TIM2_Init      tim.o
    0x0800cefc   0x0800cefc   0x0000006c   Code   RO          675    i.MX_TIM4_Init      tim.o
    0x0800cf68   0x0800cf68   0x00000068   Code   RO          676    i.MX_TIM5_Init      tim.o
    0x0800cfd0   0x0800cfd0   0x00000048   Code   RO          677    i.MX_TIM6_Init      tim.o
    0x0800d018   0x0800d018   0x000000d8   Code   RO          678    i.MX_TIM8_Init      tim.o
    0x0800d0f0   0x0800d0f0   0x00000068   Code   RO          799    i.MX_USART1_UART_Init  usart.o
    0x0800d158   0x0800d158   0x00000068   Code   RO          800    i.MX_USART2_UART_Init  usart.o
    0x0800d1c0   0x0800d1c0   0x00000002   Code   RO          870    i.MemManage_Handler  stm32h7xx_it.o
    0x0800d1c2   0x0800d1c2   0x00000002   Code   RO          871    i.NMI_Handler       stm32h7xx_it.o
    0x0800d1c4   0x0800d1c4   0x00000094   Code   RO         1041    i.POS_Process       control.o
    0x0800d258   0x0800d258   0x00000020   Code   RO         4475    i.PhyLink_OFF_handle  loopback.o
    0x0800d278   0x0800d278   0x0000006c   Code   RO         1812    i.PulseWave         posgenerator.o
    0x0800d2e4   0x0800d2e4   0x00000120   Code   RO         7778    i.RCCEx_PLL2_Config  stm32h7xx_hal_rcc_ex.o
    0x0800d404   0x0800d404   0x00000120   Code   RO         7779    i.RCCEx_PLL3_Config  stm32h7xx_hal_rcc_ex.o
    0x0800d524   0x0800d524   0x00000098   Code   RO         2055    i.RDETHPARA_Process  communicate.o
    0x0800d5bc   0x0800d5bc   0x0000012c   Code   RO         2056    i.RDOUTPUTPARA_Process  communicate.o
    0x0800d6e8   0x0800d6e8   0x00000140   Code   RO         2057    i.RDSENSORBIGDEFORMATIONDATA_Process  communicate.o
    0x0800d828   0x0800d828   0x00000204   Code   RO         2058    i.RDSENSORDATA_Process  communicate.o
    0x0800da2c   0x0800da2c   0x00000058   Code   RO         2059    i.RDSERVOPARA_Process  communicate.o
    0x0800da84   0x0800da84   0x00000050   Code   RO         2060    i.RDSYSPARA_Process  communicate.o
    0x0800dad4   0x0800dad4   0x00000020   Code   RO         3549    i.RS485_init        rs485.o
    0x0800daf4   0x0800daf4   0x00000038   Code   RO         1813    i.RectangleWave     posgenerator.o
    0x0800db2c   0x0800db2c   0x00000038   Code   RO         3514    i.Relay_Write       do.o
    0x0800db64   0x0800db64   0x00000070   Code   RO         2061    i.SETTARE_Process   communicate.o
    0x0800dbd4   0x0800dbd4   0x00000030   Code   RO         1387    i.SONMap            in_out.o
    0x0800dc04   0x0800dc04   0x00000010   Code   RO         4908    i.SPI_CS_Deselect   bsp_spi.o
    0x0800dc14   0x0800dc14   0x00000010   Code   RO         4909    i.SPI_CS_Select     bsp_spi.o
    0x0800dc24   0x0800dc24   0x000000bc   Code   RO         9940    i.SPI_CloseTransfer  stm32h7xx_hal_spi.o
    0x0800dce0   0x0800dce0   0x00000018   Code   RO         4912    i.SPI_ReadByte      bsp_spi.o
    0x0800dcf8   0x0800dcf8   0x00000018   Code   RO         4121    i.SPI_SendByte      cs5552.o
    0x0800dd10   0x0800dd10   0x0000001c   Code   RO         4122    i.SPI_TxRxByte      cs5552.o
    0x0800dd2c   0x0800dd2c   0x00000046   Code   RO         9957    i.SPI_WaitOnFlagUntilTimeout  stm32h7xx_hal_spi.o
    0x0800dd72   0x0800dd72   0x00000002   PAD
    0x0800dd74   0x0800dd74   0x00000014   Code   RO         4913    i.SPI_WriteByte     bsp_spi.o
    0x0800dd88   0x0800dd88   0x0000002a   Code   RO         1814    i.SawtoothWave      posgenerator.o
    0x0800ddb2   0x0800ddb2   0x0000002a   Code   RO         1815    i.Sawtooth_InverseWave  posgenerator.o
    0x0800dddc   0x0800dddc   0x00000034   Code   RO         3688    i.Servo_DIR_GPIO_Init  servo_driver.o
    0x0800de10   0x0800de10   0x00000020   Code   RO         3689    i.Servo_PWM_Disable  servo_driver.o
    0x0800de30   0x0800de30   0x00000020   Code   RO         3690    i.Servo_PWM_Enable  servo_driver.o
    0x0800de50   0x0800de50   0x00000018   Code   RO         3691    i.Servo_mod_fclk    servo_driver.o
    0x0800de68   0x0800de68   0x000001fc   Code   RO         1389    i.SetTareMonitor    in_out.o
    0x0800e064   0x0800e064   0x0000004c   Code   RO        11256    i.Slave_ReadCoilState  modbus_slave_rtu.o
    0x0800e0b0   0x0800e0b0   0x00000198   Code   RO        11257    i.Slave_ReadHoldReg  modbus_slave_rtu.o
    0x0800e248   0x0800e248   0x00000034   Code   RO        11258    i.Slave_ReadInputReg  modbus_slave_rtu.o
    0x0800e27c   0x0800e27c   0x00000032   Code   RO        11259    i.Slave_ReadInputState  modbus_slave_rtu.o
    0x0800e2ae   0x0800e2ae   0x00000002   PAD
    0x0800e2b0   0x0800e2b0   0x000000f4   Code   RO        11260    i.Slave_WriteMulCoils  modbus_slave_rtu.o
    0x0800e3a4   0x0800e3a4   0x00000050   Code   RO        11261    i.Slave_WriteMulReg  modbus_slave_rtu.o
    0x0800e3f4   0x0800e3f4   0x00000014   Code   RO        11262    i.Slave_WriteOneCoil  modbus_slave_rtu.o
    0x0800e408   0x0800e408   0x00000040   Code   RO        11263    i.Slave_WriteOneReg  modbus_slave_rtu.o
    0x0800e448   0x0800e448   0x000000f4   Code   RO          428    i.StartDefaultTask  freertos.o
    0x0800e53c   0x0800e53c   0x0000003e   Code   RO        10866    i.Static_Set_Output_Log_Format  elog_port.o
    0x0800e57a   0x0800e57a   0x00000002   PAD
    0x0800e57c   0x0800e57c   0x0000002c   Code   RO         6368    i.SysTick_Handler   port.o
    0x0800e5a8   0x0800e5a8   0x000000a4   Code   RO            9    i.SystemClock_Config  main.o
    0x0800e64c   0x0800e64c   0x000000f8   Code   RO         6449    i.SystemInit        system_stm32h7xx.o
    0x0800e744   0x0800e744   0x0000000c   Code   RO          872    i.TIM16_IRQHandler  stm32h7xx_it.o
    0x0800e750   0x0800e750   0x0000000c   Code   RO          873    i.TIM17_IRQHandler  stm32h7xx_it.o
    0x0800e75c   0x0800e75c   0x0000000c   Code   RO          874    i.TIM6_DAC_IRQHandler  stm32h7xx_it.o
    0x0800e768   0x0800e768   0x0000000c   Code   RO          875    i.TIM7_IRQHandler   stm32h7xx_it.o
    0x0800e774   0x0800e774   0x0000000c   Code   RO          876    i.TIM8_CC_IRQHandler  stm32h7xx_it.o
    0x0800e780   0x0800e780   0x000000cc   Code   RO         6585    i.TIM_Base_SetConfig  stm32h7xx_hal_tim.o
    0x0800e84c   0x0800e84c   0x0000001a   Code   RO         6586    i.TIM_CCxChannelCmd  stm32h7xx_hal_tim.o
    0x0800e866   0x0800e866   0x00000012   Code   RO         6596    i.TIM_ETR_SetConfig  stm32h7xx_hal_tim.o
    0x0800e878   0x0800e878   0x00000014   Code   RO         6597    i.TIM_ITRx_SetConfig  stm32h7xx_hal_tim.o
    0x0800e88c   0x0800e88c   0x000000a4   Code   RO         6598    i.TIM_OC1_SetConfig  stm32h7xx_hal_tim.o
    0x0800e930   0x0800e930   0x00000098   Code   RO         6599    i.TIM_OC2_SetConfig  stm32h7xx_hal_tim.o
    0x0800e9c8   0x0800e9c8   0x00000098   Code   RO         6600    i.TIM_OC3_SetConfig  stm32h7xx_hal_tim.o
    0x0800ea60   0x0800ea60   0x00000078   Code   RO         6601    i.TIM_OC4_SetConfig  stm32h7xx_hal_tim.o
    0x0800ead8   0x0800ead8   0x00000074   Code   RO         6602    i.TIM_OC5_SetConfig  stm32h7xx_hal_tim.o
    0x0800eb4c   0x0800eb4c   0x00000074   Code   RO         6603    i.TIM_OC6_SetConfig  stm32h7xx_hal_tim.o
    0x0800ebc0   0x0800ebc0   0x00000022   Code   RO         6605    i.TIM_TI1_ConfigInputStage  stm32h7xx_hal_tim.o
    0x0800ebe2   0x0800ebe2   0x00000024   Code   RO         6607    i.TIM_TI2_ConfigInputStage  stm32h7xx_hal_tim.o
    0x0800ec06   0x0800ec06   0x00000016   Code   RO          429    i.Tim6GetIntervalCount  freertos.o
    0x0800ec1c   0x0800ec1c   0x00000678   Code   RO         1046    i.TrackSwitch       control.o
    0x0800f294   0x0800f294   0x0000006c   Code   RO         1816    i.TriangleWave      posgenerator.o
    0x0800f300   0x0800f300   0x00000044   Code   RO        10672    i.UARTEx_SetNbDataToProcess  stm32h7xx_hal_uart_ex.o
    0x0800f344   0x0800f344   0x000000c8   Code   RO        10281    i.UART_AdvFeatureConfig  stm32h7xx_hal_uart.o
    0x0800f40c   0x0800f40c   0x000000aa   Code   RO        10282    i.UART_CheckIdleState  stm32h7xx_hal_uart.o
    0x0800f4b6   0x0800f4b6   0x00000010   Code   RO        10283    i.UART_DMAAbortOnError  stm32h7xx_hal_uart.o
    0x0800f4c6   0x0800f4c6   0x00000002   PAD
    0x0800f4c8   0x0800f4c8   0x00000054   Code   RO        10293    i.UART_EndRxTransfer  stm32h7xx_hal_uart.o
    0x0800f51c   0x0800f51c   0x000000c8   Code   RO        10295    i.UART_RxISR_16BIT  stm32h7xx_hal_uart.o
    0x0800f5e4   0x0800f5e4   0x000001a0   Code   RO        10296    i.UART_RxISR_16BIT_FIFOEN  stm32h7xx_hal_uart.o
    0x0800f784   0x0800f784   0x000000c8   Code   RO        10297    i.UART_RxISR_8BIT   stm32h7xx_hal_uart.o
    0x0800f84c   0x0800f84c   0x000001a0   Code   RO        10298    i.UART_RxISR_8BIT_FIFOEN  stm32h7xx_hal_uart.o
    0x0800f9ec   0x0800f9ec   0x000003ac   Code   RO        10299    i.UART_SetConfig    stm32h7xx_hal_uart.o
    0x0800fd98   0x0800fd98   0x00000110   Code   RO        10301    i.UART_Start_Receive_IT  stm32h7xx_hal_uart.o
    0x0800fea8   0x0800fea8   0x00000094   Code   RO        10306    i.UART_WaitOnFlagUntilTimeout  stm32h7xx_hal_uart.o
    0x0800ff3c   0x0800ff3c   0x0000000c   Code   RO          877    i.USART2_IRQHandler  stm32h7xx_it.o
    0x0800ff48   0x0800ff48   0x0000009c   Code   RO         2062    i.UTC_SET_ON_DEBUG_MSG_Process  communicate.o
    0x0800ffe4   0x0800ffe4   0x00000098   Code   RO         2063    i.UTC_SET_ON_LPOS_MSG_Process  communicate.o
    0x0801007c   0x0801007c   0x00000098   Code   RO         2064    i.UTC_SET_ON_POS_MSG_Process  communicate.o
    0x08010114   0x08010114   0x00000090   Code   RO         2065    i.UTC_SET_ON_RUNTIME_MSG_Process  communicate.o
    0x080101a4   0x080101a4   0x00000094   Code   RO         2066    i.UTC_SET_ON_SFT_MSG_Process  communicate.o
    0x08010238   0x08010238   0x00000094   Code   RO         2067    i.UTC_SET_ON_SYSTEM_MSG_Process  communicate.o
    0x080102cc   0x080102cc   0x00000098   Code   RO         2068    i.UTC_SET_ON_TPOS_MSG_Process  communicate.o
    0x08010364   0x08010364   0x00000034   Code   RO         4476    i.UTC_TcpC_Rev      loopback.o
    0x08010398   0x08010398   0x0000005e   Code   RO         4477    i.UTC_TcpC_Send     loopback.o
    0x080103f6   0x080103f6   0x00000002   PAD
    0x080103f8   0x080103f8   0x000000d4   Code   RO         2642    i.UTC_revbuf_process  ethprotocol.o
    0x080104cc   0x080104cc   0x000000a0   Code   RO         2643    i.UTC_sendbuf_process  ethprotocol.o
    0x0801056c   0x0801056c   0x00000002   Code   RO          878    i.UsageFault_Handler  stm32h7xx_it.o
    0x0801056e   0x0801056e   0x00000040   Code   RO         2069    i.Variable_Type_Conversion  communicate.o
    0x080105ae   0x080105ae   0x00000002   PAD
    0x080105b0   0x080105b0   0x00000030   Code   RO         4274    i.W5500_Restart     ethw5500.o
    0x080105e0   0x080105e0   0x00000058   Code   RO         4842    i.WIZCHIP_READ      w5500.o
    0x08010638   0x08010638   0x00000074   Code   RO         4843    i.WIZCHIP_READ_BUF  w5500.o
    0x080106ac   0x080106ac   0x00000060   Code   RO         4844    i.WIZCHIP_WRITE     w5500.o
    0x0801070c   0x0801070c   0x00000070   Code   RO         4845    i.WIZCHIP_WRITE_BUF  w5500.o
    0x0801077c   0x0801077c   0x0000006c   Code   RO         2070    i.WRETHPARA_Process  communicate.o
    0x080107e8   0x080107e8   0x00000240   Code   RO         2071    i.WROUTPUTPARA_Process  communicate.o
    0x08010a28   0x08010a28   0x00000200   Code   RO         2072    i.WRSENSORBIGDEFORMATIONDATA_Process  communicate.o
    0x08010c28   0x08010c28   0x00000158   Code   RO         2073    i.WRSENSORDATA_Process  communicate.o
    0x08010d80   0x08010d80   0x00000070   Code   RO         2074    i.WRSERVOPARA_Process  communicate.o
    0x08010df0   0x08010df0   0x000000ec   Code   RO         2075    i.WRSYSPARA_Process  communicate.o
    0x08010edc   0x08010edc   0x00000170   Code   RO          430    i.WatchdogTask      freertos.o
    0x0801104c   0x0801104c   0x0000001c   Code   RO          431    i.WaveTask          freertos.o
    0x08011068   0x08011068   0x00000020   Code   RO        11733    i.__0printf         mc_w.l(printfa.o)
    0x08011088   0x08011088   0x00000034   Code   RO        11734    i.__0snprintf       mc_w.l(printfa.o)
    0x080110bc   0x080110bc   0x00000034   Code   RO        11738    i.__0vsnprintf      mc_w.l(printfa.o)
    0x080110f0   0x080110f0   0x00000022   Code   RO         7518    i.__NVIC_SetPriority  stm32h7xx_hal_cortex.o
    0x08011112   0x08011112   0x00000002   PAD
    0x08011114   0x08011114   0x00000124   Code   RO        11383    i.__hardfp_acosf    m_wv.l(acosf.o)
    0x08011238   0x08011238   0x00000150   Code   RO        11395    i.__hardfp_cosf     m_wv.l(cosf.o)
    0x08011388   0x08011388   0x0000003a   Code   RO        11459    i.__hardfp_sqrtf    m_wv.l(sqrtf.o)
    0x080113c2   0x080113c2   0x00000006   Code   RO        11792    i.__mathlib_flt_infnan  m_wv.l(funder.o)
    0x080113c8   0x080113c8   0x00000010   Code   RO        11794    i.__mathlib_flt_invalid  m_wv.l(funder.o)
    0x080113d8   0x080113d8   0x00000154   Code   RO        11808    i.__mathlib_rredf2  m_wv.l(rredf.o)
    0x0801152c   0x0801152c   0x0000000e   Code   RO        11863    i.__scatterload_copy  mc_w.l(handlers.o)
    0x0801153a   0x0801153a   0x00000002   Code   RO        11864    i.__scatterload_null  mc_w.l(handlers.o)
    0x0801153c   0x0801153c   0x0000000e   Code   RO        11865    i.__scatterload_zeroinit  mc_w.l(handlers.o)
    0x0801154a   0x0801154a   0x00000002   PAD
    0x0801154c   0x0801154c   0x0000000c   Code   RO        11835    i.__set_errno       mc_w.l(errno.o)
    0x08011558   0x08011558   0x00000184   Code   RO        11740    i._fp_digits        mc_w.l(printfa.o)
    0x080116dc   0x080116dc   0x000006b4   Code   RO        11741    i._printf_core      mc_w.l(printfa.o)
    0x08011d90   0x08011d90   0x00000024   Code   RO        11742    i._printf_post_padding  mc_w.l(printfa.o)
    0x08011db4   0x08011db4   0x0000002e   Code   RO        11743    i._printf_pre_padding  mc_w.l(printfa.o)
    0x08011de2   0x08011de2   0x00000016   Code   RO        11744    i._snputc           mc_w.l(printfa.o)
    0x08011df8   0x08011df8   0x0000006c   Code   RO         3396    i.adrcControlLawPoswithCreep  adrc.o
    0x08011e64   0x08011e64   0x00000034   Code   RO         3400    i.adrcInit          adrc.o
    0x08011e98   0x08011e98   0x00000074   Code   RO         3401    i.adrcLESO          adrc.o
    0x08011f0c   0x08011f0c   0x000000c4   Code   RO         2956    i.antiMultipointCalibrateFunc  sensor.o
    0x08011fd0   0x08011fd0   0x000000e0   Code   RO         2957    i.antiSinglepointCalibrateFunc  sensor.o
    0x080120b0   0x080120b0   0x00000078   Code   RO        11130    i.async_put_log     elog_async_freertos.o
    0x08012128   0x08012128   0x00000074   Code   RO         1390    i.bigDeformationCalcu  in_out.o
    0x0801219c   0x0801219c   0x00000074   Code   RO         4541    i.close             socket.o
    0x08012210   0x08012210   0x00000130   Code   RO         1391    i.closeloopOutputMap  in_out.o
    0x08012340   0x08012340   0x0000003c   Code   RO         1047    i.closeloopParaUpdate  control.o
    0x0801237c   0x0801237c   0x00000124   Code   RO         1048    i.combinedMoveCommandCompletionMonitor  control.o
    0x080124a0   0x080124a0   0x0000015c   Code   RO         2076    i.combinedMoveDWND_Process  communicate.o
    0x080125fc   0x080125fc   0x00000008   Code   RO         2448    i.commBufResume     gparameter.o
    0x08012604   0x08012604   0x0000000e   Code   RO         2449    i.commBufSave       gparameter.o
    0x08012612   0x08012612   0x00000002   PAD
    0x08012614   0x08012614   0x00000020   Code   RO          679    i.configureTimerForRunTimeStats  tim.o
    0x08012634   0x08012634   0x00000110   Code   RO         4542    i.connect           socket.o
    0x08012744   0x08012744   0x0000001e   Code   RO         2450    i.constraint        gparameter.o
    0x08012762   0x08012762   0x0000000e   Code   RO         2451    i.constraintINT     gparameter.o
    0x08012770   0x08012770   0x00000074   Code   RO         1049    i.controlLoop       control.o
    0x080127e4   0x080127e4   0x00000020   Code   RO         3338    i.create_TD         td.o
    0x08012804   0x08012804   0x0000004c   Code   RO         4623    i.ctlnetwork        wizchip_conf.o
    0x08012850   0x08012850   0x000000ec   Code   RO         4624    i.ctlwizchip        wizchip_conf.o
    0x0801293c   0x0801293c   0x00000020   Code   RO         2452    i.ctrstruct_update  gparameter.o
    0x0801295c   0x0801295c   0x0000008c   Code   RO         4544    i.disconnect        socket.o
    0x080129e8   0x080129e8   0x0000004c   Code   RO         2726    i.eepromSensorReadInit  eeprom_manage.o
    0x08012a34   0x08012a34   0x000001e4   Code   RO         2730    i.eeprom_write_monitor  eeprom_manage.o
    0x08012c18   0x08012c18   0x0000000c   Code   RO        11132    i.elog_async_enabled  elog_async_freertos.o
    0x08012c24   0x08012c24   0x00000030   Code   RO        11133    i.elog_async_get_buf_used  elog_async_freertos.o
    0x08012c54   0x08012c54   0x00000090   Code   RO        11134    i.elog_async_get_line_log  elog_async_freertos.o
    0x08012ce4   0x08012ce4   0x00000044   Code   RO        11135    i.elog_async_init   elog_async_freertos.o
    0x08012d28   0x08012d28   0x0000002c   Code   RO        11136    i.elog_async_output  elog_async_freertos.o
    0x08012d54   0x08012d54   0x00000014   Code   RO        11137    i.elog_async_output_notice  elog_async_freertos.o
    0x08012d68   0x08012d68   0x0000003c   Code   RO        11138    i.elog_async_task   elog_async_freertos.o
    0x08012da4   0x08012da4   0x00000108   Code   RO        11105    i.elog_cpyln        elog_utils.o
    0x08012eac   0x08012eac   0x000000f4   Code   RO        10943    i.elog_get_filter_tag_lvl  elog.o
    0x08012fa0   0x08012fa0   0x00000074   Code   RO        10947    i.elog_init         elog.o
    0x08013014   0x08013014   0x0000037c   Code   RO        10948    i.elog_output       elog.o
    0x08013390   0x08013390   0x00000020   Code   RO        10949    i.elog_output_lock  elog.o
    0x080133b0   0x080133b0   0x0000002c   Code   RO        10950    i.elog_output_lock_enabled  elog.o
    0x080133dc   0x080133dc   0x00000020   Code   RO        10951    i.elog_output_unlock  elog.o
    0x080133fc   0x080133fc   0x00000008   Code   RO        10868    i.elog_port_get_p_info  elog_port.o
    0x08013404   0x08013404   0x00000020   Code   RO        10869    i.elog_port_get_t_info  elog_port.o
    0x08013424   0x08013424   0x00000044   Code   RO        10870    i.elog_port_get_time  elog_port.o
    0x08013468   0x08013468   0x00000044   Code   RO        10871    i.elog_port_init    elog_port.o
    0x080134ac   0x080134ac   0x00000010   Code   RO        10872    i.elog_port_output  elog_port.o
    0x080134bc   0x080134bc   0x00000018   Code   RO        10873    i.elog_port_output_lock  elog_port.o
    0x080134d4   0x080134d4   0x00000018   Code   RO        10874    i.elog_port_output_unlock  elog_port.o
    0x080134ec   0x080134ec   0x000000b0   Code   RO        10955    i.elog_set_filter_lvl  elog.o
    0x0801359c   0x0801359c   0x000000b8   Code   RO        10958    i.elog_set_fmt      elog.o
    0x08013654   0x08013654   0x00000024   Code   RO        10961    i.elog_start        elog.o
    0x08013678   0x08013678   0x000000f0   Code   RO        11107    i.elog_strcpy       elog_utils.o
    0x08013768   0x08013768   0x000000dc   Code   RO         2453    i.emergencyForceHalt  gparameter.o
    0x08013844   0x08013844   0x00000006   Code   RO         3886    i.encoderCountInit  encoder.o
    0x0801384a   0x0801384a   0x00000002   PAD
    0x0801384c   0x0801384c   0x00000098   Code   RO         1050    i.extenAdrc         control.o
    0x080138e4   0x080138e4   0x0000009c   Code   RO         1051    i.extenPID          control.o
    0x08013980   0x08013980   0x00000060   Code   RO         1052    i.extenTargetCalcu  control.o
    0x080139e0   0x080139e0   0x0000000c   Code   RO         1393    i.extensometer2Calcu  in_out.o
    0x080139ec   0x080139ec   0x0000006c   Code   RO         1394    i.extensometer2FilterLsm  in_out.o
    0x08013a58   0x08013a58   0x00000028   Code   RO         1395    i.extensometer2FilterSwitch  in_out.o
    0x08013a80   0x08013a80   0x00000184   Code   RO         1396    i.extensometer2FilterWithLenSwitch  in_out.o
    0x08013c04   0x08013c04   0x00000034   Code   RO         1397    i.extensometerCalcu  in_out.o
    0x08013c38   0x08013c38   0x0000006c   Code   RO         1398    i.extensometerFilterLsm  in_out.o
    0x08013ca4   0x08013ca4   0x00000028   Code   RO         1399    i.extensometerFilterSwitch  in_out.o
    0x08013ccc   0x08013ccc   0x00000184   Code   RO         1400    i.extensometerFilterWithLenSwitch  in_out.o
    0x08013e50   0x08013e50   0x00000020   Code   RO         3783    i.fifo_init         myfifo.o
    0x08013e70   0x08013e70   0x00000018   Code   RO          802    i.fputc             usart.o
    0x08013e88   0x08013e88   0x0000000c   Code   RO          680    i.getRunTimeCounterValue  tim.o
    0x08013e94   0x08013e94   0x0000004c   Code   RO         4846    i.getSn_RX_RSR      w5500.o
    0x08013ee0   0x08013ee0   0x0000004c   Code   RO         4847    i.getSn_TX_FSR      w5500.o
    0x08013f2c   0x08013f2c   0x000000c0   Code   RO        10963    i.get_fmt_enabled   elog.o
    0x08013fec   0x08013fec   0x0000001e   Code   RO         1401    i.halDOMap          in_out.o
    0x0801400a   0x0801400a   0x00000002   PAD
    0x0801400c   0x0801400c   0x00000108   Code   RO         1053    i.halt_destination_caclu  control.o
    0x08014114   0x08014114   0x00000058   Code   RO           11    i.hardwareInit      main.o
    0x0801416c   0x0801416c   0x00000010   Code   RO         5931    i.inHandlerMode     cmsis_os.o
    0x0801417c   0x0801417c   0x00000028   Code   RO         1402    i.inputGetValue     in_out.o
    0x080141a4   0x080141a4   0x0000013c   Code   RO         1403    i.inputMapping      in_out.o
    0x080142e0   0x080142e0   0x0000013c   Code   RO         3260    i.leastSquareStandard  lsm.o
    0x0801441c   0x0801441c   0x00000198   Code   RO         3261    i.least_square_fast  lsm.o
    0x080145b4   0x080145b4   0x00000154   Code   RO         1404    i.limitProtectProcess  in_out.o
    0x08014708   0x08014708   0x00000038   Code   RO         1054    i.loadAdrc          control.o
    0x08014740   0x08014740   0x0000000c   Code   RO         1405    i.loadCalcu         in_out.o
    0x0801474c   0x0801474c   0x0000006c   Code   RO         1406    i.loadFilterLsm     in_out.o
    0x080147b8   0x080147b8   0x00000028   Code   RO         1407    i.loadFilterSwitch  in_out.o
    0x080147e0   0x080147e0   0x00000134   Code   RO         1408    i.loadFilterWithLenSwitch  in_out.o
    0x08014914   0x08014914   0x00000148   Code   RO         1055    i.loadPID           control.o
    0x08014a5c   0x08014a5c   0x00000080   Code   RO         1056    i.loadTargetCalcu   control.o
    0x08014adc   0x08014adc   0x0000008c   Code   RO         1411    i.loadspeed_filter  in_out.o
    0x08014b68   0x08014b68   0x00000026   Code   RO         1057    i.loopTimeGet       control.o
    0x08014b8e   0x08014b8e   0x00000002   PAD
    0x08014b90   0x08014b90   0x000000dc   Code   RO           12    i.main              main.o
    0x08014c6c   0x08014c6c   0x0000000c   Code   RO         5933    i.makeFreeRtosPriority  cmsis_os.o
    0x08014c78   0x08014c78   0x00000110   Code   RO         3555    i.manualBoxCoilUpdate  rs485.o
    0x08014d88   0x08014d88   0x0000004c   Code   RO         1412    i.manualBoxDown     in_out.o
    0x08014dd4   0x08014dd4   0x00000028   Code   RO         1413    i.manualBoxFuncRegister  in_out.o
    0x08014dfc   0x08014dfc   0x00000034   Code   RO         1414    i.manualBoxHalt     in_out.o
    0x08014e30   0x08014e30   0x00000024   Code   RO         1415    i.manualBoxInit     in_out.o
    0x08014e54   0x08014e54   0x00000054   Code   RO         1416    i.manualBoxReset    in_out.o
    0x08014ea8   0x08014ea8   0x00000020   Code   RO         1417    i.manualBoxTypeMonitor  in_out.o
    0x08014ec8   0x08014ec8   0x0000004c   Code   RO         1418    i.manualBoxUp       in_out.o
    0x08014f14   0x08014f14   0x00000048   Code   RO         3262    i.mean_fast         lsm.o
    0x08014f5c   0x08014f5c   0x00000034   Code   RO         1419    i.measureData_init  in_out.o
    0x08014f90   0x08014f90   0x00000010   Code   RO        11195    i.mobusSendFunction  modbus_slave.o
    0x08014fa0   0x08014fa0   0x000000ac   Code   RO         3693    i.modFclkNumberPULSEInit  servo_driver.o
    0x0801504c   0x0801504c   0x000001dc   Code   RO         3696    i.modServoFclk      servo_driver.o
    0x08015228   0x08015228   0x00000028   Code   RO        11196    i.modbusInit        modbus_slave.o
    0x08015250   0x08015250   0x00000008   Code   RO        11197    i.modbusRevFunction  modbus_slave.o
    0x08015258   0x08015258   0x00000060   Code   RO        11198    i.modbusSlaveStructInit  modbus_slave.o
    0x080152b8   0x080152b8   0x0000002c   Code   RO        11356    i.modbus_crc_compute  modbus_common.o
    0x080152e4   0x080152e4   0x00000014   Code   RO        11200    i.modbus_poll_rec   modbus_slave.o
    0x080152f8   0x080152f8   0x00000170   Code   RO        11264    i.modbus_rtu_poll   modbus_slave_rtu.o
    0x08015468   0x08015468   0x0000000c   Code   RO        11265    i.modbus_slave_rtu_init  modbus_slave_rtu.o
    0x08015474   0x08015474   0x00000084   Code   RO         3069    i.mramCheck         mram_manage.o
    0x080154f8   0x080154f8   0x0000009c   Code   RO         3070    i.mramDefaultAccWrite  mram_manage.o
    0x08015594   0x08015594   0x00000100   Code   RO         3071    i.mramEthWrite      mram_manage.o
    0x08015694   0x08015694   0x000000b8   Code   RO         3072    i.mramFfdWrite      mram_manage.o
    0x0801574c   0x0801574c   0x0000006c   Code   RO         3073    i.mramInit          mram_manage.o
    0x080157b8   0x080157b8   0x000000ac   Code   RO         3074    i.mramIntgrWrite    mram_manage.o
    0x08015864   0x08015864   0x000000c4   Code   RO         3075    i.mramNominalWrite  mram_manage.o
    0x08015928   0x08015928   0x000000f8   Code   RO         3076    i.mramOutputParaWriteAll  mram_manage.o
    0x08015a20   0x08015a20   0x000000d0   Code   RO         3077    i.mramPosPIDWrite   mram_manage.o
    0x08015af0   0x08015af0   0x00000c38   Code   RO         3078    i.mramReadAll       mram_manage.o
    0x08016728   0x08016728   0x000000c4   Code   RO         3080    i.mramSensorCheckWriteAll  mram_manage.o
    0x080167ec   0x080167ec   0x000000e0   Code   RO         3082    i.mramSensorCodeWrite  mram_manage.o
    0x080168cc   0x080168cc   0x0000012c   Code   RO         3083    i.mramSensorPoseWriteAll  mram_manage.o
    0x080169f8   0x080169f8   0x0000009c   Code   RO         3085    i.mramServoParamWrite  mram_manage.o
    0x08016a94   0x08016a94   0x000000e4   Code   RO         3086    i.mramSftWrite      mram_manage.o
    0x08016b78   0x08016b78   0x000000d4   Code   RO         3087    i.mramSpeedPIDWrite  mram_manage.o
    0x08016c4c   0x08016c4c   0x00000098   Code   RO         3088    i.mramSpeedWrite    mram_manage.o
    0x08016ce4   0x08016ce4   0x0000008c   Code   RO         3089    i.mramSysParaWriteAll  mram_manage.o
    0x08016d70   0x08016d70   0x00000080   Code   RO         3090    i.mramTansmitDataPeriodWrite  mram_manage.o
    0x08016df0   0x08016df0   0x000000bc   Code   RO         3091    i.mramWndWrite      mram_manage.o
    0x08016eac   0x08016eac   0x00000c3c   Code   RO         3092    i.mramWriteAll      mram_manage.o
    0x08017ae8   0x08017ae8   0x00000278   Code   RO         3096    i.mram_write_monitor  mram_manage.o
    0x08017d60   0x08017d60   0x00000170   Code   RO         2961    i.multipointCalibrateFunc  sensor.o
    0x08017ed0   0x08017ed0   0x00000014   Code   RO         2962    i.multipointZeroCodeUpdateFunc  sensor.o
    0x08017ee4   0x08017ee4   0x00000068   Code   RO         4275    i.networkParamConfigInit  ethw5500.o
    0x08017f4c   0x08017f4c   0x000001a0   Code   RO         4276    i.network_init      ethw5500.o
    0x080180ec   0x080180ec   0x000001b4   Code   RO         1059    i.normalPosGeneratorInit  control.o
    0x080182a0   0x080182a0   0x00000080   Code   RO         1420    i.openloopOutputMap  in_out.o
    0x08018320   0x08018320   0x000000a8   Code   RO         1421    i.openloop_parameters_update  in_out.o
    0x080183c8   0x080183c8   0x00000010   Code   RO         5935    i.osDelay           cmsis_os.o
    0x080183d8   0x080183d8   0x00000012   Code   RO         5937    i.osKernelRunning   cmsis_os.o
    0x080183ea   0x080183ea   0x0000000a   Code   RO         5938    i.osKernelStart     cmsis_os.o
    0x080183f4   0x080183f4   0x0000000a   Code   RO         5947    i.osMessageCreate   cmsis_os.o
    0x080183fe   0x080183fe   0x00000006   Code   RO         5953    i.osMutexCreate     cmsis_os.o
    0x08018404   0x08018404   0x00000028   Code   RO         5964    i.osSemaphoreCreate  cmsis_os.o
    0x0801842c   0x0801842c   0x00000050   Code   RO         5967    i.osSemaphoreRelease  cmsis_os.o
    0x0801847c   0x0801847c   0x00000068   Code   RO         5968    i.osSemaphoreWait   cmsis_os.o
    0x080184e4   0x080184e4   0x00000034   Code   RO         5972    i.osThreadCreate    cmsis_os.o
    0x08018518   0x08018518   0x000000a0   Code   RO         1422    i.outputControl     in_out.o
    0x080185b8   0x080185b8   0x00000028   Code   RO         1423    i.outputMapping     in_out.o
    0x080185e0   0x080185e0   0x0000003c   Code   RO         1424    i.outputSignalConstraint  in_out.o
    0x0801861c   0x0801861c   0x00000038   Code   RO         1426    i.outputSignalOffset  in_out.o
    0x08018654   0x08018654   0x00000050   Code   RO         1427    i.outputSignalProcess  in_out.o
    0x080186a4   0x080186a4   0x00000012   Code   RO         1428    i.outputSignalSign  in_out.o
    0x080186b6   0x080186b6   0x00000002   PAD
    0x080186b8   0x080186b8   0x00000014   Code   RO         1429    i.output_param_update  in_out.o
    0x080186cc   0x080186cc   0x000005a2   Code   RO         2455    i.paraConfigSem_Process  gparameter.o
    0x08018c6e   0x08018c6e   0x00000002   PAD
    0x08018c70   0x08018c70   0x000003e0   Code   RO         2457    i.parameter_default_init  gparameter.o
    0x08019050   0x08019050   0x00000024   Code   RO         5549    i.pcTaskGetName     tasks.o
    0x08019074   0x08019074   0x00000080   Code   RO         1820    i.pgNormalInit      posgenerator.o
    0x080190f4   0x080190f4   0x00000006   Code   RO         1821    i.pgResume          posgenerator.o
    0x080190fa   0x080190fa   0x00000002   PAD
    0x080190fc   0x080190fc   0x00000424   Code   RO         1822    i.pg_init           posgenerator.o
    0x08019520   0x08019520   0x0000000c   Code   RO         1823    i.pg_save           posgenerator.o
    0x0801952c   0x0801952c   0x000000b4   Code   RO         1824    i.pgcycle_init      posgenerator.o
    0x080195e0   0x080195e0   0x0000007a   Code   RO        10783    i.pidCalExt         pid.o
    0x0801965a   0x0801965a   0x00000002   PAD
    0x0801965c   0x0801965c   0x000000a0   Code   RO        10784    i.pidCalLoad        pid.o
    0x080196fc   0x080196fc   0x00000098   Code   RO        10785    i.pidCalPos         pid.o
    0x08019794   0x08019794   0x000000ac   Code   RO        10786    i.pidInitExt        pid.o
    0x08019840   0x08019840   0x000000c4   Code   RO        10787    i.pidInitLoad       pid.o
    0x08019904   0x08019904   0x000000a0   Code   RO        10788    i.pidInitPos        pid.o
    0x080199a4   0x080199a4   0x0000001e   Code   RO        10789    i.pidLimit          pid.o
    0x080199c2   0x080199c2   0x00000002   PAD
    0x080199c4   0x080199c4   0x00000034   Code   RO        10790    i.pidParaUpdateExt  pid.o
    0x080199f8   0x080199f8   0x00000034   Code   RO        10791    i.pidParaUpdateLoad  pid.o
    0x08019a2c   0x08019a2c   0x00000034   Code   RO        10792    i.pidParaUpdatePos  pid.o
    0x08019a60   0x08019a60   0x00000070   Code   RO         1061    i.posAdrc           control.o
    0x08019ad0   0x08019ad0   0x00000070   Code   RO         1062    i.posExtCompletionMonitorProcess  control.o
    0x08019b40   0x08019b40   0x000000a4   Code   RO         1063    i.posExtLimitCalculate  control.o
    0x08019be4   0x08019be4   0x00000058   Code   RO         1064    i.posExtParamInit   control.o
    0x08019c3c   0x08019c3c   0x000000e0   Code   RO         1066    i.posPwmCalcu       control.o
    0x08019d1c   0x08019d1c   0x00000090   Code   RO         1067    i.posTargetCalcu    control.o
    0x08019dac   0x08019dac   0x000000c8   Code   RO         1825    i.pos_generator     posgenerator.o
    0x08019e74   0x08019e74   0x00000038   Code   RO         1430    i.poseCalcu         in_out.o
    0x08019eac   0x08019eac   0x0000000c   Code   RO         1431    i.poseCodeCalculate_Int  in_out.o
    0x08019eb8   0x08019eb8   0x0000004c   Code   RO         1432    i.poseSpeedFilter_Int  in_out.o
    0x08019f04   0x08019f04   0x0000006c   Code   RO         1433    i.posespeed_filter  in_out.o
    0x08019f70   0x08019f70   0x00000078   Code   RO         5550    i.prvAddCurrentTaskToDelayedList  tasks.o
    0x08019fe8   0x08019fe8   0x0000008c   Code   RO         5551    i.prvAddNewTaskToReadyList  tasks.o
    0x0801a074   0x0801a074   0x00000040   Code   RO         5552    i.prvCheckTasksWaitingTermination  tasks.o
    0x0801a0b4   0x0801a0b4   0x00000024   Code   RO         5203    i.prvCopyDataFromQueue  queue.o
    0x0801a0d8   0x0801a0d8   0x0000006e   Code   RO         5204    i.prvCopyDataToQueue  queue.o
    0x0801a146   0x0801a146   0x00000014   Code   RO         5553    i.prvDeleteTCB      tasks.o
    0x0801a15a   0x0801a15a   0x00000014   Code   RO         5205    i.prvGetDisinheritPriorityAfterTimeout  queue.o
    0x0801a16e   0x0801a16e   0x00000002   PAD
    0x0801a170   0x0801a170   0x00000050   Code   RO         6300    i.prvHeapInit       heap_4.o
    0x0801a1c0   0x0801a1c0   0x00000006   Code   RO         5554    i.prvIdleTask       tasks.o
    0x0801a1c6   0x0801a1c6   0x00000018   Code   RO         5206    i.prvInitialiseMutex  queue.o
    0x0801a1de   0x0801a1de   0x00000022   Code   RO         5207    i.prvInitialiseNewQueue  queue.o
    0x0801a200   0x0801a200   0x00000098   Code   RO         5555    i.prvInitialiseNewTask  tasks.o
    0x0801a298   0x0801a298   0x00000060   Code   RO         5556    i.prvInitialiseTaskLists  tasks.o
    0x0801a2f8   0x0801a2f8   0x00000060   Code   RO         6301    i.prvInsertBlockIntoFreeList  heap_4.o
    0x0801a358   0x0801a358   0x0000001a   Code   RO         5208    i.prvIsQueueEmpty   queue.o
    0x0801a372   0x0801a372   0x0000001e   Code   RO         5209    i.prvIsQueueFull    queue.o
    0x0801a390   0x0801a390   0x00000024   Code   RO         5558    i.prvResetNextTaskUnblockTime  tasks.o
    0x0801a3b4   0x0801a3b4   0x00000030   Code   RO         6369    i.prvTaskExitError  port.o
    0x0801a3e4   0x0801a3e4   0x00000068   Code   RO         5210    i.prvUnlockQueue    queue.o
    0x0801a44c   0x0801a44c   0x000000e8   Code   RO         6302    i.pvPortMalloc      heap_4.o
    0x0801a534   0x0801a534   0x00000018   Code   RO         5562    i.pvTaskIncrementMutexHeldCount  tasks.o
    0x0801a54c   0x0801a54c   0x0000002c   Code   RO         6370    i.pxPortInitialiseStack  port.o
    0x0801a578   0x0801a578   0x000000e4   Code   RO         4547    i.recv              socket.o
    0x0801a65c   0x0801a65c   0x00000024   Code   RO         4626    i.reg_wizchip_cris_cbfunc  wizchip_conf.o
    0x0801a680   0x0801a680   0x00000024   Code   RO         4627    i.reg_wizchip_cs_cbfunc  wizchip_conf.o
    0x0801a6a4   0x0801a6a4   0x0000002c   Code   RO         4628    i.reg_wizchip_spi_cbfunc  wizchip_conf.o
    0x0801a6d0   0x0801a6d0   0x0000008c   Code   RO         3784    i.rev_ring_fifo_pop  myfifo.o
    0x0801a75c   0x0801a75c   0x00000078   Code   RO         3785    i.rev_ring_fifo_push  myfifo.o
    0x0801a7d4   0x0801a7d4   0x000000ac   Code   RO         1434    i.rigidityLsmIdentify  in_out.o
    0x0801a880   0x0801a880   0x0000009a   Code   RO         2964    i.senDateSync       sensor.o
    0x0801a91a   0x0801a91a   0x00000002   PAD
    0x0801a91c   0x0801a91c   0x0000011c   Code   RO         4549    i.send              socket.o
    0x0801aa38   0x0801aa38   0x000000ac   Code   RO         2077    i.sendUtcSetOn      communicate.o
    0x0801aae4   0x0801aae4   0x0000008c   Code   RO         3786    i.send_ring_fifo_pop  myfifo.o
    0x0801ab70   0x0801ab70   0x00000084   Code   RO         3787    i.send_ring_fifo_push  myfifo.o
    0x0801abf4   0x0801abf4   0x00000070   Code   RO         2458    i.sendata_default_init  gparameter.o
    0x0801ac64   0x0801ac64   0x0000003c   Code   RO         1435    i.sendata_pg_process  in_out.o
    0x0801aca0   0x0801aca0   0x00000050   Code   RO         2965    i.sendata_pg_update  sensor.o
    0x0801acf0   0x0801acf0   0x00000204   Code   RO         2966    i.sendata_update    sensor.o
    0x0801aef4   0x0801aef4   0x00000002   Code   RO         2967    i.sensorCON_ADJ_Monitor  sensor.o
    0x0801aef6   0x0801aef6   0x00000002   PAD
    0x0801aef8   0x0801aef8   0x00000030   Code   RO         2968    i.sensorCalibrateFuncInit  sensor.o
    0x0801af28   0x0801af28   0x00000164   Code   RO         2969    i.sensorConnectCheckByEeprom  sensor.o
    0x0801b08c   0x0801b08c   0x00000034   Code   RO         2459    i.sensorIntgrUpdate  gparameter.o
    0x0801b0c0   0x0801b0c0   0x000000a8   Code   RO         1437    i.sensorRangeProtect  in_out.o
    0x0801b168   0x0801b168   0x00000090   Code   RO         2970    i.sensorZeroCodeInit  sensor.o
    0x0801b1f8   0x0801b1f8   0x0000001e   Code   RO         2460    i.servoParamCalcu   gparameter.o
    0x0801b216   0x0801b216   0x00000002   PAD
    0x0801b218   0x0801b218   0x00000030   Code   RO         2461    i.servoParamUpdate  gparameter.o
    0x0801b248   0x0801b248   0x000000e4   Code   RO         3698    i.servoRegionSelcet  servo_driver.o
    0x0801b32c   0x0801b32c   0x00000022   Code   RO         1826    i.sign              posgenerator.o
    0x0801b34e   0x0801b34e   0x00000002   PAD
    0x0801b350   0x0801b350   0x0000010c   Code   RO         2971    i.singlepointCalibrateFunc  sensor.o
    0x0801b45c   0x0801b45c   0x0000011c   Code   RO         4552    i.socket            socket.o
    0x0801b578   0x0801b578   0x000000c4   Code   RO           13    i.softwareInit      main.o
    0x0801b63c   0x0801b63c   0x0000003e   Code   RO        11461    i.sqrtf             m_wv.l(sqrtf.o)
    0x0801b67a   0x0801b67a   0x0000000a   Code   RO         2462    i.stm32SoftReset    gparameter.o
    0x0801b684   0x0801b684   0x000003e4   Code   RO         2463    i.storageParaDefaultInit  gparameter.o
    0x0801ba68   0x0801ba68   0x00000098   Code   RO         1071    i.trigPgParamInit   control.o
    0x0801bb00   0x0801bb00   0x0000009c   Code   RO         4481    i.utc_tcpc          loopback.o
    0x0801bb9c   0x0801bb9c   0x00000026   Code   RO         5163    i.uxListRemove      list.o
    0x0801bbc2   0x0801bbc2   0x00000026   Code   RO         5213    i.uxQueueMessagesWaiting  queue.o
    0x0801bbe8   0x0801bbe8   0x00000016   Code   RO         5164    i.vListInitialise   list.o
    0x0801bbfe   0x0801bbfe   0x00000006   Code   RO         5165    i.vListInitialiseItem  list.o
    0x0801bc04   0x0801bc04   0x0000003a   Code   RO         5166    i.vListInsert       list.o
    0x0801bc3e   0x0801bc3e   0x00000018   Code   RO         5167    i.vListInsertEnd    list.o
    0x0801bc56   0x0801bc56   0x00000002   PAD
    0x0801bc58   0x0801bc58   0x00000040   Code   RO         6372    i.vPortEnterCritical  port.o
    0x0801bc98   0x0801bc98   0x0000002c   Code   RO         6373    i.vPortExitCritical  port.o
    0x0801bcc4   0x0801bcc4   0x00000064   Code   RO         6303    i.vPortFree         heap_4.o
    0x0801bd28   0x0801bd28   0x00000024   Code   RO         6374    i.vPortSetupTimerInterrupt  port.o
    0x0801bd4c   0x0801bd4c   0x00000054   Code   RO         6375    i.vPortValidateInterruptPriority  port.o
    0x0801bda0   0x0801bda0   0x00000050   Code   RO         5571    i.vTaskDelay        tasks.o
    0x0801bdf0   0x0801bdf0   0x000000b0   Code   RO         5572    i.vTaskDelete       tasks.o
    0x0801bea0   0x0801bea0   0x00000010   Code   RO         5576    i.vTaskInternalSetTimeOutState  tasks.o
    0x0801beb0   0x0801beb0   0x0000000c   Code   RO         5578    i.vTaskMissedYield  tasks.o
    0x0801bebc   0x0801bebc   0x00000034   Code   RO         5580    i.vTaskPlaceOnEventList  tasks.o
    0x0801bef0   0x0801bef0   0x000000a8   Code   RO         5582    i.vTaskPriorityDisinheritAfterTimeout  tasks.o
    0x0801bf98   0x0801bf98   0x00000074   Code   RO         5588    i.vTaskStartScheduler  tasks.o
    0x0801c00c   0x0801c00c   0x00000010   Code   RO         5590    i.vTaskSuspendAll   tasks.o
    0x0801c01c   0x0801c01c   0x00000078   Code   RO         5591    i.vTaskSwitchContext  tasks.o
    0x0801c094   0x0801c094   0x00000060   Code   RO         4848    i.wiz_recv_data     w5500.o
    0x0801c0f4   0x0801c0f4   0x00000060   Code   RO         4850    i.wiz_send_data     w5500.o
    0x0801c154   0x0801c154   0x00000004   Code   RO         4630    i.wizchip_bus_readdata  wizchip_conf.o
    0x0801c158   0x0801c158   0x00000004   Code   RO         4631    i.wizchip_bus_writedata  wizchip_conf.o
    0x0801c15c   0x0801c15c   0x0000003a   Code   RO         4632    i.wizchip_clrinterrupt  wizchip_conf.o
    0x0801c196   0x0801c196   0x00000002   Code   RO         4633    i.wizchip_cris_enter  wizchip_conf.o
    0x0801c198   0x0801c198   0x00000002   Code   RO         4634    i.wizchip_cris_exit  wizchip_conf.o
    0x0801c19a   0x0801c19a   0x00000002   Code   RO         4635    i.wizchip_cs_deselect  wizchip_conf.o
    0x0801c19c   0x0801c19c   0x00000002   Code   RO         4636    i.wizchip_cs_select  wizchip_conf.o
    0x0801c19e   0x0801c19e   0x0000001e   Code   RO         4637    i.wizchip_getinterrupt  wizchip_conf.o
    0x0801c1bc   0x0801c1bc   0x0000001c   Code   RO         4638    i.wizchip_getinterruptmask  wizchip_conf.o
    0x0801c1d8   0x0801c1d8   0x00000058   Code   RO         4639    i.wizchip_getnetinfo  wizchip_conf.o
    0x0801c230   0x0801c230   0x00000006   Code   RO         4640    i.wizchip_getnetmode  wizchip_conf.o
    0x0801c236   0x0801c236   0x00000028   Code   RO         4641    i.wizchip_gettimeout  wizchip_conf.o
    0x0801c25e   0x0801c25e   0x0000007a   Code   RO         4642    i.wizchip_init      wizchip_conf.o
    0x0801c2d8   0x0801c2d8   0x0000001c   Code   RO         4643    i.wizchip_setinterruptmask  wizchip_conf.o
    0x0801c2f4   0x0801c2f4   0x00000058   Code   RO         4644    i.wizchip_setnetinfo  wizchip_conf.o
    0x0801c34c   0x0801c34c   0x00000024   Code   RO         4645    i.wizchip_setnetmode  wizchip_conf.o
    0x0801c370   0x0801c370   0x00000028   Code   RO         4646    i.wizchip_settimeout  wizchip_conf.o
    0x0801c398   0x0801c398   0x00000004   Code   RO         4648    i.wizchip_spi_readbyte  wizchip_conf.o
    0x0801c39c   0x0801c39c   0x00000002   Code   RO         4650    i.wizchip_spi_writebyte  wizchip_conf.o
    0x0801c39e   0x0801c39e   0x00000074   Code   RO         4651    i.wizchip_sw_reset  wizchip_conf.o
    0x0801c412   0x0801c412   0x0000004e   Code   RO         4652    i.wizphy_getphyconf  wizchip_conf.o
    0x0801c460   0x0801c460   0x00000016   Code   RO         4653    i.wizphy_getphylink  wizchip_conf.o
    0x0801c476   0x0801c476   0x0000001a   Code   RO         4654    i.wizphy_getphypmode  wizchip_conf.o
    0x0801c490   0x0801c490   0x0000002a   Code   RO         4656    i.wizphy_reset      wizchip_conf.o
    0x0801c4ba   0x0801c4ba   0x0000004a   Code   RO         4657    i.wizphy_setphyconf  wizchip_conf.o
    0x0801c504   0x0801c504   0x00000050   Code   RO         4658    i.wizphy_setphypmode  wizchip_conf.o
    0x0801c554   0x0801c554   0x00000008   Code   RO         2464    i.workModeDefaultInit  gparameter.o
    0x0801c55c   0x0801c55c   0x00000244   Code   RO         2465    i.workModeMonitor   gparameter.o
    0x0801c7a0   0x0801c7a0   0x00000024   Code   RO         2466    i.workStateDefaultInit  gparameter.o
    0x0801c7c4   0x0801c7c4   0x00000104   Code   RO         6376    i.xPortStartScheduler  port.o
    0x0801c8c8   0x0801c8c8   0x00000018   Code   RO         5220    i.xQueueCreateMutex  queue.o
    0x0801c8e0   0x0801c8e0   0x0000003e   Code   RO         5221    i.xQueueGenericCreate  queue.o
    0x0801c91e   0x0801c91e   0x00000002   PAD
    0x0801c920   0x0801c920   0x00000090   Code   RO         5222    i.xQueueGenericReset  queue.o
    0x0801c9b0   0x0801c9b0   0x00000170   Code   RO         5223    i.xQueueGenericSend  queue.o
    0x0801cb20   0x0801cb20   0x000000a0   Code   RO         5225    i.xQueueGiveFromISR  queue.o
    0x0801cbc0   0x0801cbc0   0x00000148   Code   RO         5230    i.xQueueReceive     queue.o
    0x0801cd08   0x0801cd08   0x0000009a   Code   RO         5231    i.xQueueReceiveFromISR  queue.o
    0x0801cda2   0x0801cda2   0x00000002   PAD
    0x0801cda4   0x0801cda4   0x00000184   Code   RO         5232    i.xQueueSemaphoreTake  queue.o
    0x0801cf28   0x0801cf28   0x00000080   Code   RO         5593    i.xTaskCheckForTimeOut  tasks.o
    0x0801cfa8   0x0801cfa8   0x00000068   Code   RO         5594    i.xTaskCreate       tasks.o
    0x0801d010   0x0801d010   0x0000000c   Code   RO         5597    i.xTaskGetCurrentTaskHandle  tasks.o
    0x0801d01c   0x0801d01c   0x0000001c   Code   RO         5598    i.xTaskGetSchedulerState  tasks.o
    0x0801d038   0x0801d038   0x0000000c   Code   RO         5599    i.xTaskGetTickCount  tasks.o
    0x0801d044   0x0801d044   0x000000d4   Code   RO         5601    i.xTaskIncrementTick  tasks.o
    0x0801d118   0x0801d118   0x0000009c   Code   RO         5604    i.xTaskPriorityDisinherit  tasks.o
    0x0801d1b4   0x0801d1b4   0x00000094   Code   RO         5605    i.xTaskPriorityInherit  tasks.o
    0x0801d248   0x0801d248   0x00000078   Code   RO         5606    i.xTaskRemoveFromEventList  tasks.o
    0x0801d2c0   0x0801d2c0   0x000000cc   Code   RO         5607    i.xTaskResumeAll    tasks.o
    0x0801d38c   0x0801d38c   0x00000108   Data   RO          436    .constdata          freertos.o
    0x0801d494   0x0801d494   0x00000094   Data   RO         1072    .constdata          control.o
    0x0801d528   0x0801d528   0x00000012   Data   RO         1834    .constdata          posgenerator.o
    0x0801d53a   0x0801d53a   0x00000031   Data   RO         2079    .constdata          communicate.o
    0x0801d56b   0x0801d56b   0x0000017f   Data   RO         3097    .constdata          mram_manage.o
    0x0801d6ea   0x0801d6ea   0x0000000e   Data   RO         4278    .constdata          ethw5500.o
    0x0801d6f8   0x0801d6f8   0x00000010   Data   RO         6450    .constdata          system_stm32h7xx.o
    0x0801d708   0x0801d708   0x00000018   Data   RO        10307    .constdata          stm32h7xx_hal_uart.o
    0x0801d720   0x0801d720   0x00000010   Data   RO        10673    .constdata          stm32h7xx_hal_uart_ex.o
    0x0801d730   0x0801d730   0x000000cd   Data   RO        10965    .constdata          elog.o
    0x0801d7fd   0x0801d7fd   0x00000023   Data   RO        11108    .constdata          elog_utils.o
    0x0801d820   0x0801d820   0x00000014   Data   RO        11140    .constdata          elog_async_freertos.o
    0x0801d834   0x0801d834   0x00000200   Data   RO        11359    .constdata          modbus_common.o
    0x0801da34   0x0801da34   0x00000020   Data   RO        11809    .constdata          m_wv.l(rredf.o)
    0x0801da54   0x0801da54   0x00000067   Data   RO          437    .conststring        freertos.o
    0x0801dabb   0x0801dabb   0x00000001   PAD
    0x0801dabc   0x0801dabc   0x00000053   Data   RO         1835    .conststring        posgenerator.o
    0x0801db0f   0x0801db0f   0x00000001   PAD
    0x0801db10   0x0801db10   0x00000047   Data   RO        10966    .conststring        elog.o
    0x0801db57   0x0801db57   0x00000001   PAD
    0x0801db58   0x0801db58   0x0000000e   Data   RO        11141    .conststring        elog_async_freertos.o
    0x0801db66   0x0801db66   0x00000002   PAD
    0x0801db68   0x0801db68   0x00000020   Data   RO        11861    Region$$Table       anon$$obj.o


    Execution Region RW_IRAM1 (Exec base: 0x20000000, Load base: 0x0801db88, Size: 0x00000000, Max: 0x00020000, ABSOLUTE)

    **** No section assigned to this execution region ****


    Execution Region RW_IRAM2 (Exec base: 0x24000000, Load base: 0x0801db88, Size: 0x0003cca8, Max: 0x00080000, ABSOLUTE, COMPRESSED[0x000000dc])

    Exec Addr    Load Addr    Size         Type   Attr      Idx    E Section Name        Object

    0x24000000   COMPRESSED   0x00000010   Data   RW           16    .data               main.o
    0x24000010   COMPRESSED   0x00000002   Data   RW           17    .data               main.o
    0x24000012   COMPRESSED   0x00000002   Data   RW          439    .data               freertos.o
    0x24000014   COMPRESSED   0x00000040   Data   RW          441    .data               freertos.o
    0x24000054   COMPRESSED   0x00000004   Data   RW          682    .data               tim.o
    0x24000058   COMPRESSED   0x00000004   Data   RW          804    .data               usart.o
    0x2400005c   COMPRESSED   0x0000004c   Data   RW         1073    .data               control.o
    0x240000a8   COMPRESSED   0x0000004b   Data   RW         1441    .data               in_out.o
    0x240000f3   COMPRESSED   0x00000001   PAD
    0x240000f4   COMPRESSED   0x00000008   Data   RW         1836    .data               posgenerator.o
    0x240000fc   COMPRESSED   0x00000002   Data   RW         2489    .data               gparameter.o
    0x240000fe   COMPRESSED   0x00000002   PAD
    0x24000100   COMPRESSED   0x00000038   Data   RW         2490    .data               gparameter.o
    0x24000138   COMPRESSED   0x00000004   Data   RW         2496    .data               gparameter.o
    0x2400013c   COMPRESSED   0x00000020   Data   RW         2653    .data               ethprotocol.o
    0x2400015c   COMPRESSED   0x00000009   Data   RW         2973    .data               sensor.o
    0x24000165   COMPRESSED   0x00000003   PAD
    0x24000168   COMPRESSED   0x00000058   Data   RW         3405    .data               adrc.o
    0x240001c0   COMPRESSED   0x00000007   Data   RW         3515    .data               do.o
    0x240001c7   COMPRESSED   0x00000001   PAD
    0x240001c8   COMPRESSED   0x000000d4   Data   RW         3559    .data               rs485.o
    0x2400029c   COMPRESSED   0x00000034   Data   RW         3700    .data               servo_driver.o
    0x240002d0   COMPRESSED   0x0000000a   Data   RW         3791    .data               myfifo.o
    0x240002da   COMPRESSED   0x00000002   Data   RW         3850    .data               dac8831.o
    0x240002dc   COMPRESSED   0x00000018   Data   RW         4126    .data               cs5552.o
    0x240002f4   COMPRESSED   0x00000031   Data   RW         4279    .data               ethw5500.o
    0x24000325   COMPRESSED   0x00000001   PAD
    0x24000326   COMPRESSED   0x00000004   Data   RW         4483    .data               loopback.o
    0x2400032a   COMPRESSED   0x0000000e   Data   RW         4554    .data               socket.o
    0x24000338   COMPRESSED   0x00000034   Data   RW         4659    .data               wizchip_conf.o
    0x2400036c   COMPRESSED   0x00000044   Data   RW         5610    .data               tasks.o
    0x240003b0   COMPRESSED   0x00000020   Data   RW         6309    .data               heap_4.o
    0x240003d0   COMPRESSED   0x0000000c   Data   RW         6377    .data               port.o
    0x240003dc   COMPRESSED   0x00000008   Data   RW         6451    .data               system_stm32h7xx.o
    0x240003e4   COMPRESSED   0x0000000c   Data   RW         9047    .data               stm32h7xx_hal.o
    0x240003f0   COMPRESSED   0x00000004   Data   RW        10876    .data               elog_port.o
    0x240003f4   COMPRESSED   0x00000038   Data   RW        10967    .data               elog.o
    0x2400042c   COMPRESSED   0x00000014   Data   RW        11142    .data               elog_async_freertos.o
    0x24000440   COMPRESSED   0x00000264   Data   RW        11267    .data               modbus_slave_rtu.o
    0x240006a4   COMPRESSED   0x00000004   Data   RW        11836    .data               mc_w.l(errno.o)
    0x240006a8        -       0x00000034   Zero   RW           14    .bss                main.o
    0x240006dc        -       0x00000054   Zero   RW          570    .bss                i2c.o
    0x24000730        -       0x00000198   Zero   RW          614    .bss                spi.o
    0x240008c8        -       0x00000344   Zero   RW          681    .bss                tim.o
    0x24000c0c        -       0x00000128   Zero   RW          803    .bss                usart.o
    0x24000d34        -       0x0000004c   Zero   RW          988    .bss                stm32h7xx_hal_timebase_tim.o
    0x24000d80        -       0x0000320c   Zero   RW         1439    .bss                in_out.o
    0x24003f8c        -       0x00000034   Zero   RW         1440    .bss                in_out.o
    0x24003fc0        -       0x00000164   Zero   RW         1828    .bss                posgenerator.o
    0x24004124        -       0x0000007c   Zero   RW         1829    .bss                posgenerator.o
    0x240041a0        -       0x0000007c   Zero   RW         1830    .bss                posgenerator.o
    0x2400421c        -       0x0000007c   Zero   RW         1831    .bss                posgenerator.o
    0x24004298        -       0x0000007c   Zero   RW         1832    .bss                posgenerator.o
    0x24004314        -       0x00000024   Zero   RW         1833    .bss                posgenerator.o
    0x24004338        -       0x000001f4   Zero   RW         2078    .bss                communicate.o
    0x2400452c        -       0x000000c8   Zero   RW         2467    .bss                gparameter.o
    0x240045f4   COMPRESSED   0x00000004   PAD
    0x240045f8        -       0x000058d8   Zero   RW         2468    .bss                gparameter.o
    0x24009ed0        -       0x0000000f   Zero   RW         2469    .bss                gparameter.o
    0x24009edf   COMPRESSED   0x00000001   PAD
    0x24009ee0        -       0x0000033c   Zero   RW         2470    .bss                gparameter.o
    0x2400a21c        -       0x00000064   Zero   RW         2472    .bss                gparameter.o
    0x2400a280        -       0x00000064   Zero   RW         2477    .bss                gparameter.o
    0x2400a2e4        -       0x00000014   Zero   RW         2478    .bss                gparameter.o
    0x2400a2f8        -       0x00000020   Zero   RW         2479    .bss                gparameter.o
    0x2400a318        -       0x0000000a   Zero   RW         2480    .bss                gparameter.o
    0x2400a322   COMPRESSED   0x00000002   PAD
    0x2400a324        -       0x00000ffc   Zero   RW         2483    .bss                gparameter.o
    0x2400b320        -       0x00000064   Zero   RW         2484    .bss                gparameter.o
    0x2400b384        -       0x0000000c   Zero   RW         2486    .bss                gparameter.o
    0x2400b390        -       0x000001ac   Zero   RW         2487    .bss                gparameter.o
    0x2400b53c        -       0x0000001c   Zero   RW         2646    .bss                ethprotocol.o
    0x2400b558        -       0x0000001c   Zero   RW         2647    .bss                ethprotocol.o
    0x2400b574        -       0x00000800   Zero   RW         2648    .bss                ethprotocol.o
    0x2400bd74        -       0x00000014   Zero   RW         2649    .bss                ethprotocol.o
    0x2400bd88        -       0x0000000c   Zero   RW         2650    .bss                ethprotocol.o
    0x2400bd94        -       0x00000108   Zero   RW         2651    .bss                ethprotocol.o
    0x2400be9c        -       0x00000108   Zero   RW         2652    .bss                ethprotocol.o
    0x2400bfa4        -       0x00000028   Zero   RW         2972    .bss                sensor.o
    0x2400bfcc   COMPRESSED   0x00000004   PAD
    0x2400bfd0        -       0x00005e18   Zero   RW         3266    .bss                lsm.o
    0x24011de8        -       0x00005e18   Zero   RW         3267    .bss                lsm.o
    0x24017c00        -       0x00005e18   Zero   RW         3268    .bss                lsm.o
    0x2401da18        -       0x00005e18   Zero   RW         3269    .bss                lsm.o
    0x24023830        -       0x00000028   Zero   RW         3270    .bss                lsm.o
    0x24023858        -       0x00000028   Zero   RW         3272    .bss                lsm.o
    0x24023880        -       0x00000028   Zero   RW         3273    .bss                lsm.o
    0x240238a8        -       0x0000000c   Zero   RW         3274    .bss                lsm.o
    0x240238b4        -       0x00000028   Zero   RW         3340    .bss                td.o
    0x240238dc   COMPRESSED   0x00000004   PAD
    0x240238e0        -       0x00000038   Zero   RW         3404    .bss                adrc.o
    0x24023918        -       0x000001a0   Zero   RW         3472    .bss                di.o
    0x24023ab8        -       0x00000088   Zero   RW         3473    .bss                di.o
    0x24023b40        -       0x0000004c   Zero   RW         3474    .bss                di.o
    0x24023b8c        -       0x00000076   Zero   RW         3556    .bss                rs485.o
    0x24023c02   COMPRESSED   0x00000006   PAD
    0x24023c08        -       0x00000018   Zero   RW         3699    .bss                servo_driver.o
    0x24023c20        -       0x0000a000   Zero   RW         3788    .bss                myfifo.o
    0x2402dc20        -       0x00000800   Zero   RW         3789    .bss                myfifo.o
    0x2402e420        -       0x00000800   Zero   RW         3790    .bss                myfifo.o
    0x2402ec20        -       0x0000000c   Zero   RW         3887    .bss                encoder.o
    0x2402ec2c        -       0x00000028   Zero   RW         4123    .bss                cs5552.o
    0x2402ec54   COMPRESSED   0x00000004   PAD
    0x2402ec58        -       0x00000080   Zero   RW         4124    .bss                cs5552.o
    0x2402ecd8        -       0x00001806   Zero   RW         4277    .bss                ethw5500.o
    0x240304de        -       0x00000010   Zero   RW         4553    .bss                socket.o
    0x240304ee   COMPRESSED   0x00000002   PAD
    0x240304f0        -       0x000002e4   Zero   RW         5609    .bss                tasks.o
    0x240307d4        -       0x00008000   Zero   RW         6308    .bss                heap_4.o
    0x240387d4   COMPRESSED   0x00000004   PAD
    0x240387d8        -       0x000001c8   Zero   RW        10793    .bss                pid.o
    0x240389a0        -       0x00000010   Zero   RW        10875    .bss                elog_port.o
    0x240389b0        -       0x000004bc   Zero   RW        10964    .bss                elog.o
    0x24038e6c        -       0x00002bfc   Zero   RW        11139    .bss                elog_async_freertos.o
    0x2403ba68        -       0x0000022c   Zero   RW        11202    .bss                modbus_slave.o
    0x2403bc94        -       0x00000010   Zero   RW        11266    .bss                modbus_slave_rtu.o
    0x2403bca4   COMPRESSED   0x00000004   PAD
    0x2403bca8        -       0x00001000   Zero   RW        10773    STACK               startup_stm32h743xx.o


==============================================================================

Image component sizes


      Code (inc. data)   RO Data    RW Data    ZI Data      Debug   Object Name

       276         52          0         88         56       3421   adrc.o
        76         20          0          0          0       2621   bsp_spi.o
       364          8          0          0          0      23166   cmsis_os.o
     17820       4130         49          0        500      65384   communicate.o
      9898       1628        148         76          0      55779   control.o
      2452        986          0         24        168      21190   cs5552.o
       192         22          0          2          0       1304   dac8831.o
       676         36          0          0        628       4032   di.o
       132         24          0          7          0       1866   do.o
       384         18          0          0          0       5113   eeprom.o
      1112        332          0          0          0       4727   eeprom_manage.o
      1948        628        276         56       1212      15810   elog.o
       516         60         34         20      11260       6780   elog_async_freertos.o
       302         82          0          4         16       5285   elog_port.o
       504        192         35          0          0       2825   elog_utils.o
       186         24          0          0         12       2866   encoder.o
       372         10          0         32       2664       6291   ethprotocol.o
      1400        722         14         49       6150      11785   ethw5500.o
         0          0          0          0          0      10744   event_groups.o
       146          4          0          0          0       2513   filter.o
      1386        288        367         66          0      14306   freertos.o
      4928        360          0         62      28681      41286   gparameter.o
       516         24          0          0          0       1163   gpio.o
       508         32          0         32      32768       7599   heap_4.o
       228         26          0          0         84       1749   i2c.o
      6694        926          0         75      12864      43611   in_out.o
       148          0          0          0          0       3606   list.o
       334         14          0          4          0       4295   loopback.o
       796         50          0          0      96484       4714   lsm.o
      1064        196          0         18         52    1374369   main.o
        44          6        512          0          0       1350   modbus_common.o
       180         58          0          0        556       5029   modbus_slave.o
      1374        294          0        612         16       9804   modbus_slave_rtu.o
       452         42          0          0          0       3418   mram.o
     10476       1908        383          0          0      21123   mram_manage.o
       564         34          0         10      45056       5133   myfifo.o
      1148        150          0          0        456       7258   pid.o
       814         92          0         12          0      12041   port.o
      5736        380        101          8        888      21875   posgenerator.o
      2050         24          0          0          0      21529   queue.o
       304         64          0        212        118       3945   rs485.o
      2376        226          0          9         40      11531   sensor.o
      1016        144          0         52         24       7271   servo_driver.o
      1324         36          0         14         16       6379   socket.o
       596         56          0          0        408       3231   spi.o
        44         12        664          0       4096        812   startup_stm32h743xx.o
       184         40          0         12          0      23345   stm32h7xx_hal.o
       352         38          0          0          0      41631   stm32h7xx_hal_cortex.o
      1508         70          0          0          0       3815   stm32h7xx_hal_dma.o
       592         50          0          0          0       3532   stm32h7xx_hal_gpio.o
      1750         40          0          0          0      12422   stm32h7xx_hal_i2c.o
       172          0          0          0          0       1979   stm32h7xx_hal_i2c_ex.o
        36          4          0          0          0        810   stm32h7xx_hal_msp.o
        84          6          0          0          0        793   stm32h7xx_hal_pwr_ex.o
      2558        110          0          0          0       7801   stm32h7xx_hal_rcc.o
      3736        118          0          0          0       7813   stm32h7xx_hal_rcc_ex.o
      2658         26          0          0          0       8658   stm32h7xx_hal_spi.o
      3280        336          0          0          0      21877   stm32h7xx_hal_tim.o
       330         40          0          0          0       4064   stm32h7xx_hal_tim_ex.o
       140         20          0          0         76       1471   stm32h7xx_hal_timebase_tim.o
      4274        190         24          0          0      36565   stm32h7xx_hal_uart.o
       368          6         16          0          0       6352   stm32h7xx_hal_uart_ex.o
        84         36          0          0          0       5524   stm32h7xx_it.o
       276         48         16          8          0       1873   system_stm32h7xx.o
      2574        238          0         68        740      30387   tasks.o
        32          0          0          0         40       1965   td.o
      1940        204          0          4        836      11364   tim.o
       516         54          0          4        296       5048   usart.o
        32          4          0          0          0        495   userdebug.o
       756         18          0          0          0       6132   w5500.o
      1452         82          0         52          0      22219   wizchip_conf.o

    ----------------------------------------------------------------------
    113614      16198       2676       1700     247296    2159864   Object Totals
         0          0         32          0          0          0   (incl. Generated)
        74          0          5          8         35          0   (incl. Padding)

    ----------------------------------------------------------------------

      Code (inc. data)   RO Data    RW Data    ZI Data      Debug   Library Member Name

       292         58          0          0          0        176   acosf.o
       336         60          0          0          0        136   cosf.o
        22          6          0          0          0        232   funder.o
       340         24         32          0          0        160   rredf.o
       120          0          0          0          0        272   sqrtf.o
        86          0          0          0          0          0   __dczerorl2.o
         0          0          0          0          0          0   entry.o
         0          0          0          0          0          0   entry10a.o
         0          0          0          0          0          0   entry11a.o
         4          0          0          0          0          0   entry12b.o
         8          4          0          0          0          0   entry2.o
         4          0          0          0          0          0   entry5.o
         0          0          0          0          0          0   entry7b.o
         0          0          0          0          0          0   entry8b.o
         8          4          0          0          0          0   entry9a.o
        12          6          0          4          0         68   errno.o
        30          0          0          0          0          0   handlers.o
        36          8          0          0          0         68   init.o
         0          0          0          0          0          0   iusefp.o
        30          0          0          0          0         68   llshl.o
        36          0          0          0          0         68   llsshr.o
        32          0          0          0          0         68   llushr.o
        26          0          0          0          0         80   memcmp.o
        36          0          0          0          0         68   memcpya.o
        36          0          0          0          0        108   memseta.o
      2344        100          0          0          0        700   printfa.o
        14          0          0          0          0         68   strlen.o
        30          0          0          0          0         80   strncmp.o
        24          0          0          0          0         76   strncpy.o
        36          0          0          0          0         80   strstr.o
        44          0          0          0          0         80   uidiv.o
        98          0          0          0          0         92   uldiv.o
        48          0          0          0          0         68   cdrcmple.o
       334          0          0          0          0        148   dadd.o
       222          0          0          0          0        100   ddiv.o
       186          0          0          0          0        176   depilogue.o
        48          0          0          0          0         68   dfixul.o
        40          0          0          0          0         80   dfltl.o
       228          0          0          0          0         96   dmul.o
       110          0          0          0          0        168   fepilogue.o
        66          0          0          0          0         76   ffixl.o
        44          0          0          0          0         92   ffltl.o

    ----------------------------------------------------------------------
      5414        270         32          4          0       3820   Library Totals
         4          0          0          0          0          0   (incl. Padding)

    ----------------------------------------------------------------------

      Code (inc. data)   RO Data    RW Data    ZI Data      Debug   Library Name

      1110        148         32          0          0        976   m_wv.l
      2974        122          0          4          0       1772   mc_w.l
      1326          0          0          0          0       1072   mf_w.l

    ----------------------------------------------------------------------
      5414        270         32          4          0       3820   Library Totals

    ----------------------------------------------------------------------

==============================================================================


      Code (inc. data)   RO Data    RW Data    ZI Data      Debug   

    119028      16468       2708       1704     247296    2098560   Grand Totals
    119028      16468       2708        220     247296    2098560   ELF Image Totals (compressed)
    119028      16468       2708        220          0          0   ROM Totals

==============================================================================

    Total RO  Size (Code + RO Data)               121736 ( 118.88kB)
    Total RW  Size (RW Data + ZI Data)            249000 ( 243.16kB)
    Total ROM Size (Code + RO Data + RW Data)     121956 ( 119.10kB)

==============================================================================

