Component: ARM Compiler 5.06 update 7 (build 960) Tool: armlink [4d3601]

==============================================================================

Section Cross References

    main.o(i.HAL_TIM_PWM_PulseFinishedCallback) refers to in_out.o(.bss) for hal_output
    main.o(i.HAL_TIM_PWM_PulseFinishedCallback) refers to gparameter.o(.bss) for test
    main.o(i.HAL_TIM_PeriodElapsedCallback) refers to cmsis_os.o(i.osKernelRunning) for osKernelRunning
    main.o(i.HAL_TIM_PeriodElapsedCallback) refers to cmsis_os.o(i.osSemaphoreRelease) for osSemaphoreRelease
    main.o(i.HAL_TIM_PeriodElapsedCallback) refers to encoder.o(i.Encoder_Get) for Encoder_Get
    main.o(i.HAL_TIM_PeriodElapsedCallback) refers to in_out.o(i.poseCodeCalculate_Int) for poseCodeCalculate_Int
    main.o(i.HAL_TIM_PeriodElapsedCallback) refers to in_out.o(i.poseSpeedFilter_Int) for poseSpeedFilter_Int
    main.o(i.HAL_TIM_PeriodElapsedCallback) refers to stm32h7xx_hal.o(i.HAL_IncTick) for HAL_IncTick
    main.o(i.HAL_TIM_PeriodElapsedCallback) refers to tim.o(.bss) for htim6
    main.o(i.HAL_TIM_PeriodElapsedCallback) refers to freertos.o(.data) for cs5552SemHandle
    main.o(i.HAL_TIM_PeriodElapsedCallback) refers to encoder.o(.bss) for encoder
    main.o(i.HAL_TIM_PeriodElapsedCallback) refers to in_out.o(.bss) for pose
    main.o(i.HAL_TIM_PeriodElapsedCallback) refers to gparameter.o(.bss) for filter_Int
    main.o(i.HAL_TIM_PeriodElapsedCallback) refers to gparameter.o(.bss) for AL
    main.o(i.HAL_TIM_PeriodElapsedCallback) refers to tim.o(.data) for FreeRTOSRunTimeTicks
    main.o(i.SystemClock_Config) refers to memseta.o(.text) for __aeabi_memclr4
    main.o(i.SystemClock_Config) refers to stm32h7xx_hal_pwr_ex.o(i.HAL_PWREx_ConfigSupply) for HAL_PWREx_ConfigSupply
    main.o(i.SystemClock_Config) refers to stm32h7xx_hal_rcc.o(i.HAL_RCC_OscConfig) for HAL_RCC_OscConfig
    main.o(i.SystemClock_Config) refers to stm32h7xx_hal_rcc.o(i.HAL_RCC_ClockConfig) for HAL_RCC_ClockConfig
    main.o(i.firmwareVersionShown) refers to printfa.o(i.__0printf) for __2printf
    main.o(i.hardwareInit) refers to mram.o(i.MRAM_CS_HIGH) for MRAM_CS_HIGH
    main.o(i.hardwareInit) refers to servo_driver.o(i.modFclkNumberPULSEInit) for modFclkNumberPULSEInit
    main.o(i.hardwareInit) refers to servo_driver.o(i.Servo_PWM_Disable) for Servo_PWM_Disable
    main.o(i.hardwareInit) refers to servo_driver.o(i.Servo_DIR_GPIO_Init) for Servo_DIR_GPIO_Init
    main.o(i.hardwareInit) refers to modbus_slave.o(i.modbusInit) for modbusInit
    main.o(i.hardwareInit) refers to rs485.o(i.RS485_init) for RS485_init
    main.o(i.hardwareInit) refers to cs5552.o(i.CS5552_CompatInit) for CS5552_CompatInit
    main.o(i.hardwareInit) refers to myfifo.o(i.fifo_init) for fifo_init
    main.o(i.hardwareInit) refers to encoder.o(i.Encoder_Init) for Encoder_Init
    main.o(i.hardwareInit) refers to usart.o(.bss) for huart2
    main.o(i.hardwareInit) refers to cs5552.o(.bss) for cs5530
    main.o(i.hardwareInit) refers to myfifo.o(.data) for rev_fifo
    main.o(i.main) refers to stm32h7xx_hal_cortex.o(i.HAL_MPU_Disable) for HAL_MPU_Disable
    main.o(i.main) refers to stm32h7xx_hal_cortex.o(i.HAL_MPU_ConfigRegion) for HAL_MPU_ConfigRegion
    main.o(i.main) refers to stm32h7xx_hal_cortex.o(i.HAL_MPU_Enable) for HAL_MPU_Enable
    main.o(i.main) refers to stm32h7xx_hal.o(i.HAL_Init) for HAL_Init
    main.o(i.main) refers to main.o(i.SystemClock_Config) for SystemClock_Config
    main.o(i.main) refers to gpio.o(i.MX_GPIO_Init) for MX_GPIO_Init
    main.o(i.main) refers to i2c.o(i.MX_I2C2_Init) for MX_I2C2_Init
    main.o(i.main) refers to spi.o(i.MX_SPI1_Init) for MX_SPI1_Init
    main.o(i.main) refers to spi.o(i.MX_SPI2_Init) for MX_SPI2_Init
    main.o(i.main) refers to spi.o(i.MX_SPI3_Init) for MX_SPI3_Init
    main.o(i.main) refers to tim.o(i.MX_TIM1_Init) for MX_TIM1_Init
    main.o(i.main) refers to tim.o(i.MX_TIM2_Init) for MX_TIM2_Init
    main.o(i.main) refers to tim.o(i.MX_TIM4_Init) for MX_TIM4_Init
    main.o(i.main) refers to tim.o(i.MX_TIM5_Init) for MX_TIM5_Init
    main.o(i.main) refers to tim.o(i.MX_TIM6_Init) for MX_TIM6_Init
    main.o(i.main) refers to tim.o(i.MX_TIM8_Init) for MX_TIM8_Init
    main.o(i.main) refers to tim.o(i.MX_TIM13_Init) for MX_TIM13_Init
    main.o(i.main) refers to tim.o(i.MX_TIM14_Init) for MX_TIM14_Init
    main.o(i.main) refers to tim.o(i.MX_TIM15_Init) for MX_TIM15_Init
    main.o(i.main) refers to tim.o(i.MX_TIM16_Init) for MX_TIM16_Init
    main.o(i.main) refers to tim.o(i.MX_TIM17_Init) for MX_TIM17_Init
    main.o(i.main) refers to usart.o(i.MX_USART1_UART_Init) for MX_USART1_UART_Init
    main.o(i.main) refers to usart.o(i.MX_USART2_UART_Init) for MX_USART2_UART_Init
    main.o(i.main) refers to stm32h7xx_hal_rcc.o(i.HAL_RCC_GetSysClockFreq) for HAL_RCC_GetSysClockFreq
    main.o(i.main) refers to printfa.o(i.__0printf) for __2printf
    main.o(i.main) refers to main.o(i.hardwareInit) for hardwareInit
[...]
    0x08001704   0x08001704   0x00000478   Code   RO         1015    i.CommandCompletionMonitor_EXTEN  control.o
    0x08001b7c   0x08001b7c   0x000004a0   Code   RO         1016    i.CommandCompletionMonitor_LOAD  control.o
    0x0800201c   0x0800201c   0x000004f0   Code   RO         1017    i.CommandCompletionMonitor_POS  control.o
    0x0800250c   0x0800250c   0x00000158   Code   RO         1018    i.CommandUpdate     control.o
    0x08002664   0x08002664   0x00000028   Code   RO          412    i.CommuicationTask  freertos.o
    0x0800268c   0x0800268c   0x00000028   Code   RO         1789    i.CosineWave        posgenerator.o
    0x080026b4   0x080026b4   0x000002f8   Code   RO         1998    i.CurrentData_Fifo_Push  communicate.o
    0x080029ac   0x080029ac   0x0000007c   Code   RO         3457    i.DB9Detect_ReadALL  di.o
    0x08002a28   0x08002a28   0x0000005c   Code   RO         1358    i.DB9_map           in_out.o
    0x08002a84   0x08002a84   0x000000e4   Code   RO         3458    i.DIDetect          di.o
    0x08002b68   0x08002b68   0x00000144   Code   RO         3459    i.DIDetect_ReadALL  di.o
    0x08002cac   0x08002cac   0x00000080   Code   RO         1359    i.DIFuncMap_init    in_out.o
    0x08002d2c   0x08002d2c   0x0000008c   Code   RO         1360    i.DIFunc_map        in_out.o
    0x08002db8   0x08002db8   0x00000002   Code   RO         1361    i.DIFunction01      in_out.o
    0x08002dba   0x08002dba   0x00000002   PAD
    0x08002dbc   0x08002dbc   0x00000068   Code   RO         1362    i.DIFunction02      in_out.o
    0x08002e24   0x08002e24   0x00000068   Code   RO         1363    i.DIFunction03      in_out.o
    0x08002e8c   0x08002e8c   0x00000068   Code   RO         1364    i.DIFunction04      in_out.o
    0x08002ef4   0x08002ef4   0x00000068   Code   RO         1365    i.DIFunction05      in_out.o
    0x08002f5c   0x08002f5c   0x00000044   Code   RO         1366    i.DIFunction06      in_out.o
    0x08002fa0   0x08002fa0   0x00000002   Code   RO         1367    i.DIFunction07      in_out.o
    0x08002fa2   0x08002fa2   0x00000002   Code   RO         1368    i.DIFunction08      in_out.o
    0x08002fa4   0x08002fa4   0x00000002   Code   RO         1369    i.DIFunction09      in_out.o
    0x08002fa6   0x08002fa6   0x00000002   Code   RO         1370    i.DIFunction10      in_out.o
    0x08002fa8   0x08002fa8   0x000000e4   Code   RO         1371    i.DI_map            in_out.o
    0x0800308c   0x0800308c   0x00000048   Code   RO         1999    i.DOPEBLOCKEXECUTE_Process  communicate.o
    0x080030d4   0x080030d4   0x00000038   Code   RO         2000    i.DOPEBLOCKHEADER_Process  communicate.o
    0x0800310c   0x0800310c   0x00000310   Code   RO         2001    i.DOPECYCLE_Process  communicate.o
    0x0800341c   0x0800341c   0x000000f8   Code   RO         2002    i.DOPEDEADBANDCTRL_Process  communicate.o
    0x08003514   0x08003514   0x00000134   Code   RO         2003    i.DOPEDEFAULTACC_Process  communicate.o
    0x08003648   0x08003648   0x00000078   Code   RO         2004    i.DOPEDESTWND_Process  communicate.o
    0x080036c0   0x080036c0   0x00000384   Code   RO         2005    i.DOPEDYNCYCLE_Process  communicate.o
    0x08003a44   0x08003a44   0x00000174   Code   RO         1019    i.DOPEDYNCYCLE_StartBefore_Process  control.o
    0x08003bb8   0x08003bb8   0x000000dc   Code   RO         2006    i.DOPEFEEDFORWARD_Process  communicate.o
    0x08003c94   0x08003c94   0x000000a8   Code   RO         2007    i.DOPEHALT_A_Process  communicate.o
    0x08003d3c   0x08003d3c   0x000000b4   Code   RO         2008    i.DOPEHALT_Process  communicate.o
    0x08003df0   0x08003df0   0x00000064   Code   RO         2009    i.DOPEINTGR_Process  communicate.o
    0x08003e54   0x08003e54   0x000000dc   Code   RO         2010    i.DOPEMOVE_A_Process  communicate.o
    0x08003f30   0x08003f30   0x000000a0   Code   RO         2011    i.DOPEMOVE_Process  communicate.o
    0x08003fd0   0x08003fd0   0x0000004c   Code   RO         2012    i.DOPEON_OFF_Process  communicate.o
    0x0800401c   0x0800401c   0x00000320   Code   RO         2013    i.DOPEPOSEXT_A_Process  communicate.o
    0x0800433c   0x0800433c   0x0000007c   Code   RO         1020    i.DOPEPOSEXT_MAINTANCE  control.o
    0x080043b8   0x080043b8   0x00000350   Code   RO         2014    i.DOPEPOSEXT_Process  communicate.o
    0x08004708   0x08004708   0x00000164   Code   RO         2015    i.DOPEPOSPID_Process  communicate.o
    0x0800486c   0x0800486c   0x000001ac   Code   RO         2016    i.DOPEPOS_A_Process  communicate.o
    0x08004a18   0x08004a18   0x00000138   Code   RO         2017    i.DOPEPOS_Process   communicate.o
    0x08004b50   0x08004b50   0x00000098   Code   RO         2018    i.DOPERDCTRLPARAMETER_Process  communicate.o
    0x08004be8   0x08004be8   0x0000015c   Code   RO         2019    i.DOPERDCTRLPARAMETER_Process_Conversion  communicate.o
    0x08004d44   0x08004d44   0x000000d8   Code   RO         2021    i.DOPERDFEEDFORWARD_Process  communicate.o
    0x08004e1c   0x08004e1c   0x000000d0   Code   RO         2022    i.DOPERDNOMINALACCSPEED_Process  communicate.o
    0x08004eec   0x08004eec   0x000000bc   Code   RO         2023    i.DOPERDPOSPID_Process  communicate.o
    0x08004fa8   0x08004fa8   0x000000bc   Code   RO         2024    i.DOPERDSPEEDPID_Process  communicate.o
    0x08005064   0x08005064   0x00000058   Code   RO         2025    i.DOPESETCTRL_Process  communicate.o
    0x080050bc   0x080050bc   0x00000060   Code   RO         2026    i.DOPESETDATATRANSMISSIONRATE_Process  communicate.o
    0x0800511c   0x0800511c   0x00000128   Code   RO         2027    i.DOPESETNOMINALACCSPEED_Process  communicate.o
    0x08005244   0x08005244   0x000000f8   Code   RO         2028    i.DOPESETOPENLOOPCOMMAND_Process  communicate.o
    0x0800533c   0x0800533c   0x0000008c   Code   RO         2030    i.DOPESFT_Process   communicate.o
    0x080053c8   0x080053c8   0x00000090   Code   RO         2031    i.DOPESHALT_Process  communicate.o
    0x08005458   0x08005458   0x000000f8   Code   RO         2032    i.DOPESPEEDLIMIT_Process  communicate.o
    0x08005550   0x08005550   0x00000138   Code   RO         2033    i.DOPESPEEDPID_Process  communicate.o
    0x08005688   0x08005688   0x00000034   Code   RO         2034    i.DOPETRANSMITDATA_Process  communicate.o
    0x080056bc   0x080056bc   0x000001b4   Code   RO         2035    i.DOPETRIG_A_Process  communicate.o
    0x08005870   0x08005870   0x00000174   Code   RO         2036    i.DOPETRIG_Process  communicate.o
    0x080059e4   0x080059e4   0x00000124   Code   RO         2037    i.DOPEWRFEEDFORWARD_Process  communicate.o
    0x08005b08   0x08005b08   0x00000194   Code   RO         2038    i.DOPEWRPOSPID_Process  communicate.o
    0x08005c9c   0x08005c9c   0x00000190   Code   RO         2039    i.DOPEWRSPEEDPID_Process  communicate.o
    0x08005e2c   0x08005e2c   0x00000044   Code   RO         2040    i.DOPE_OPEN_CLOSE_LINK_Process  communicate.o
    0x08005e70   0x08005e70   0x0000004c   Code   RO         3501    i.Darlington_Write  do.o
    0x08005ebc   0x08005ebc   0x00000002   Code   RO          856    i.DebugMon_Handler  stm32h7xx_it.o
    0x08005ebe   0x08005ebe   0x0000003c   Code   RO         1021    i.DestWndMonitor    control.o
    0x08005efa   0x08005efa   0x00000002   PAD
    0x08005efc   0x08005efc   0x000000f8   Code   RO         1790    i.DynCycle_modify_planinit  posgenerator.o
    0x08005ff4   0x08005ff4   0x000001c8   Code   RO         1791    i.DynCycle_modify_posgenerator  posgenerator.o
    0x080061bc   0x080061bc   0x000001a4   Code   RO         1792    i.DynCycle_modify_t3calcu  posgenerator.o
    0x08006360   0x08006360   0x0000018c   Code   RO         1793    i.DynCycle_modify_t5calcu  posgenerator.o
    0x080064ec   0x080064ec   0x0000021c   Code   RO         1794    i.DynCycle_normal_planinit  posgenerator.o
    0x08006708   0x08006708   0x0000038c   Code   RO         1795    i.DynCycle_normal_posgenerator  posgenerator.o
    0x08006a94   0x08006a94   0x0000018c   Code   RO         1796    i.DynCycle_normal_t3calcu  posgenerator.o
    0x08006c20   0x08006c20   0x00000068   Code   RO         1797    i.DynCycle_planinit  posgenerator.o
    0x08006c88   0x08006c88   0x00000038   Code   RO         1798    i.DynCycle_posgenerator  posgenerator.o
    0x08006cc0   0x08006cc0   0x000000c4   Code   RO         1799    i.DynCycle_wavecalcu  posgenerator.o
    0x08006d84   0x08006d84   0x000002cc   Code   RO         2041    i.ETH_Communicate_Process  communicate.o
    0x08007050   0x08007050   0x000001b4   Code   RO         4227    i.ETH_StatePrintf   ethw5500.o
    0x08007204   0x08007204   0x00000104   Code   RO         4228    i.ETHw5500_Func     ethw5500.o
    0x08007308   0x08007308   0x00000088   Code   RO         4230    i.ETHw5500_init     ethw5500.o
    0x08007390   0x08007390   0x000000b4   Code   RO         1023    i.EXTEN_Process     control.o
    0x08007444   0x08007444   0x00000120   Code   RO         2705    i.EepromSensor_ReadAll  eeprom_manage.o
    0x08007564   0x08007564   0x00000108   Code   RO         2706    i.EepromSensor_WriteAll  eeprom_manage.o
    0x0800766c   0x0800766c   0x00000040   Code   RO          413    i.EepromTask        freertos.o
    0x080076ac   0x080076ac   0x00000130   Code   RO         2432    i.EmergencyErrorJudge  gparameter.o
    0x080077dc   0x080077dc   0x00000030   Code   RO         1024    i.EnableState_Update  control.o
    0x0800780c   0x0800780c   0x0000005c   Code   RO         3836    i.Encoder_Get       encoder.o
    0x08007868   0x08007868   0x0000005c   Code   RO         3837    i.Encoder_Init      encoder.o
    0x080078c4   0x080078c4   0x00000004   Code   RO            4    i.Error_Handler     main.o
    0x080078c8   0x080078c8   0x00000024   Code   RO          414    i.EthernetTask      freertos.o
    0x080078ec   0x080078ec   0x0000001c   Code   RO         6405    i.ExitRun0Mode      system_stm32h7xx.o
    0x08007908   0x08007908   0x00000018   Code   RO         4013    i.FilterInt32_Init  filter.o
    0x08007920   0x08007920   0x00000020   Code   RO         4015    i.Filter_Init       filter.o
    0x08007940   0x08007940   0x0000005a   Code   RO         4016    i.Filter_Update     filter.o
    0x0800799a   0x0800799a   0x00000002   PAD
    0x0800799c   0x0800799c   0x00000360   Code   RO         8255    i.HAL_DMA_Abort     stm32h7xx_hal_dma.o
    0x08007cfc   0x08007cfc   0x00000284   Code   RO         8256    i.HAL_DMA_Abort_IT  stm32h7xx_hal_dma.o
    0x08007f80   0x08007f80   0x00000024   Code   RO         8964    i.HAL_Delay         stm32h7xx_hal.o
    0x08007fa4   0x08007fa4   0x0000022c   Code   RO         8103    i.HAL_GPIO_Init     stm32h7xx_hal_gpio.o
    0x080081d0   0x080081d0   0x0000000a   Code   RO         8105    i.HAL_GPIO_ReadPin  stm32h7xx_hal_gpio.o
    0x080081da   0x080081da   0x00000010   Code   RO         8106    i.HAL_GPIO_TogglePin  stm32h7xx_hal_gpio.o
    0x080081ea   0x080081ea   0x0000000a   Code   RO         8107    i.HAL_GPIO_WritePin  stm32h7xx_hal_gpio.o
    0x080081f4   0x080081f4   0x0000000c   Code   RO         8975    i.HAL_GetREVID      stm32h7xx_hal.o
    0x08008200   0x08008200   0x0000000c   Code   RO         8976    i.HAL_GetTick       stm32h7xx_hal.o
    0x0800820c   0x0800820c   0x00000058   Code   RO         9741    i.HAL_I2CEx_ConfigAnalogFilter  stm32h7xx_hal_i2c_ex.o
    0x08008264   0x08008264   0x00000054   Code   RO         9742    i.HAL_I2CEx_ConfigDigitalFilter  stm32h7xx_hal_i2c_ex.o
    0x080082b8   0x080082b8   0x000000c0   Code   RO         9280    i.HAL_I2C_Init      stm32h7xx_hal_i2c.o
    0x08008378   0x08008378   0x00000164   Code   RO         9298    i.HAL_I2C_Mem_Read  stm32h7xx_hal_i2c.o
    0x080084dc   0x080084dc   0x00000158   Code   RO         9301    i.HAL_I2C_Mem_Write  stm32h7xx_hal_i2c.o
    0x08008634   0x08008634   0x0000008c   Code   RO          556    i.HAL_I2C_MspInit   i2c.o
    0x080086c0   0x080086c0   0x00000010   Code   RO         8982    i.HAL_IncTick       stm32h7xx_hal.o
    0x080086d0   0x080086d0   0x0000005c   Code   RO         8983    i.HAL_Init          stm32h7xx_hal.o
    0x0800872c   0x0800872c   0x0000008c   Code   RO          973    i.HAL_InitTick      stm32h7xx_hal_timebase_tim.o
    0x080087b8   0x080087b8   0x0000005c   Code   RO         7456    i.HAL_MPU_ConfigRegion  stm32h7xx_hal_cortex.o
    0x08008814   0x08008814   0x0000001c   Code   RO         7457    i.HAL_MPU_Disable   stm32h7xx_hal_cortex.o
    0x08008830   0x08008830   0x00000024   Code   RO         7459    i.HAL_MPU_Enable    stm32h7xx_hal_cortex.o
    0x08008854   0x08008854   0x00000024   Code   RO          949    i.HAL_MspInit       stm32h7xx_hal_msp.o
    0x08008878   0x08008878   0x0000001a   Code   RO         7463    i.HAL_NVIC_EnableIRQ  stm32h7xx_hal_cortex.o
    0x08008892   0x08008892   0x00000002   PAD
    0x08008894   0x08008894   0x00000040   Code   RO         7469    i.HAL_NVIC_SetPriority  stm32h7xx_hal_cortex.o
    0x080088d4   0x080088d4   0x00000024   Code   RO         7470    i.HAL_NVIC_SetPriorityGrouping  stm32h7xx_hal_cortex.o
    0x080088f8   0x080088f8   0x00000024   Code   RO         7471    i.HAL_NVIC_SystemReset  stm32h7xx_hal_cortex.o
    0x0800891c   0x0800891c   0x00000054   Code   RO         8704    i.HAL_PWREx_ConfigSupply  stm32h7xx_hal_pwr_ex.o
    0x08008970   0x08008970   0x00000024   Code   RO         7724    i.HAL_RCCEx_GetD3PCLK1Freq  stm32h7xx_hal_rcc_ex.o
    0x08008994   0x08008994   0x00000144   Code   RO         7726    i.HAL_RCCEx_GetPLL2ClockFreq  stm32h7xx_hal_rcc_ex.o
    0x08008ad8   0x08008ad8   0x00000144   Code   RO         7727    i.HAL_RCCEx_GetPLL3ClockFreq  stm32h7xx_hal_rcc_ex.o
    0x08008c1c   0x08008c1c   0x000009ac   Code   RO         7733    i.HAL_RCCEx_PeriphCLKConfig  stm32h7xx_hal_rcc_ex.o
    0x080095c8   0x080095c8   0x0000025c   Code   RO         7609    i.HAL_RCC_ClockConfig  stm32h7xx_hal_rcc.o
    0x08009824   0x08009824   0x0000005c   Code   RO         7613    i.HAL_RCC_GetClockConfig  stm32h7xx_hal_rcc.o
    0x08009880   0x08009880   0x00000044   Code   RO         7614    i.HAL_RCC_GetHCLKFreq  stm32h7xx_hal_rcc.o
    0x080098c4   0x080098c4   0x00000024   Code   RO         7616    i.HAL_RCC_GetPCLK1Freq  stm32h7xx_hal_rcc.o
    0x080098e8   0x080098e8   0x00000024   Code   RO         7617    i.HAL_RCC_GetPCLK2Freq  stm32h7xx_hal_rcc.o
    0x0800990c   0x0800990c   0x00000138   Code   RO         7618    i.HAL_RCC_GetSysClockFreq  stm32h7xx_hal_rcc.o
    0x08009a44   0x08009a44   0x00000582   Code   RO         7621    i.HAL_RCC_OscConfig  stm32h7xx_hal_rcc.o
    0x08009fc6   0x08009fc6   0x00000002   PAD
    0x08009fc8   0x08009fc8   0x0000017c   Code   RO         9878    i.HAL_SPI_Init      stm32h7xx_hal_spi.o
    0x0800a144   0x0800a144   0x00000144   Code   RO          598    i.HAL_SPI_MspInit   spi.o
    0x0800a288   0x0800a288   0x00000274   Code   RO         9881    i.HAL_SPI_Receive   stm32h7xx_hal_spi.o
    0x0800a4fc   0x0800a4fc   0x00000238   Code   RO         9887    i.HAL_SPI_Transmit  stm32h7xx_hal_spi.o
    0x0800a734   0x0800a734   0x00000338   Code   RO         9888    i.HAL_SPI_TransmitReceive  stm32h7xx_hal_spi.o
    0x0800aa6c   0x0800aa6c   0x00000010   Code   RO         8988    i.HAL_SYSCFG_AnalogSwitchConfig  stm32h7xx_hal.o
    0x0800aa7c   0x0800aa7c   0x00000002   Code   RO         7164    i.HAL_TIMEx_Break2Callback  stm32h7xx_hal_tim_ex.o
    0x0800aa7e   0x0800aa7e   0x00000002   Code   RO         7165    i.HAL_TIMEx_BreakCallback  stm32h7xx_hal_tim_ex.o
    0x0800aa80   0x0800aa80   0x00000002   Code   RO         7166    i.HAL_TIMEx_CommutCallback  stm32h7xx_hal_tim_ex.o
    0x0800aa82   0x0800aa82   0x00000002   PAD
    0x0800aa84   0x0800aa84   0x000000a0   Code   RO         7168    i.HAL_TIMEx_ConfigBreakDeadTime  stm32h7xx_hal_tim_ex.o
    0x0800ab24   0x0800ab24   0x000000a4   Code   RO         7186    i.HAL_TIMEx_MasterConfigSynchronization  stm32h7xx_hal_tim_ex.o
    0x0800abc8   0x0800abc8   0x00000062   Code   RO         6450    i.HAL_TIM_Base_Init  stm32h7xx_hal_tim.o
    0x0800ac2a   0x0800ac2a   0x00000002   PAD
    0x0800ac2c   0x0800ac2c   0x0000011c   Code   RO          652    i.HAL_TIM_Base_MspInit  tim.o
    0x0800ad48   0x0800ad48   0x00000080   Code   RO         6453    i.HAL_TIM_Base_Start  stm32h7xx_hal_tim.o
    0x0800adc8   0x0800adc8   0x0000008c   Code   RO         6455    i.HAL_TIM_Base_Start_IT  stm32h7xx_hal_tim.o
    0x0800ae54   0x0800ae54   0x000000fc   Code   RO         6459    i.HAL_TIM_ConfigClockSource  stm32h7xx_hal_tim.o
    0x0800af50   0x0800af50   0x000000bc   Code   RO         6471    i.HAL_TIM_Encoder_Init  stm32h7xx_hal_tim.o
    0x0800b00c   0x0800b00c   0x000000f0   Code   RO          654    i.HAL_TIM_Encoder_MspInit  tim.o
    0x0800b0fc   0x0800b0fc   0x0000008e   Code   RO         6474    i.HAL_TIM_Encoder_Start  stm32h7xx_hal_tim.o
    0x0800b18a   0x0800b18a   0x00000002   Code   RO         6484    i.HAL_TIM_IC_CaptureCallback  stm32h7xx_hal_tim.o
    0x0800b18c   0x0800b18c   0x00000148   Code   RO         6498    i.HAL_TIM_IRQHandler  stm32h7xx_hal_tim.o
    0x0800b2d4   0x0800b2d4   0x000000b4   Code   RO          655    i.HAL_TIM_MspPostInit  tim.o
    0x0800b388   0x0800b388   0x00000002   Code   RO         6501    i.HAL_TIM_OC_DelayElapsedCallback  stm32h7xx_hal_tim.o
    0x0800b38a   0x0800b38a   0x00000124   Code   RO         6522    i.HAL_TIM_PWM_ConfigChannel  stm32h7xx_hal_tim.o
    0x0800b4ae   0x0800b4ae   0x00000062   Code   RO         6525    i.HAL_TIM_PWM_Init  stm32h7xx_hal_tim.o
    0x0800b510   0x0800b510   0x00000002   Code   RO         6527    i.HAL_TIM_PWM_MspInit  stm32h7xx_hal_tim.o
    0x0800b512   0x0800b512   0x00000002   PAD
    0x0800b514   0x0800b514   0x00000028   Code   RO            6    i.HAL_TIM_PWM_PulseFinishedCallback  main.o
    0x0800b53c   0x0800b53c   0x00000110   Code   RO         6530    i.HAL_TIM_PWM_Start  stm32h7xx_hal_tim.o
    0x0800b64c   0x0800b64c   0x000000b0   Code   RO         6533    i.HAL_TIM_PWM_Stop  stm32h7xx_hal_tim.o
    0x0800b6fc   0x0800b6fc   0x000000d4   Code   RO            7    i.HAL_TIM_PeriodElapsedCallback  main.o
    0x0800b7d0   0x0800b7d0   0x00000002   Code   RO         6541    i.HAL_TIM_TriggerCallback  stm32h7xx_hal_tim.o
    0x0800b7d2   0x0800b7d2   0x00000040   Code   RO        10616    i.HAL_UARTEx_DisableFifoMode  stm32h7xx_hal_uart_ex.o
    0x0800b812   0x0800b812   0x0000004e   Code   RO        10623    i.HAL_UARTEx_ReceiveToIdle_IT  stm32h7xx_hal_uart_ex.o
    0x0800b860   0x0800b860   0x00000028   Code   RO          784    i.HAL_UARTEx_RxEventCallback  usart.o
    0x0800b888   0x0800b888   0x00000002   Code   RO        10624    i.HAL_UARTEx_RxFifoFullCallback  stm32h7xx_hal_uart_ex.o
    0x0800b88a   0x0800b88a   0x0000004c   Code   RO        10625    i.HAL_UARTEx_SetRxFifoThreshold  stm32h7xx_hal_uart_ex.o
    0x0800b8d6   0x0800b8d6   0x0000004c   Code   RO        10626    i.HAL_UARTEx_SetTxFifoThreshold  stm32h7xx_hal_uart_ex.o
    0x0800b922   0x0800b922   0x00000002   Code   RO        10628    i.HAL_UARTEx_TxFifoEmptyCallback  stm32h7xx_hal_uart_ex.o
    0x0800b924   0x0800b924   0x00000002   Code   RO        10629    i.HAL_UARTEx_WakeupCallback  stm32h7xx_hal_uart_ex.o
    0x0800b926   0x0800b926   0x00000002   Code   RO        10221    i.HAL_UART_ErrorCallback  stm32h7xx_hal_uart.o
    0x0800b928   0x0800b928   0x0000039c   Code   RO        10224    i.HAL_UART_IRQHandler  stm32h7xx_hal_uart.o
    0x0800bcc4   0x0800bcc4   0x0000006a   Code   RO        10225    i.HAL_UART_Init     stm32h7xx_hal_uart.o
    0x0800bd2e   0x0800bd2e   0x00000002   PAD
    0x0800bd30   0x0800bd30   0x000000f4   Code   RO          786    i.HAL_UART_MspInit  usart.o
    0x0800be24   0x0800be24   0x00000002   Code   RO        10232    i.HAL_UART_RxCpltCallback  stm32h7xx_hal_uart.o
    0x0800be26   0x0800be26   0x000000b0   Code   RO        10234    i.HAL_UART_Transmit  stm32h7xx_hal_uart.o
    0x0800bed6   0x0800bed6   0x00000002   Code   RO        10237    i.HAL_UART_TxCpltCallback  stm32h7xx_hal_uart.o
    0x0800bed8   0x0800bed8   0x00000002   Code   RO          857    i.HardFault_Handler  stm32h7xx_it.o
    0x0800beda   0x0800beda   0x00000022   Code   RO         9327    i.I2C_Flush_TXDR    stm32h7xx_hal_i2c.o
    0x0800befc   0x0800befc   0x00000110   Code   RO         9335    i.I2C_IsErrorOccurred  stm32h7xx_hal_i2c.o
    0x0800c00c   0x0800c00c   0x00000064   Code   RO         9340    i.I2C_RequestMemoryRead  stm32h7xx_hal_i2c.o
    0x0800c070   0x0800c070   0x00000064   Code   RO         9341    i.I2C_RequestMemoryWrite  stm32h7xx_hal_i2c.o
    0x0800c0d4   0x0800c0d4   0x00000030   Code   RO         9344    i.I2C_TransferConfig  stm32h7xx_hal_i2c.o
    0x0800c104   0x0800c104   0x0000007c   Code   RO         9346    i.I2C_WaitOnFlagUntilTimeout  stm32h7xx_hal_i2c.o
    0x0800c180   0x0800c180   0x00000058   Code   RO         9348    i.I2C_WaitOnSTOPFlagUntilTimeout  stm32h7xx_hal_i2c.o
    0x0800c1d8   0x0800c1d8   0x0000005c   Code   RO         9349    i.I2C_WaitOnTXISFlagUntilTimeout  stm32h7xx_hal_i2c.o
    0x0800c234   0x0800c234   0x00000020   Code   RO         2896    i.LEDlight_Tog      userdebug.o
    0x0800c254   0x0800c254   0x000000c4   Code   RO         1025    i.LOAD_Process      control.o
    0x0800c318   0x0800c318   0x000000f0   Code   RO          415    i.LoopTask          freertos.o
    0x0800c408   0x0800c408   0x000000a4   Code   RO         1372    i.MD_CODE_map       in_out.o
    0x0800c4ac   0x0800c4ac   0x00000020   Code   RO         1373    i.MD_ResetEngineeringValue  in_out.o
    0x0800c4cc   0x0800c4cc   0x0000008c   Code   RO         1374    i.MD_UpdateEngineeringValue  in_out.o
    0x0800c558   0x0800c558   0x00000010   Code   RO         3959    i.MRAM_CS_HIGH      mram.o
    0x0800c568   0x0800c568   0x00000088   Code   RO         3960    i.MRAM_READ         mram.o
    0x0800c5f0   0x0800c5f0   0x00000088   Code   RO         3962    i.MRAM_WRITE        mram.o
    0x0800c678   0x0800c678   0x00000050   Code   RO         3963    i.MRAM_WriteEnable  mram.o
    0x0800c6c8   0x0800c6c8   0x00000054   Code   RO         3964    i.MRAM_WriteStatusRegister  mram.o
    0x0800c71c   0x0800c71c   0x00000108   Code   RO          416    i.MX_FREERTOS_Init  freertos.o
    0x0800c824   0x0800c824   0x000001ec   Code   RO          383    i.MX_GPIO_Init      gpio.o
    0x0800ca10   0x0800ca10   0x00000058   Code   RO          557    i.MX_I2C2_Init      i2c.o
    0x0800ca68   0x0800ca68   0x00000058   Code   RO          599    i.MX_SPI1_Init      spi.o
    0x0800cac0   0x0800cac0   0x0000005c   Code   RO          600    i.MX_SPI2_Init      spi.o
    0x0800cb1c   0x0800cb1c   0x0000005c   Code   RO          601    i.MX_SPI3_Init      spi.o
    0x0800cb78   0x0800cb78   0x00000038   Code   RO          656    i.MX_TIM13_Init     tim.o
    0x0800cbb0   0x0800cbb0   0x00000034   Code   RO          657    i.MX_TIM14_Init     tim.o
    0x0800cbe4   0x0800cbe4   0x000000d0   Code   RO          658    i.MX_TIM15_Init     tim.o
    0x0800ccb4   0x0800ccb4   0x00000038   Code   RO          659    i.MX_TIM16_Init     tim.o
    0x0800ccec   0x0800ccec   0x00000038   Code   RO          660    i.MX_TIM17_Init     tim.o
    0x0800cd24   0x0800cd24   0x00000070   Code   RO          661    i.MX_TIM1_Init      tim.o
    0x0800cd94   0x0800cd94   0x00000098   Code   RO          662    i.MX_TIM2_Init      tim.o
    0x0800ce2c   0x0800ce2c   0x0000006c   Code   RO          663    i.MX_TIM4_Init      tim.o
    0x0800ce98   0x0800ce98   0x00000068   Code   RO          664    i.MX_TIM5_Init      tim.o
    0x0800cf00   0x0800cf00   0x00000048   Code   RO          665    i.MX_TIM6_Init      tim.o
    0x0800cf48   0x0800cf48   0x000000d8   Code   RO          666    i.MX_TIM8_Init      tim.o
    0x0800d020   0x0800d020   0x00000068   Code   RO          787    i.MX_USART1_UART_Init  usart.o
    0x0800d088   0x0800d088   0x00000068   Code   RO          788    i.MX_USART2_UART_Init  usart.o
    0x0800d0f0   0x0800d0f0   0x00000002   Code   RO          858    i.MemManage_Handler  stm32h7xx_it.o
    0x0800d0f2   0x0800d0f2   0x00000002   Code   RO          859    i.NMI_Handler       stm32h7xx_it.o
    0x0800d0f4   0x0800d0f4   0x00000094   Code   RO         1029    i.POS_Process       control.o
    0x0800d188   0x0800d188   0x00000020   Code   RO         4433    i.PhyLink_OFF_handle  loopback.o
    0x0800d1a8   0x0800d1a8   0x0000006c   Code   RO         1800    i.PulseWave         posgenerator.o
    0x0800d214   0x0800d214   0x00000120   Code   RO         7736    i.RCCEx_PLL2_Config  stm32h7xx_hal_rcc_ex.o
    0x0800d334   0x0800d334   0x00000120   Code   RO         7737    i.RCCEx_PLL3_Config  stm32h7xx_hal_rcc_ex.o
    0x0800d454   0x0800d454   0x00000098   Code   RO         2043    i.RDETHPARA_Process  communicate.o
    0x0800d4ec   0x0800d4ec   0x0000012c   Code   RO         2044    i.RDOUTPUTPARA_Process  communicate.o
    0x0800d618   0x0800d618   0x00000140   Code   RO         2045    i.RDSENSORBIGDEFORMATIONDATA_Process  communicate.o
    0x0800d758   0x0800d758   0x00000204   Code   RO         2046    i.RDSENSORDATA_Process  communicate.o
    0x0800d95c   0x0800d95c   0x00000058   Code   RO         2047    i.RDSERVOPARA_Process  communicate.o
    0x0800d9b4   0x0800d9b4   0x00000050   Code   RO         2048    i.RDSYSPARA_Process  communicate.o
    0x0800da04   0x0800da04   0x00000020   Code   RO         3537    i.RS485_init        rs485.o
    0x0800da24   0x0800da24   0x00000038   Code   RO         1801    i.RectangleWave     posgenerator.o
    0x0800da5c   0x0800da5c   0x00000038   Code   RO         3502    i.Relay_Write       do.o
    0x0800da94   0x0800da94   0x00000070   Code   RO         2049    i.SETTARE_Process   communicate.o
    0x0800db04   0x0800db04   0x00000030   Code   RO         1375    i.SONMap            in_out.o
    0x0800db34   0x0800db34   0x00000010   Code   RO         4866    i.SPI_CS_Deselect   bsp_spi.o
    0x0800db44   0x0800db44   0x00000010   Code   RO         4867    i.SPI_CS_Select     bsp_spi.o
    0x0800db54   0x0800db54   0x000000bc   Code   RO         9898    i.SPI_CloseTransfer  stm32h7xx_hal_spi.o
    0x0800dc10   0x0800dc10   0x00000018   Code   RO         4870    i.SPI_ReadByte      bsp_spi.o
    0x0800dc28   0x0800dc28   0x00000018   Code   RO         4074    i.SPI_SendByte      cs5552.o
    0x0800dc40   0x0800dc40   0x0000001c   Code   RO         4075    i.SPI_TxRxByte      cs5552.o
    0x0800dc5c   0x0800dc5c   0x00000046   Code   RO         9915    i.SPI_WaitOnFlagUntilTimeout  stm32h7xx_hal_spi.o
    0x0800dca2   0x0800dca2   0x00000002   PAD
    0x0800dca4   0x0800dca4   0x00000014   Code   RO         4871    i.SPI_WriteByte     bsp_spi.o
    0x0800dcb8   0x0800dcb8   0x0000002a   Code   RO         1802    i.SawtoothWave      posgenerator.o
    0x0800dce2   0x0800dce2   0x0000002a   Code   RO         1803    i.Sawtooth_InverseWave  posgenerator.o
    0x0800dd0c   0x0800dd0c   0x00000034   Code   RO         3676    i.Servo_DIR_GPIO_Init  servo_driver.o
    0x0800dd40   0x0800dd40   0x00000020   Code   RO         3677    i.Servo_PWM_Disable  servo_driver.o
    0x0800dd60   0x0800dd60   0x00000020   Code   RO         3678    i.Servo_PWM_Enable  servo_driver.o
    0x0800dd80   0x0800dd80   0x00000018   Code   RO         3679    i.Servo_mod_fclk    servo_driver.o
    0x0800dd98   0x0800dd98   0x000001fc   Code   RO         1377    i.SetTareMonitor    in_out.o
    0x0800df94   0x0800df94   0x0000004c   Code   RO        11214    i.Slave_ReadCoilState  modbus_slave_rtu.o
    0x0800dfe0   0x0800dfe0   0x00000198   Code   RO        11215    i.Slave_ReadHoldReg  modbus_slave_rtu.o
    0x0800e178   0x0800e178   0x00000034   Code   RO        11216    i.Slave_ReadInputReg  modbus_slave_rtu.o
    0x0800e1ac   0x0800e1ac   0x00000032   Code   RO        11217    i.Slave_ReadInputState  modbus_slave_rtu.o
    0x0800e1de   0x0800e1de   0x00000002   PAD
    0x0800e1e0   0x0800e1e0   0x000000f4   Code   RO        11218    i.Slave_WriteMulCoils  modbus_slave_rtu.o
    0x0800e2d4   0x0800e2d4   0x00000050   Code   RO        11219    i.Slave_WriteMulReg  modbus_slave_rtu.o
    0x0800e324   0x0800e324   0x00000014   Code   RO        11220    i.Slave_WriteOneCoil  modbus_slave_rtu.o
    0x0800e338   0x0800e338   0x00000040   Code   RO        11221    i.Slave_WriteOneReg  modbus_slave_rtu.o
    0x0800e378   0x0800e378   0x000000f4   Code   RO          417    i.StartDefaultTask  freertos.o
    0x0800e46c   0x0800e46c   0x0000003e   Code   RO        10824    i.Static_Set_Output_Log_Format  elog_port.o
    0x0800e4aa   0x0800e4aa   0x00000002   PAD
    0x0800e4ac   0x0800e4ac   0x0000002c   Code   RO         6326    i.SysTick_Handler   port.o
    0x0800e4d8   0x0800e4d8   0x000000a4   Code   RO            8    i.SystemClock_Config  main.o
    0x0800e57c   0x0800e57c   0x000000f8   Code   RO         6407    i.SystemInit        system_stm32h7xx.o
    0x0800e674   0x0800e674   0x0000000c   Code   RO          860    i.TIM16_IRQHandler  stm32h7xx_it.o
    0x0800e680   0x0800e680   0x0000000c   Code   RO          861    i.TIM17_IRQHandler  stm32h7xx_it.o
    0x0800e68c   0x0800e68c   0x0000000c   Code   RO          862    i.TIM6_DAC_IRQHandler  stm32h7xx_it.o
    0x0800e698   0x0800e698   0x0000000c   Code   RO          863    i.TIM7_IRQHandler   stm32h7xx_it.o
    0x0800e6a4   0x0800e6a4   0x0000000c   Code   RO          864    i.TIM8_CC_IRQHandler  stm32h7xx_it.o
    0x0800e6b0   0x0800e6b0   0x000000cc   Code   RO         6543    i.TIM_Base_SetConfig  stm32h7xx_hal_tim.o
    0x0800e77c   0x0800e77c   0x0000001a   Code   RO         6544    i.TIM_CCxChannelCmd  stm32h7xx_hal_tim.o
    0x0800e796   0x0800e796   0x00000012   Code   RO         6554    i.TIM_ETR_SetConfig  stm32h7xx_hal_tim.o
    0x0800e7a8   0x0800e7a8   0x00000014   Code   RO         6555    i.TIM_ITRx_SetConfig  stm32h7xx_hal_tim.o
    0x0800e7bc   0x0800e7bc   0x000000a4   Code   RO         6556    i.TIM_OC1_SetConfig  stm32h7xx_hal_tim.o
    0x0800e860   0x0800e860   0x00000098   Code   RO         6557    i.TIM_OC2_SetConfig  stm32h7xx_hal_tim.o
    0x0800e8f8   0x0800e8f8   0x00000098   Code   RO         6558    i.TIM_OC3_SetConfig  stm32h7xx_hal_tim.o
    0x0800e990   0x0800e990   0x00000078   Code   RO         6559    i.TIM_OC4_SetConfig  stm32h7xx_hal_tim.o
    0x0800ea08   0x0800ea08   0x00000074   Code   RO         6560    i.TIM_OC5_SetConfig  stm32h7xx_hal_tim.o
    0x0800ea7c   0x0800ea7c   0x00000074   Code   RO         6561    i.TIM_OC6_SetConfig  stm32h7xx_hal_tim.o
    0x0800eaf0   0x0800eaf0   0x00000022   Code   RO         6563    i.TIM_TI1_ConfigInputStage  stm32h7xx_hal_tim.o
    0x0800eb12   0x0800eb12   0x00000024   Code   RO         6565    i.TIM_TI2_ConfigInputStage  stm32h7xx_hal_tim.o
    0x0800eb36   0x0800eb36   0x00000016   Code   RO          418    i.Tim6GetIntervalCount  freertos.o
    0x0800eb4c   0x0800eb4c   0x00000678   Code   RO         1034    i.TrackSwitch       control.o
    0x0800f1c4   0x0800f1c4   0x0000006c   Code   RO         1804    i.TriangleWave      posgenerator.o
    0x0800f230   0x0800f230   0x00000044   Code   RO        10630    i.UARTEx_SetNbDataToProcess  stm32h7xx_hal_uart_ex.o
    0x0800f274   0x0800f274   0x000000c8   Code   RO        10239    i.UART_AdvFeatureConfig  stm32h7xx_hal_uart.o
    0x0800f33c   0x0800f33c   0x000000aa   Code   RO        10240    i.UART_CheckIdleState  stm32h7xx_hal_uart.o
    0x0800f3e6   0x0800f3e6   0x00000010   Code   RO        10241    i.UART_DMAAbortOnError  stm32h7xx_hal_uart.o
    0x0800f3f6   0x0800f3f6   0x00000002   PAD
    0x0800f3f8   0x0800f3f8   0x00000054   Code   RO        10251    i.UART_EndRxTransfer  stm32h7xx_hal_uart.o
    0x0800f44c   0x0800f44c   0x000000c8   Code   RO        10253    i.UART_RxISR_16BIT  stm32h7xx_hal_uart.o
    0x0800f514   0x0800f514   0x000001a0   Code   RO        10254    i.UART_RxISR_16BIT_FIFOEN  stm32h7xx_hal_uart.o
    0x0800f6b4   0x0800f6b4   0x000000c8   Code   RO        10255    i.UART_RxISR_8BIT   stm32h7xx_hal_uart.o
    0x0800f77c   0x0800f77c   0x000001a0   Code   RO        10256    i.UART_RxISR_8BIT_FIFOEN  stm32h7xx_hal_uart.o
    0x0800f91c   0x0800f91c   0x000003ac   Code   RO        10257    i.UART_SetConfig    stm32h7xx_hal_uart.o
    0x0800fcc8   0x0800fcc8   0x00000110   Code   RO        10259    i.UART_Start_Receive_IT  stm32h7xx_hal_uart.o
    0x0800fdd8   0x0800fdd8   0x00000094   Code   RO        10264    i.UART_WaitOnFlagUntilTimeout  stm32h7xx_hal_uart.o
    0x0800fe6c   0x0800fe6c   0x0000000c   Code   RO          865    i.USART2_IRQHandler  stm32h7xx_it.o
    0x0800fe78   0x0800fe78   0x0000009c   Code   RO         2050    i.UTC_SET_ON_DEBUG_MSG_Process  communicate.o
    0x0800ff14   0x0800ff14   0x00000098   Code   RO         2051    i.UTC_SET_ON_LPOS_MSG_Process  communicate.o
    0x0800ffac   0x0800ffac   0x00000098   Code   RO         2052    i.UTC_SET_ON_POS_MSG_Process  communicate.o
    0x08010044   0x08010044   0x00000090   Code   RO         2053    i.UTC_SET_ON_RUNTIME_MSG_Process  communicate.o
    0x080100d4   0x080100d4   0x00000094   Code   RO         2054    i.UTC_SET_ON_SFT_MSG_Process  communicate.o
    0x08010168   0x08010168   0x00000094   Code   RO         2055    i.UTC_SET_ON_SYSTEM_MSG_Process  communicate.o
    0x080101fc   0x080101fc   0x00000098   Code   RO         2056    i.UTC_SET_ON_TPOS_MSG_Process  communicate.o
    0x08010294   0x08010294   0x00000034   Code   RO         4434    i.UTC_TcpC_Rev      loopback.o
    0x080102c8   0x080102c8   0x0000005e   Code   RO         4435    i.UTC_TcpC_Send     loopback.o
    0x08010326   0x08010326   0x00000002   PAD
    0x08010328   0x08010328   0x000000d4   Code   RO         2630    i.UTC_revbuf_process  ethprotocol.o
    0x080103fc   0x080103fc   0x000000a0   Code   RO         2631    i.UTC_sendbuf_process  ethprotocol.o
    0x0801049c   0x0801049c   0x00000002   Code   RO          866    i.UsageFault_Handler  stm32h7xx_it.o
    0x0801049e   0x0801049e   0x00000040   Code   RO         2057    i.Variable_Type_Conversion  communicate.o
    0x080104de   0x080104de   0x00000002   PAD
    0x080104e0   0x080104e0   0x00000030   Code   RO         4232    i.W5500_Restart     ethw5500.o
    0x08010510   0x08010510   0x00000058   Code   RO         4800    i.WIZCHIP_READ      w5500.o
    0x08010568   0x08010568   0x00000074   Code   RO         4801    i.WIZCHIP_READ_BUF  w5500.o
    0x080105dc   0x080105dc   0x00000060   Code   RO         4802    i.WIZCHIP_WRITE     w5500.o
    0x0801063c   0x0801063c   0x00000070   Code   RO         4803    i.WIZCHIP_WRITE_BUF  w5500.o
    0x080106ac   0x080106ac   0x0000006c   Code   RO         2058    i.WRETHPARA_Process  communicate.o
    0x08010718   0x08010718   0x00000240   Code   RO         2059    i.WROUTPUTPARA_Process  communicate.o
    0x08010958   0x08010958   0x00000200   Code   RO         2060    i.WRSENSORBIGDEFORMATIONDATA_Process  communicate.o
    0x08010b58   0x08010b58   0x00000158   Code   RO         2061    i.WRSENSORDATA_Process  communicate.o
    0x08010cb0   0x08010cb0   0x00000070   Code   RO         2062    i.WRSERVOPARA_Process  communicate.o
    0x08010d20   0x08010d20   0x000000ec   Code   RO         2063    i.WRSYSPARA_Process  communicate.o
    0x08010e0c   0x08010e0c   0x00000170   Code   RO          419    i.WatchdogTask      freertos.o
    0x08010f7c   0x08010f7c   0x0000001c   Code   RO          420    i.WaveTask          freertos.o
    0x08010f98   0x08010f98   0x00000020   Code   RO        11691    i.__0printf         mc_w.l(printfa.o)
    0x08010fb8   0x08010fb8   0x00000034   Code   RO        11692    i.__0snprintf       mc_w.l(printfa.o)
    0x08010fec   0x08010fec   0x00000034   Code   RO        11696    i.__0vsnprintf      mc_w.l(printfa.o)
    0x08011020   0x08011020   0x00000022   Code   RO         7476    i.__NVIC_SetPriority  stm32h7xx_hal_cortex.o
    0x08011042   0x08011042   0x00000002   PAD
    0x08011044   0x08011044   0x00000124   Code   RO        11341    i.__hardfp_acosf    m_wv.l(acosf.o)
    0x08011168   0x08011168   0x00000150   Code   RO        11353    i.__hardfp_cosf     m_wv.l(cosf.o)
    0x080112b8   0x080112b8   0x0000003a   Code   RO        11417    i.__hardfp_sqrtf    m_wv.l(sqrtf.o)
    0x080112f2   0x080112f2   0x00000006   Code   RO        11750    i.__mathlib_flt_infnan  m_wv.l(funder.o)
    0x080112f8   0x080112f8   0x00000010   Code   RO        11752    i.__mathlib_flt_invalid  m_wv.l(funder.o)
    0x08011308   0x08011308   0x00000154   Code   RO        11766    i.__mathlib_rredf2  m_wv.l(rredf.o)
    0x0801145c   0x0801145c   0x0000000e   Code   RO        11821    i.__scatterload_copy  mc_w.l(handlers.o)
    0x0801146a   0x0801146a   0x00000002   Code   RO        11822    i.__scatterload_null  mc_w.l(handlers.o)
    0x0801146c   0x0801146c   0x0000000e   Code   RO        11823    i.__scatterload_zeroinit  mc_w.l(handlers.o)
    0x0801147a   0x0801147a   0x00000002   PAD
    0x0801147c   0x0801147c   0x0000000c   Code   RO        11793    i.__set_errno       mc_w.l(errno.o)
    0x08011488   0x08011488   0x00000184   Code   RO        11698    i._fp_digits        mc_w.l(printfa.o)
    0x0801160c   0x0801160c   0x000006b4   Code   RO        11699    i._printf_core      mc_w.l(printfa.o)
    0x08011cc0   0x08011cc0   0x00000024   Code   RO        11700    i._printf_post_padding  mc_w.l(printfa.o)
    0x08011ce4   0x08011ce4   0x0000002e   Code   RO        11701    i._printf_pre_padding  mc_w.l(printfa.o)
    0x08011d12   0x08011d12   0x00000016   Code   RO        11702    i._snputc           mc_w.l(printfa.o)
    0x08011d28   0x08011d28   0x0000006c   Code   RO         3384    i.adrcControlLawPoswithCreep  adrc.o
    0x08011d94   0x08011d94   0x00000034   Code   RO         3388    i.adrcInit          adrc.o
    0x08011dc8   0x08011dc8   0x00000074   Code   RO         3389    i.adrcLESO          adrc.o
    0x08011e3c   0x08011e3c   0x000000c4   Code   RO         2944    i.antiMultipointCalibrateFunc  sensor.o
    0x08011f00   0x08011f00   0x000000e0   Code   RO         2945    i.antiSinglepointCalibrateFunc  sensor.o
    0x08011fe0   0x08011fe0   0x00000078   Code   RO        11088    i.async_put_log     elog_async_freertos.o
    0x08012058   0x08012058   0x00000074   Code   RO         1378    i.bigDeformationCalcu  in_out.o
    0x080120cc   0x080120cc   0x00000074   Code   RO         4499    i.close             socket.o
    0x08012140   0x08012140   0x000000e0   Code   RO         1379    i.closeloopOutputMap  in_out.o
    0x08012220   0x08012220   0x0000003c   Code   RO         1035    i.closeloopParaUpdate  control.o
    0x0801225c   0x0801225c   0x00000124   Code   RO         1036    i.combinedMoveCommandCompletionMonitor  control.o
    0x08012380   0x08012380   0x0000015c   Code   RO         2064    i.combinedMoveDWND_Process  communicate.o
    0x080124dc   0x080124dc   0x00000008   Code   RO         2436    i.commBufResume     gparameter.o
    0x080124e4   0x080124e4   0x0000000e   Code   RO         2437    i.commBufSave       gparameter.o
    0x080124f2   0x080124f2   0x00000002   PAD
    0x080124f4   0x080124f4   0x00000020   Code   RO          667    i.configureTimerForRunTimeStats  tim.o
    0x08012514   0x08012514   0x00000110   Code   RO         4500    i.connect           socket.o
    0x08012624   0x08012624   0x0000001e   Code   RO         2438    i.constraint        gparameter.o
    0x08012642   0x08012642   0x0000000e   Code   RO         2439    i.constraintINT     gparameter.o
    0x08012650   0x08012650   0x00000074   Code   RO         1037    i.controlLoop       control.o
    0x080126c4   0x080126c4   0x00000020   Code   RO         3326    i.create_TD         td.o
    0x080126e4   0x080126e4   0x0000004c   Code   RO         4581    i.ctlnetwork        wizchip_conf.o
    0x08012730   0x08012730   0x000000ec   Code   RO         4582    i.ctlwizchip        wizchip_conf.o
    0x0801281c   0x0801281c   0x00000020   Code   RO         2440    i.ctrstruct_update  gparameter.o
    0x0801283c   0x0801283c   0x0000008c   Code   RO         4502    i.disconnect        socket.o
    0x080128c8   0x080128c8   0x0000004c   Code   RO         2714    i.eepromSensorReadInit  eeprom_manage.o
    0x08012914   0x08012914   0x000001e4   Code   RO         2718    i.eeprom_write_monitor  eeprom_manage.o
    0x08012af8   0x08012af8   0x0000000c   Code   RO        11090    i.elog_async_enabled  elog_async_freertos.o
    0x08012b04   0x08012b04   0x00000030   Code   RO        11091    i.elog_async_get_buf_used  elog_async_freertos.o
    0x08012b34   0x08012b34   0x00000090   Code   RO        11092    i.elog_async_get_line_log  elog_async_freertos.o
    0x08012bc4   0x08012bc4   0x00000044   Code   RO        11093    i.elog_async_init   elog_async_freertos.o
    0x08012c08   0x08012c08   0x0000002c   Code   RO        11094    i.elog_async_output  elog_async_freertos.o
    0x08012c34   0x08012c34   0x00000014   Code   RO        11095    i.elog_async_output_notice  elog_async_freertos.o
    0x08012c48   0x08012c48   0x0000003c   Code   RO        11096    i.elog_async_task   elog_async_freertos.o
    0x08012c84   0x08012c84   0x00000108   Code   RO        11063    i.elog_cpyln        elog_utils.o
    0x08012d8c   0x08012d8c   0x000000f4   Code   RO        10901    i.elog_get_filter_tag_lvl  elog.o
    0x08012e80   0x08012e80   0x00000074   Code   RO        10905    i.elog_init         elog.o
    0x08012ef4   0x08012ef4   0x0000037c   Code   RO        10906    i.elog_output       elog.o
    0x08013270   0x08013270   0x00000020   Code   RO        10907    i.elog_output_lock  elog.o
    0x08013290   0x08013290   0x0000002c   Code   RO        10908    i.elog_output_lock_enabled  elog.o
    0x080132bc   0x080132bc   0x00000020   Code   RO        10909    i.elog_output_unlock  elog.o
    0x080132dc   0x080132dc   0x00000008   Code   RO        10826    i.elog_port_get_p_info  elog_port.o
    0x080132e4   0x080132e4   0x00000020   Code   RO        10827    i.elog_port_get_t_info  elog_port.o
    0x08013304   0x08013304   0x00000044   Code   RO        10828    i.elog_port_get_time  elog_port.o
    0x08013348   0x08013348   0x00000044   Code   RO        10829    i.elog_port_init    elog_port.o
    0x0801338c   0x0801338c   0x00000010   Code   RO        10830    i.elog_port_output  elog_port.o
    0x0801339c   0x0801339c   0x00000018   Code   RO        10831    i.elog_port_output_lock  elog_port.o
    0x080133b4   0x080133b4   0x00000018   Code   RO        10832    i.elog_port_output_unlock  elog_port.o
    0x080133cc   0x080133cc   0x000000b0   Code   RO        10913    i.elog_set_filter_lvl  elog.o
    0x0801347c   0x0801347c   0x000000b8   Code   RO        10916    i.elog_set_fmt      elog.o
    0x08013534   0x08013534   0x00000024   Code   RO        10919    i.elog_start        elog.o
    0x08013558   0x08013558   0x000000f0   Code   RO        11065    i.elog_strcpy       elog_utils.o
    0x08013648   0x08013648   0x000000dc   Code   RO         2441    i.emergencyForceHalt  gparameter.o
    0x08013724   0x08013724   0x00000006   Code   RO         3838    i.encoderCountInit  encoder.o
    0x0801372a   0x0801372a   0x00000002   PAD
    0x0801372c   0x0801372c   0x00000098   Code   RO         1038    i.extenAdrc         control.o
    0x080137c4   0x080137c4   0x0000009c   Code   RO         1039    i.extenPID          control.o
    0x08013860   0x08013860   0x00000060   Code   RO         1040    i.extenTargetCalcu  control.o
    0x080138c0   0x080138c0   0x0000000c   Code   RO         1381    i.extensometer2Calcu  in_out.o
    0x080138cc   0x080138cc   0x0000006c   Code   RO         1382    i.extensometer2FilterLsm  in_out.o
    0x08013938   0x08013938   0x00000028   Code   RO         1383    i.extensometer2FilterSwitch  in_out.o
    0x08013960   0x08013960   0x00000184   Code   RO         1384    i.extensometer2FilterWithLenSwitch  in_out.o
    0x08013ae4   0x08013ae4   0x00000034   Code   RO         1385    i.extensometerCalcu  in_out.o
    0x08013b18   0x08013b18   0x0000006c   Code   RO         1386    i.extensometerFilterLsm  in_out.o
    0x08013b84   0x08013b84   0x00000028   Code   RO         1387    i.extensometerFilterSwitch  in_out.o
    0x08013bac   0x08013bac   0x00000184   Code   RO         1388    i.extensometerFilterWithLenSwitch  in_out.o
    0x08013d30   0x08013d30   0x00000020   Code   RO         3771    i.fifo_init         myfifo.o
    0x08013d50   0x08013d50   0x00000018   Code   RO          790    i.fputc             usart.o
    0x08013d68   0x08013d68   0x0000000c   Code   RO          668    i.getRunTimeCounterValue  tim.o
    0x08013d74   0x08013d74   0x0000004c   Code   RO         4804    i.getSn_RX_RSR      w5500.o
    0x08013dc0   0x08013dc0   0x0000004c   Code   RO         4805    i.getSn_TX_FSR      w5500.o
    0x08013e0c   0x08013e0c   0x000000c0   Code   RO        10921    i.get_fmt_enabled   elog.o
    0x08013ecc   0x08013ecc   0x0000001e   Code   RO         1389    i.halDOMap          in_out.o
    0x08013eea   0x08013eea   0x00000002   PAD
    0x08013eec   0x08013eec   0x00000108   Code   RO         1041    i.halt_destination_caclu  control.o
    0x08013ff4   0x08013ff4   0x00000044   Code   RO           10    i.hardwareInit      main.o
    0x08014038   0x08014038   0x00000010   Code   RO         5889    i.inHandlerMode     cmsis_os.o
    0x08014048   0x08014048   0x00000028   Code   RO         1390    i.inputGetValue     in_out.o
    0x08014070   0x08014070   0x0000013c   Code   RO         1391    i.inputMapping      in_out.o
    0x080141ac   0x080141ac   0x0000013c   Code   RO         3248    i.leastSquareStandard  lsm.o
    0x080142e8   0x080142e8   0x00000198   Code   RO         3249    i.least_square_fast  lsm.o
    0x08014480   0x08014480   0x00000154   Code   RO         1392    i.limitProtectProcess  in_out.o
    0x080145d4   0x080145d4   0x00000038   Code   RO         1042    i.loadAdrc          control.o
    0x0801460c   0x0801460c   0x0000000c   Code   RO         1393    i.loadCalcu         in_out.o
    0x08014618   0x08014618   0x0000006c   Code   RO         1394    i.loadFilterLsm     in_out.o
    0x08014684   0x08014684   0x00000028   Code   RO         1395    i.loadFilterSwitch  in_out.o
    0x080146ac   0x080146ac   0x00000134   Code   RO         1396    i.loadFilterWithLenSwitch  in_out.o
    0x080147e0   0x080147e0   0x00000148   Code   RO         1043    i.loadPID           control.o
    0x08014928   0x08014928   0x00000080   Code   RO         1044    i.loadTargetCalcu   control.o
    0x080149a8   0x080149a8   0x0000008c   Code   RO         1399    i.loadspeed_filter  in_out.o
    0x08014a34   0x08014a34   0x00000026   Code   RO         1045    i.loopTimeGet       control.o
    0x08014a5a   0x08014a5a   0x00000002   PAD
    0x08014a5c   0x08014a5c   0x000000dc   Code   RO           11    i.main              main.o
    0x08014b38   0x08014b38   0x0000000c   Code   RO         5891    i.makeFreeRtosPriority  cmsis_os.o
    0x08014b44   0x08014b44   0x00000110   Code   RO         3543    i.manualBoxCoilUpdate  rs485.o
    0x08014c54   0x08014c54   0x0000004c   Code   RO         1400    i.manualBoxDown     in_out.o
    0x08014ca0   0x08014ca0   0x00000028   Code   RO         1401    i.manualBoxFuncRegister  in_out.o
    0x08014cc8   0x08014cc8   0x00000034   Code   RO         1402    i.manualBoxHalt     in_out.o
    0x08014cfc   0x08014cfc   0x00000024   Code   RO         1403    i.manualBoxInit     in_out.o
    0x08014d20   0x08014d20   0x00000054   Code   RO         1404    i.manualBoxReset    in_out.o
    0x08014d74   0x08014d74   0x00000020   Code   RO         1405    i.manualBoxTypeMonitor  in_out.o
    0x08014d94   0x08014d94   0x0000004c   Code   RO         1406    i.manualBoxUp       in_out.o
    0x08014de0   0x08014de0   0x00000048   Code   RO         3250    i.mean_fast         lsm.o
    0x08014e28   0x08014e28   0x00000034   Code   RO         1407    i.measureData_init  in_out.o
    0x08014e5c   0x08014e5c   0x00000010   Code   RO        11153    i.mobusSendFunction  modbus_slave.o
    0x08014e6c   0x08014e6c   0x000000ac   Code   RO         3681    i.modFclkNumberPULSEInit  servo_driver.o
    0x08014f18   0x08014f18   0x000001dc   Code   RO         3684    i.modServoFclk      servo_driver.o
    0x080150f4   0x080150f4   0x00000028   Code   RO        11154    i.modbusInit        modbus_slave.o
    0x0801511c   0x0801511c   0x00000008   Code   RO        11155    i.modbusRevFunction  modbus_slave.o
    0x08015124   0x08015124   0x00000060   Code   RO        11156    i.modbusSlaveStructInit  modbus_slave.o
    0x08015184   0x08015184   0x0000002c   Code   RO        11314    i.modbus_crc_compute  modbus_common.o
    0x080151b0   0x080151b0   0x00000014   Code   RO        11158    i.modbus_poll_rec   modbus_slave.o
    0x080151c4   0x080151c4   0x00000170   Code   RO        11222    i.modbus_rtu_poll   modbus_slave_rtu.o
    0x08015334   0x08015334   0x0000000c   Code   RO        11223    i.modbus_slave_rtu_init  modbus_slave_rtu.o
    0x08015340   0x08015340   0x00000084   Code   RO         3057    i.mramCheck         mram_manage.o
    0x080153c4   0x080153c4   0x0000009c   Code   RO         3058    i.mramDefaultAccWrite  mram_manage.o
    0x08015460   0x08015460   0x00000100   Code   RO         3059    i.mramEthWrite      mram_manage.o
    0x08015560   0x08015560   0x000000b8   Code   RO         3060    i.mramFfdWrite      mram_manage.o
    0x08015618   0x08015618   0x0000006c   Code   RO         3061    i.mramInit          mram_manage.o
    0x08015684   0x08015684   0x000000ac   Code   RO         3062    i.mramIntgrWrite    mram_manage.o
    0x08015730   0x08015730   0x000000c4   Code   RO         3063    i.mramNominalWrite  mram_manage.o
    0x080157f4   0x080157f4   0x000000f8   Code   RO         3064    i.mramOutputParaWriteAll  mram_manage.o
    0x080158ec   0x080158ec   0x000000d0   Code   RO         3065    i.mramPosPIDWrite   mram_manage.o
    0x080159bc   0x080159bc   0x00000c38   Code   RO         3066    i.mramReadAll       mram_manage.o
    0x080165f4   0x080165f4   0x000000c4   Code   RO         3068    i.mramSensorCheckWriteAll  mram_manage.o
    0x080166b8   0x080166b8   0x000000e0   Code   RO         3070    i.mramSensorCodeWrite  mram_manage.o
    0x08016798   0x08016798   0x0000012c   Code   RO         3071    i.mramSensorPoseWriteAll  mram_manage.o
    0x080168c4   0x080168c4   0x0000009c   Code   RO         3073    i.mramServoParamWrite  mram_manage.o
    0x08016960   0x08016960   0x000000e4   Code   RO         3074    i.mramSftWrite      mram_manage.o
    0x08016a44   0x08016a44   0x000000d4   Code   RO         3075    i.mramSpeedPIDWrite  mram_manage.o
    0x08016b18   0x08016b18   0x00000098   Code   RO         3076    i.mramSpeedWrite    mram_manage.o
    0x08016bb0   0x08016bb0   0x0000008c   Code   RO         3077    i.mramSysParaWriteAll  mram_manage.o
    0x08016c3c   0x08016c3c   0x00000080   Code   RO         3078    i.mramTansmitDataPeriodWrite  mram_manage.o
    0x08016cbc   0x08016cbc   0x000000bc   Code   RO         3079    i.mramWndWrite      mram_manage.o
    0x08016d78   0x08016d78   0x00000c3c   Code   RO         3080    i.mramWriteAll      mram_manage.o
    0x080179b4   0x080179b4   0x00000278   Code   RO         3084    i.mram_write_monitor  mram_manage.o
    0x08017c2c   0x08017c2c   0x00000170   Code   RO         2949    i.multipointCalibrateFunc  sensor.o
    0x08017d9c   0x08017d9c   0x00000014   Code   RO         2950    i.multipointZeroCodeUpdateFunc  sensor.o
    0x08017db0   0x08017db0   0x00000068   Code   RO         4233    i.networkParamConfigInit  ethw5500.o
    0x08017e18   0x08017e18   0x000001a0   Code   RO         4234    i.network_init      ethw5500.o
    0x08017fb8   0x08017fb8   0x000001b4   Code   RO         1047    i.normalPosGeneratorInit  control.o
    0x0801816c   0x0801816c   0x0000006c   Code   RO         1408    i.openloopOutputMap  in_out.o
    0x080181d8   0x080181d8   0x000000a8   Code   RO         1409    i.openloop_parameters_update  in_out.o
    0x08018280   0x08018280   0x00000010   Code   RO         5893    i.osDelay           cmsis_os.o
    0x08018290   0x08018290   0x00000012   Code   RO         5895    i.osKernelRunning   cmsis_os.o
    0x080182a2   0x080182a2   0x0000000a   Code   RO         5896    i.osKernelStart     cmsis_os.o
    0x080182ac   0x080182ac   0x0000000a   Code   RO         5905    i.osMessageCreate   cmsis_os.o
    0x080182b6   0x080182b6   0x00000006   Code   RO         5911    i.osMutexCreate     cmsis_os.o
    0x080182bc   0x080182bc   0x00000028   Code   RO         5922    i.osSemaphoreCreate  cmsis_os.o
    0x080182e4   0x080182e4   0x00000050   Code   RO         5925    i.osSemaphoreRelease  cmsis_os.o
    0x08018334   0x08018334   0x00000068   Code   RO         5926    i.osSemaphoreWait   cmsis_os.o
    0x0801839c   0x0801839c   0x00000034   Code   RO         5930    i.osThreadCreate    cmsis_os.o
    0x080183d0   0x080183d0   0x00000098   Code   RO         1410    i.outputControl     in_out.o
    0x08018468   0x08018468   0x00000028   Code   RO         1411    i.outputMapping     in_out.o
    0x08018490   0x08018490   0x0000003c   Code   RO         1412    i.outputSignalConstraint  in_out.o
    0x080184cc   0x080184cc   0x00000038   Code   RO         1414    i.outputSignalOffset  in_out.o
    0x08018504   0x08018504   0x00000050   Code   RO         1415    i.outputSignalProcess  in_out.o
    0x08018554   0x08018554   0x00000012   Code   RO         1416    i.outputSignalSign  in_out.o
    0x08018566   0x08018566   0x00000002   PAD
    0x08018568   0x08018568   0x00000014   Code   RO         1417    i.output_param_update  in_out.o
    0x0801857c   0x0801857c   0x000005a2   Code   RO         2443    i.paraConfigSem_Process  gparameter.o
    0x08018b1e   0x08018b1e   0x00000002   PAD
    0x08018b20   0x08018b20   0x000003e0   Code   RO         2445    i.parameter_default_init  gparameter.o
    0x08018f00   0x08018f00   0x00000024   Code   RO         5507    i.pcTaskGetName     tasks.o
    0x08018f24   0x08018f24   0x00000080   Code   RO         1808    i.pgNormalInit      posgenerator.o
    0x08018fa4   0x08018fa4   0x00000006   Code   RO         1809    i.pgResume          posgenerator.o
    0x08018faa   0x08018faa   0x00000002   PAD
    0x08018fac   0x08018fac   0x00000424   Code   RO         1810    i.pg_init           posgenerator.o
    0x080193d0   0x080193d0   0x0000000c   Code   RO         1811    i.pg_save           posgenerator.o
    0x080193dc   0x080193dc   0x000000b4   Code   RO         1812    i.pgcycle_init      posgenerator.o
    0x08019490   0x08019490   0x0000007a   Code   RO        10741    i.pidCalExt         pid.o
    0x0801950a   0x0801950a   0x00000002   PAD
    0x0801950c   0x0801950c   0x000000a0   Code   RO        10742    i.pidCalLoad        pid.o
    0x080195ac   0x080195ac   0x00000098   Code   RO        10743    i.pidCalPos         pid.o
    0x08019644   0x08019644   0x000000ac   Code   RO        10744    i.pidInitExt        pid.o
    0x080196f0   0x080196f0   0x000000c4   Code   RO        10745    i.pidInitLoad       pid.o
    0x080197b4   0x080197b4   0x000000a0   Code   RO        10746    i.pidInitPos        pid.o
    0x08019854   0x08019854   0x0000001e   Code   RO        10747    i.pidLimit          pid.o
    0x08019872   0x08019872   0x00000002   PAD
    0x08019874   0x08019874   0x00000034   Code   RO        10748    i.pidParaUpdateExt  pid.o
    0x080198a8   0x080198a8   0x00000034   Code   RO        10749    i.pidParaUpdateLoad  pid.o
    0x080198dc   0x080198dc   0x00000034   Code   RO        10750    i.pidParaUpdatePos  pid.o
    0x08019910   0x08019910   0x00000070   Code   RO         1049    i.posAdrc           control.o
    0x08019980   0x08019980   0x00000070   Code   RO         1050    i.posExtCompletionMonitorProcess  control.o
    0x080199f0   0x080199f0   0x000000a4   Code   RO         1051    i.posExtLimitCalculate  control.o
    0x08019a94   0x08019a94   0x00000058   Code   RO         1052    i.posExtParamInit   control.o
    0x08019aec   0x08019aec   0x000000e0   Code   RO         1054    i.posPwmCalcu       control.o
    0x08019bcc   0x08019bcc   0x00000090   Code   RO         1055    i.posTargetCalcu    control.o
    0x08019c5c   0x08019c5c   0x000000c8   Code   RO         1813    i.pos_generator     posgenerator.o
    0x08019d24   0x08019d24   0x00000038   Code   RO         1418    i.poseCalcu         in_out.o
    0x08019d5c   0x08019d5c   0x0000000c   Code   RO         1419    i.poseCodeCalculate_Int  in_out.o
    0x08019d68   0x08019d68   0x0000004c   Code   RO         1420    i.poseSpeedFilter_Int  in_out.o
    0x08019db4   0x08019db4   0x0000006c   Code   RO         1421    i.posespeed_filter  in_out.o
    0x08019e20   0x08019e20   0x00000078   Code   RO         5508    i.prvAddCurrentTaskToDelayedList  tasks.o
    0x08019e98   0x08019e98   0x0000008c   Code   RO         5509    i.prvAddNewTaskToReadyList  tasks.o
    0x08019f24   0x08019f24   0x00000040   Code   RO         5510    i.prvCheckTasksWaitingTermination  tasks.o
    0x08019f64   0x08019f64   0x00000024   Code   RO         5161    i.prvCopyDataFromQueue  queue.o
    0x08019f88   0x08019f88   0x0000006e   Code   RO         5162    i.prvCopyDataToQueue  queue.o
    0x08019ff6   0x08019ff6   0x00000014   Code   RO         5511    i.prvDeleteTCB      tasks.o
    0x0801a00a   0x0801a00a   0x00000014   Code   RO         5163    i.prvGetDisinheritPriorityAfterTimeout  queue.o
    0x0801a01e   0x0801a01e   0x00000002   PAD
    0x0801a020   0x0801a020   0x00000050   Code   RO         6258    i.prvHeapInit       heap_4.o
    0x0801a070   0x0801a070   0x00000006   Code   RO         5512    i.prvIdleTask       tasks.o
    0x0801a076   0x0801a076   0x00000018   Code   RO         5164    i.prvInitialiseMutex  queue.o
    0x0801a08e   0x0801a08e   0x00000022   Code   RO         5165    i.prvInitialiseNewQueue  queue.o
    0x0801a0b0   0x0801a0b0   0x00000098   Code   RO         5513    i.prvInitialiseNewTask  tasks.o
    0x0801a148   0x0801a148   0x00000060   Code   RO         5514    i.prvInitialiseTaskLists  tasks.o
    0x0801a1a8   0x0801a1a8   0x00000060   Code   RO         6259    i.prvInsertBlockIntoFreeList  heap_4.o
    0x0801a208   0x0801a208   0x0000001a   Code   RO         5166    i.prvIsQueueEmpty   queue.o
    0x0801a222   0x0801a222   0x0000001e   Code   RO         5167    i.prvIsQueueFull    queue.o
    0x0801a240   0x0801a240   0x00000024   Code   RO         5516    i.prvResetNextTaskUnblockTime  tasks.o
    0x0801a264   0x0801a264   0x00000030   Code   RO         6327    i.prvTaskExitError  port.o
    0x0801a294   0x0801a294   0x00000068   Code   RO         5168    i.prvUnlockQueue    queue.o
    0x0801a2fc   0x0801a2fc   0x000000e8   Code   RO         6260    i.pvPortMalloc      heap_4.o
    0x0801a3e4   0x0801a3e4   0x00000018   Code   RO         5520    i.pvTaskIncrementMutexHeldCount  tasks.o
    0x0801a3fc   0x0801a3fc   0x0000002c   Code   RO         6328    i.pxPortInitialiseStack  port.o
    0x0801a428   0x0801a428   0x000000e4   Code   RO         4505    i.recv              socket.o
    0x0801a50c   0x0801a50c   0x00000024   Code   RO         4584    i.reg_wizchip_cris_cbfunc  wizchip_conf.o
    0x0801a530   0x0801a530   0x00000024   Code   RO         4585    i.reg_wizchip_cs_cbfunc  wizchip_conf.o
    0x0801a554   0x0801a554   0x0000002c   Code   RO         4586    i.reg_wizchip_spi_cbfunc  wizchip_conf.o
    0x0801a580   0x0801a580   0x0000008c   Code   RO         3772    i.rev_ring_fifo_pop  myfifo.o
    0x0801a60c   0x0801a60c   0x00000078   Code   RO         3773    i.rev_ring_fifo_push  myfifo.o
    0x0801a684   0x0801a684   0x000000ac   Code   RO         1422    i.rigidityLsmIdentify  in_out.o
    0x0801a730   0x0801a730   0x0000009a   Code   RO         2952    i.senDateSync       sensor.o
    0x0801a7ca   0x0801a7ca   0x00000002   PAD
    0x0801a7cc   0x0801a7cc   0x0000011c   Code   RO         4507    i.send              socket.o
    0x0801a8e8   0x0801a8e8   0x000000ac   Code   RO         2065    i.sendUtcSetOn      communicate.o
    0x0801a994   0x0801a994   0x0000008c   Code   RO         3774    i.send_ring_fifo_pop  myfifo.o
    0x0801aa20   0x0801aa20   0x00000084   Code   RO         3775    i.send_ring_fifo_push  myfifo.o
    0x0801aaa4   0x0801aaa4   0x00000070   Code   RO         2446    i.sendata_default_init  gparameter.o
    0x0801ab14   0x0801ab14   0x0000003c   Code   RO         1423    i.sendata_pg_process  in_out.o
    0x0801ab50   0x0801ab50   0x00000050   Code   RO         2953    i.sendata_pg_update  sensor.o
    0x0801aba0   0x0801aba0   0x00000204   Code   RO         2954    i.sendata_update    sensor.o
    0x0801ada4   0x0801ada4   0x00000002   Code   RO         2955    i.sensorCON_ADJ_Monitor  sensor.o
    0x0801ada6   0x0801ada6   0x00000002   PAD
    0x0801ada8   0x0801ada8   0x00000030   Code   RO         2956    i.sensorCalibrateFuncInit  sensor.o
    0x0801add8   0x0801add8   0x00000164   Code   RO         2957    i.sensorConnectCheckByEeprom  sensor.o
    0x0801af3c   0x0801af3c   0x00000034   Code   RO         2447    i.sensorIntgrUpdate  gparameter.o
    0x0801af70   0x0801af70   0x000000a8   Code   RO         1425    i.sensorRangeProtect  in_out.o
    0x0801b018   0x0801b018   0x00000090   Code   RO         2958    i.sensorZeroCodeInit  sensor.o
    0x0801b0a8   0x0801b0a8   0x0000001e   Code   RO         2448    i.servoParamCalcu   gparameter.o
    0x0801b0c6   0x0801b0c6   0x00000002   PAD
    0x0801b0c8   0x0801b0c8   0x00000030   Code   RO         2449    i.servoParamUpdate  gparameter.o
    0x0801b0f8   0x0801b0f8   0x000000e4   Code   RO         3686    i.servoRegionSelcet  servo_driver.o
    0x0801b1dc   0x0801b1dc   0x00000022   Code   RO         1814    i.sign              posgenerator.o
    0x0801b1fe   0x0801b1fe   0x00000002   PAD
    0x0801b200   0x0801b200   0x0000010c   Code   RO         2959    i.singlepointCalibrateFunc  sensor.o
    0x0801b30c   0x0801b30c   0x0000011c   Code   RO         4510    i.socket            socket.o
    0x0801b428   0x0801b428   0x000000c4   Code   RO           12    i.softwareInit      main.o
    0x0801b4ec   0x0801b4ec   0x0000003e   Code   RO        11419    i.sqrtf             m_wv.l(sqrtf.o)
    0x0801b52a   0x0801b52a   0x0000000a   Code   RO         2450    i.stm32SoftReset    gparameter.o
    0x0801b534   0x0801b534   0x000003e4   Code   RO         2451    i.storageParaDefaultInit  gparameter.o
    0x0801b918   0x0801b918   0x00000098   Code   RO         1059    i.trigPgParamInit   control.o
    0x0801b9b0   0x0801b9b0   0x0000009c   Code   RO         4439    i.utc_tcpc          loopback.o
    0x0801ba4c   0x0801ba4c   0x00000026   Code   RO         5121    i.uxListRemove      list.o
    0x0801ba72   0x0801ba72   0x00000026   Code   RO         5171    i.uxQueueMessagesWaiting  queue.o
    0x0801ba98   0x0801ba98   0x00000016   Code   RO         5122    i.vListInitialise   list.o
    0x0801baae   0x0801baae   0x00000006   Code   RO         5123    i.vListInitialiseItem  list.o
    0x0801bab4   0x0801bab4   0x0000003a   Code   RO         5124    i.vListInsert       list.o
    0x0801baee   0x0801baee   0x00000018   Code   RO         5125    i.vListInsertEnd    list.o
    0x0801bb06   0x0801bb06   0x00000002   PAD
    0x0801bb08   0x0801bb08   0x00000040   Code   RO         6330    i.vPortEnterCritical  port.o
    0x0801bb48   0x0801bb48   0x0000002c   Code   RO         6331    i.vPortExitCritical  port.o
    0x0801bb74   0x0801bb74   0x00000064   Code   RO         6261    i.vPortFree         heap_4.o
    0x0801bbd8   0x0801bbd8   0x00000024   Code   RO         6332    i.vPortSetupTimerInterrupt  port.o
    0x0801bbfc   0x0801bbfc   0x00000054   Code   RO         6333    i.vPortValidateInterruptPriority  port.o
    0x0801bc50   0x0801bc50   0x00000050   Code   RO         5529    i.vTaskDelay        tasks.o
    0x0801bca0   0x0801bca0   0x000000b0   Code   RO         5530    i.vTaskDelete       tasks.o
    0x0801bd50   0x0801bd50   0x00000010   Code   RO         5534    i.vTaskInternalSetTimeOutState  tasks.o
    0x0801bd60   0x0801bd60   0x0000000c   Code   RO         5536    i.vTaskMissedYield  tasks.o
    0x0801bd6c   0x0801bd6c   0x00000034   Code   RO         5538    i.vTaskPlaceOnEventList  tasks.o
    0x0801bda0   0x0801bda0   0x000000a8   Code   RO         5540    i.vTaskPriorityDisinheritAfterTimeout  tasks.o
    0x0801be48   0x0801be48   0x00000074   Code   RO         5546    i.vTaskStartScheduler  tasks.o
    0x0801bebc   0x0801bebc   0x00000010   Code   RO         5548    i.vTaskSuspendAll   tasks.o
    0x0801becc   0x0801becc   0x00000078   Code   RO         5549    i.vTaskSwitchContext  tasks.o
    0x0801bf44   0x0801bf44   0x00000060   Code   RO         4806    i.wiz_recv_data     w5500.o
    0x0801bfa4   0x0801bfa4   0x00000060   Code   RO         4808    i.wiz_send_data     w5500.o
    0x0801c004   0x0801c004   0x00000004   Code   RO         4588    i.wizchip_bus_readdata  wizchip_conf.o
    0x0801c008   0x0801c008   0x00000004   Code   RO         4589    i.wizchip_bus_writedata  wizchip_conf.o
    0x0801c00c   0x0801c00c   0x0000003a   Code   RO         4590    i.wizchip_clrinterrupt  wizchip_conf.o
    0x0801c046   0x0801c046   0x00000002   Code   RO         4591    i.wizchip_cris_enter  wizchip_conf.o
    0x0801c048   0x0801c048   0x00000002   Code   RO         4592    i.wizchip_cris_exit  wizchip_conf.o
    0x0801c04a   0x0801c04a   0x00000002   Code   RO         4593    i.wizchip_cs_deselect  wizchip_conf.o
    0x0801c04c   0x0801c04c   0x00000002   Code   RO         4594    i.wizchip_cs_select  wizchip_conf.o
    0x0801c04e   0x0801c04e   0x0000001e   Code   RO         4595    i.wizchip_getinterrupt  wizchip_conf.o
    0x0801c06c   0x0801c06c   0x0000001c   Code   RO         4596    i.wizchip_getinterruptmask  wizchip_conf.o
    0x0801c088   0x0801c088   0x00000058   Code   RO         4597    i.wizchip_getnetinfo  wizchip_conf.o
    0x0801c0e0   0x0801c0e0   0x00000006   Code   RO         4598    i.wizchip_getnetmode  wizchip_conf.o
    0x0801c0e6   0x0801c0e6   0x00000028   Code   RO         4599    i.wizchip_gettimeout  wizchip_conf.o
    0x0801c10e   0x0801c10e   0x0000007a   Code   RO         4600    i.wizchip_init      wizchip_conf.o
    0x0801c188   0x0801c188   0x0000001c   Code   RO         4601    i.wizchip_setinterruptmask  wizchip_conf.o
    0x0801c1a4   0x0801c1a4   0x00000058   Code   RO         4602    i.wizchip_setnetinfo  wizchip_conf.o
    0x0801c1fc   0x0801c1fc   0x00000024   Code   RO         4603    i.wizchip_setnetmode  wizchip_conf.o
    0x0801c220   0x0801c220   0x00000028   Code   RO         4604    i.wizchip_settimeout  wizchip_conf.o
    0x0801c248   0x0801c248   0x00000004   Code   RO         4606    i.wizchip_spi_readbyte  wizchip_conf.o
    0x0801c24c   0x0801c24c   0x00000002   Code   RO         4608    i.wizchip_spi_writebyte  wizchip_conf.o
    0x0801c24e   0x0801c24e   0x00000074   Code   RO         4609    i.wizchip_sw_reset  wizchip_conf.o
    0x0801c2c2   0x0801c2c2   0x0000004e   Code   RO         4610    i.wizphy_getphyconf  wizchip_conf.o
    0x0801c310   0x0801c310   0x00000016   Code   RO         4611    i.wizphy_getphylink  wizchip_conf.o
    0x0801c326   0x0801c326   0x0000001a   Code   RO         4612    i.wizphy_getphypmode  wizchip_conf.o
    0x0801c340   0x0801c340   0x0000002a   Code   RO         4614    i.wizphy_reset      wizchip_conf.o
    0x0801c36a   0x0801c36a   0x0000004a   Code   RO         4615    i.wizphy_setphyconf  wizchip_conf.o
    0x0801c3b4   0x0801c3b4   0x00000050   Code   RO         4616    i.wizphy_setphypmode  wizchip_conf.o
    0x0801c404   0x0801c404   0x00000008   Code   RO         2452    i.workModeDefaultInit  gparameter.o
    0x0801c40c   0x0801c40c   0x00000244   Code   RO         2453    i.workModeMonitor   gparameter.o
    0x0801c650   0x0801c650   0x00000024   Code   RO         2454    i.workStateDefaultInit  gparameter.o
    0x0801c674   0x0801c674   0x00000104   Code   RO         6334    i.xPortStartScheduler  port.o
    0x0801c778   0x0801c778   0x00000018   Code   RO         5178    i.xQueueCreateMutex  queue.o
    0x0801c790   0x0801c790   0x0000003e   Code   RO         5179    i.xQueueGenericCreate  queue.o
    0x0801c7ce   0x0801c7ce   0x00000002   PAD
    0x0801c7d0   0x0801c7d0   0x00000090   Code   RO         5180    i.xQueueGenericReset  queue.o
    0x0801c860   0x0801c860   0x00000170   Code   RO         5181    i.xQueueGenericSend  queue.o
    0x0801c9d0   0x0801c9d0   0x000000a0   Code   RO         5183    i.xQueueGiveFromISR  queue.o
    0x0801ca70   0x0801ca70   0x00000148   Code   RO         5188    i.xQueueReceive     queue.o
    0x0801cbb8   0x0801cbb8   0x0000009a   Code   RO         5189    i.xQueueReceiveFromISR  queue.o
    0x0801cc52   0x0801cc52   0x00000002   PAD
    0x0801cc54   0x0801cc54   0x00000184   Code   RO         5190    i.xQueueSemaphoreTake  queue.o
    0x0801cdd8   0x0801cdd8   0x00000080   Code   RO         5551    i.xTaskCheckForTimeOut  tasks.o
    0x0801ce58   0x0801ce58   0x00000068   Code   RO         5552    i.xTaskCreate       tasks.o
    0x0801cec0   0x0801cec0   0x0000000c   Code   RO         5555    i.xTaskGetCurrentTaskHandle  tasks.o
    0x0801cecc   0x0801cecc   0x0000001c   Code   RO         5556    i.xTaskGetSchedulerState  tasks.o
    0x0801cee8   0x0801cee8   0x0000000c   Code   RO         5557    i.xTaskGetTickCount  tasks.o
    0x0801cef4   0x0801cef4   0x000000d4   Code   RO         5559    i.xTaskIncrementTick  tasks.o
    0x0801cfc8   0x0801cfc8   0x0000009c   Code   RO         5562    i.xTaskPriorityDisinherit  tasks.o
    0x0801d064   0x0801d064   0x00000094   Code   RO         5563    i.xTaskPriorityInherit  tasks.o
    0x0801d0f8   0x0801d0f8   0x00000078   Code   RO         5564    i.xTaskRemoveFromEventList  tasks.o
    0x0801d170   0x0801d170   0x000000cc   Code   RO         5565    i.xTaskResumeAll    tasks.o
    0x0801d23c   0x0801d23c   0x00000108   Data   RO          425    .constdata          freertos.o
    0x0801d344   0x0801d344   0x00000094   Data   RO         1060    .constdata          control.o
    0x0801d3d8   0x0801d3d8   0x00000012   Data   RO         1822    .constdata          posgenerator.o
    0x0801d3ea   0x0801d3ea   0x00000031   Data   RO         2067    .constdata          communicate.o
    0x0801d41b   0x0801d41b   0x0000017f   Data   RO         3085    .constdata          mram_manage.o
    0x0801d59a   0x0801d59a   0x0000000e   Data   RO         4236    .constdata          ethw5500.o
    0x0801d5a8   0x0801d5a8   0x00000010   Data   RO         6408    .constdata          system_stm32h7xx.o
    0x0801d5b8   0x0801d5b8   0x00000018   Data   RO        10265    .constdata          stm32h7xx_hal_uart.o
    0x0801d5d0   0x0801d5d0   0x00000010   Data   RO        10631    .constdata          stm32h7xx_hal_uart_ex.o
    0x0801d5e0   0x0801d5e0   0x000000cd   Data   RO        10923    .constdata          elog.o
    0x0801d6ad   0x0801d6ad   0x00000023   Data   RO        11066    .constdata          elog_utils.o
    0x0801d6d0   0x0801d6d0   0x00000014   Data   RO        11098    .constdata          elog_async_freertos.o
    0x0801d6e4   0x0801d6e4   0x00000200   Data   RO        11317    .constdata          modbus_common.o
    0x0801d8e4   0x0801d8e4   0x00000020   Data   RO        11767    .constdata          m_wv.l(rredf.o)
    0x0801d904   0x0801d904   0x00000067   Data   RO          426    .conststring        freertos.o
    0x0801d96b   0x0801d96b   0x00000001   PAD
    0x0801d96c   0x0801d96c   0x00000053   Data   RO         1823    .conststring        posgenerator.o
    0x0801d9bf   0x0801d9bf   0x00000001   PAD
    0x0801d9c0   0x0801d9c0   0x00000047   Data   RO        10924    .conststring        elog.o
    0x0801da07   0x0801da07   0x00000001   PAD
    0x0801da08   0x0801da08   0x0000000e   Data   RO        11099    .conststring        elog_async_freertos.o
    0x0801da16   0x0801da16   0x00000002   PAD
    0x0801da18   0x0801da18   0x00000020   Data   RO        11819    Region$$Table       anon$$obj.o


    Execution Region RW_IRAM1 (Exec base: 0x20000000, Load base: 0x0801da38, Size: 0x00000000, Max: 0x00020000, ABSOLUTE)

    **** No section assigned to this execution region ****


    Execution Region RW_IRAM2 (Exec base: 0x24000000, Load base: 0x0801da38, Size: 0x0003cca8, Max: 0x00080000, ABSOLUTE, COMPRESSED[0x000000d8])

    Exec Addr    Load Addr    Size         Type   Attr      Idx    E Section Name        Object

    0x24000000   COMPRESSED   0x00000002   Data   RW           14    .data               main.o
    0x24000002   COMPRESSED   0x00000002   Data   RW          428    .data               freertos.o
    0x24000004   COMPRESSED   0x00000040   Data   RW          430    .data               freertos.o
    0x24000044   COMPRESSED   0x00000004   Data   RW          670    .data               tim.o
    0x24000048   COMPRESSED   0x00000004   Data   RW          792    .data               usart.o
    0x2400004c   COMPRESSED   0x0000004c   Data   RW         1061    .data               control.o
    0x24000098   COMPRESSED   0x0000004b   Data   RW         1429    .data               in_out.o
    0x240000e3   COMPRESSED   0x00000001   PAD
    0x240000e4   COMPRESSED   0x00000008   Data   RW         1824    .data               posgenerator.o
    0x240000ec   COMPRESSED   0x00000002   Data   RW         2477    .data               gparameter.o
    0x240000ee   COMPRESSED   0x00000002   PAD
    0x240000f0   COMPRESSED   0x00000038   Data   RW         2478    .data               gparameter.o
    0x24000128   COMPRESSED   0x00000004   Data   RW         2484    .data               gparameter.o
    0x2400012c   COMPRESSED   0x00000020   Data   RW         2641    .data               ethprotocol.o
    0x2400014c   COMPRESSED   0x00000009   Data   RW         2961    .data               sensor.o
    0x24000155   COMPRESSED   0x00000003   PAD
    0x24000158   COMPRESSED   0x00000058   Data   RW         3393    .data               adrc.o
    0x240001b0   COMPRESSED   0x00000007   Data   RW         3503    .data               do.o
    0x240001b7   COMPRESSED   0x00000001   PAD
    0x240001b8   COMPRESSED   0x000000d4   Data   RW         3547    .data               rs485.o
    0x2400028c   COMPRESSED   0x00000034   Data   RW         3688    .data               servo_driver.o
    0x240002c0   COMPRESSED   0x0000000a   Data   RW         3779    .data               myfifo.o
    0x240002ca   COMPRESSED   0x00000002   PAD
    0x240002cc   COMPRESSED   0x00000024   Data   RW         4079    .data               cs5552.o
    0x240002f0   COMPRESSED   0x00000031   Data   RW         4237    .data               ethw5500.o
    0x24000321   COMPRESSED   0x00000001   PAD
    0x24000322   COMPRESSED   0x00000004   Data   RW         4441    .data               loopback.o
    0x24000326   COMPRESSED   0x0000000e   Data   RW         4512    .data               socket.o
    0x24000334   COMPRESSED   0x00000034   Data   RW         4617    .data               wizchip_conf.o
    0x24000368   COMPRESSED   0x00000044   Data   RW         5568    .data               tasks.o
    0x240003ac   COMPRESSED   0x00000020   Data   RW         6267    .data               heap_4.o
    0x240003cc   COMPRESSED   0x0000000c   Data   RW         6335    .data               port.o
    0x240003d8   COMPRESSED   0x00000008   Data   RW         6409    .data               system_stm32h7xx.o
    0x240003e0   COMPRESSED   0x0000000c   Data   RW         9005    .data               stm32h7xx_hal.o
    0x240003ec   COMPRESSED   0x00000004   Data   RW        10834    .data               elog_port.o
    0x240003f0   COMPRESSED   0x00000038   Data   RW        10925    .data               elog.o
    0x24000428   COMPRESSED   0x00000014   Data   RW        11100    .data               elog_async_freertos.o
    0x2400043c   COMPRESSED   0x00000264   Data   RW        11225    .data               modbus_slave_rtu.o
    0x240006a0   COMPRESSED   0x00000004   Data   RW        11794    .data               mc_w.l(errno.o)
    0x240006a4        -       0x00000054   Zero   RW          558    .bss                i2c.o
    0x240006f8        -       0x00000198   Zero   RW          602    .bss                spi.o
    0x24000890        -       0x00000344   Zero   RW          669    .bss                tim.o
    0x24000bd4        -       0x00000128   Zero   RW          791    .bss                usart.o
    0x24000cfc        -       0x0000004c   Zero   RW          976    .bss                stm32h7xx_hal_timebase_tim.o
    0x24000d48        -       0x0000320c   Zero   RW         1427    .bss                in_out.o
    0x24003f54        -       0x00000034   Zero   RW         1428    .bss                in_out.o
    0x24003f88        -       0x00000164   Zero   RW         1816    .bss                posgenerator.o
    0x240040ec        -       0x0000007c   Zero   RW         1817    .bss                posgenerator.o
    0x24004168        -       0x0000007c   Zero   RW         1818    .bss                posgenerator.o
    0x240041e4        -       0x0000007c   Zero   RW         1819    .bss                posgenerator.o
    0x24004260        -       0x0000007c   Zero   RW         1820    .bss                posgenerator.o
    0x240042dc        -       0x00000024   Zero   RW         1821    .bss                posgenerator.o
    0x24004300        -       0x000001f4   Zero   RW         2066    .bss                communicate.o
    0x240044f4        -       0x000000c8   Zero   RW         2455    .bss                gparameter.o
    0x240045bc   COMPRESSED   0x00000004   PAD
    0x240045c0        -       0x000058d8   Zero   RW         2456    .bss                gparameter.o
    0x24009e98        -       0x0000000f   Zero   RW         2457    .bss                gparameter.o
    0x24009ea7   COMPRESSED   0x00000001   PAD
    0x24009ea8        -       0x0000033c   Zero   RW         2458    .bss                gparameter.o
    0x2400a1e4        -       0x00000064   Zero   RW         2460    .bss                gparameter.o
    0x2400a248        -       0x00000064   Zero   RW         2465    .bss                gparameter.o
    0x2400a2ac        -       0x00000014   Zero   RW         2466    .bss                gparameter.o
    0x2400a2c0        -       0x00000020   Zero   RW         2467    .bss                gparameter.o
    0x2400a2e0        -       0x0000000a   Zero   RW         2468    .bss                gparameter.o
    0x2400a2ea   COMPRESSED   0x00000002   PAD
    0x2400a2ec        -       0x00000ffc   Zero   RW         2471    .bss                gparameter.o
    0x2400b2e8        -       0x00000064   Zero   RW         2472    .bss                gparameter.o
    0x2400b34c        -       0x0000000c   Zero   RW         2474    .bss                gparameter.o
    0x2400b358        -       0x000001ac   Zero   RW         2475    .bss                gparameter.o
    0x2400b504        -       0x0000001c   Zero   RW         2634    .bss                ethprotocol.o
    0x2400b520        -       0x0000001c   Zero   RW         2635    .bss                ethprotocol.o
    0x2400b53c        -       0x00000800   Zero   RW         2636    .bss                ethprotocol.o
    0x2400bd3c        -       0x00000014   Zero   RW         2637    .bss                ethprotocol.o
    0x2400bd50        -       0x0000000c   Zero   RW         2638    .bss                ethprotocol.o
    0x2400bd5c        -       0x00000108   Zero   RW         2639    .bss                ethprotocol.o
    0x2400be64        -       0x00000108   Zero   RW         2640    .bss                ethprotocol.o
    0x2400bf6c        -       0x00000028   Zero   RW         2960    .bss                sensor.o
    0x2400bf94   COMPRESSED   0x00000004   PAD
    0x2400bf98        -       0x00005e18   Zero   RW         3254    .bss                lsm.o
    0x24011db0        -       0x00005e18   Zero   RW         3255    .bss                lsm.o
    0x24017bc8        -       0x00005e18   Zero   RW         3256    .bss                lsm.o
    0x2401d9e0        -       0x00005e18   Zero   RW         3257    .bss                lsm.o
    0x240237f8        -       0x00000028   Zero   RW         3258    .bss                lsm.o
    0x24023820        -       0x00000028   Zero   RW         3260    .bss                lsm.o
    0x24023848        -       0x00000028   Zero   RW         3261    .bss                lsm.o
    0x24023870        -       0x0000000c   Zero   RW         3262    .bss                lsm.o
    0x2402387c        -       0x00000028   Zero   RW         3328    .bss                td.o
    0x240238a4   COMPRESSED   0x00000004   PAD
    0x240238a8        -       0x00000038   Zero   RW         3392    .bss                adrc.o
    0x240238e0        -       0x000001a0   Zero   RW         3460    .bss                di.o
    0x24023a80        -       0x00000088   Zero   RW         3461    .bss                di.o
    0x24023b08        -       0x0000004c   Zero   RW         3462    .bss                di.o
    0x24023b54        -       0x00000076   Zero   RW         3544    .bss                rs485.o
    0x24023bca   COMPRESSED   0x00000006   PAD
    0x24023bd0        -       0x00000018   Zero   RW         3687    .bss                servo_driver.o
    0x24023be8        -       0x0000a000   Zero   RW         3776    .bss                myfifo.o
    0x2402dbe8        -       0x00000800   Zero   RW         3777    .bss                myfifo.o
    0x2402e3e8        -       0x00000800   Zero   RW         3778    .bss                myfifo.o
    0x2402ebe8        -       0x0000000c   Zero   RW         3839    .bss                encoder.o
    0x2402ebf4        -       0x00000028   Zero   RW         4076    .bss                cs5552.o
    0x2402ec1c   COMPRESSED   0x00000004   PAD
    0x2402ec20        -       0x000000b8   Zero   RW         4077    .bss                cs5552.o
    0x2402ecd8        -       0x00001806   Zero   RW         4235    .bss                ethw5500.o
    0x240304de        -       0x00000010   Zero   RW         4511    .bss                socket.o
    0x240304ee   COMPRESSED   0x00000002   PAD
    0x240304f0        -       0x000002e4   Zero   RW         5567    .bss                tasks.o
    0x240307d4        -       0x00008000   Zero   RW         6266    .bss                heap_4.o
    0x240387d4   COMPRESSED   0x00000004   PAD
    0x240387d8        -       0x000001c8   Zero   RW        10751    .bss                pid.o
    0x240389a0        -       0x00000010   Zero   RW        10833    .bss                elog_port.o
    0x240389b0        -       0x000004bc   Zero   RW        10922    .bss                elog.o
    0x24038e6c        -       0x00002bfc   Zero   RW        11097    .bss                elog_async_freertos.o
    0x2403ba68        -       0x0000022c   Zero   RW        11160    .bss                modbus_slave.o
    0x2403bc94        -       0x00000010   Zero   RW        11224    .bss                modbus_slave_rtu.o
    0x2403bca4   COMPRESSED   0x00000004   PAD
    0x2403bca8        -       0x00001000   Zero   RW        10731    STACK               startup_stm32h743xx.o


==============================================================================

Image component sizes


      Code (inc. data)   RO Data    RW Data    ZI Data      Debug   Object Name

       276         52          0         88         56       3421   adrc.o
        76         20          0          0          0       2621   bsp_spi.o
       364          8          0          0          0      23166   cmsis_os.o
     17820       4130         49          0        500      65384   communicate.o
      9898       1628        148         76          0      55779   control.o
      2596       1002          0         36        224      22315   cs5552.o
       676         36          0          0        628       4032   di.o
       132         24          0          7          0       1866   do.o
       384         18          0          0          0       5113   eeprom.o
      1112        332          0          0          0       4727   eeprom_manage.o
      1948        628        276         56       1212      15810   elog.o
       516         60         34         20      11260       6780   elog_async_freertos.o
       302         82          0          4         16       5285   elog_port.o
       504        192         35          0          0       2825   elog_utils.o
       190         24          0          0         12       2870   encoder.o
       372         10          0         32       2664       6291   ethprotocol.o
      1400        722         14         49       6150      11785   ethw5500.o
         0          0          0          0          0      10744   event_groups.o
       146          4          0          0          0       2513   filter.o
      1386        288        367         66          0      14105   freertos.o
      4928        360          0         62      28681      41286   gparameter.o
       492         26          0          0          0       1151   gpio.o
       508         32          0         32      32768       7599   heap_4.o
       228         26          0          0         84       1749   i2c.o
      6586        910          0         75      12864      43535   in_out.o
       148          0          0          0          0       3606   list.o
       334         14          0          4          0       4295   loopback.o
       796         50          0          0      96484       4714   lsm.o
       904        176          0          2          0    1372660   main.o
        44          6        512          0          0       1350   modbus_common.o
       180         58          0          0        556       5029   modbus_slave.o
      1374        294          0        612         16       9804   modbus_slave_rtu.o
       452         42          0          0          0       3418   mram.o
     10476       1908        383          0          0      21123   mram_manage.o
       564         34          0         10      45056       5133   myfifo.o
      1148        150          0          0        456       7258   pid.o
       814         92          0         12          0      12041   port.o
      5736        380        101          8        888      21875   posgenerator.o
      2050         24          0          0          0      21529   queue.o
       304         64          0        212        118       3945   rs485.o
      2376        226          0          9         40      11539   sensor.o
      1016        144          0         52         24       7271   servo_driver.o
      1324         36          0         14         16       6379   socket.o
       596         56          0          0        408       3231   spi.o
        44         12        664          0       4096        812   startup_stm32h743xx.o
       184         40          0         12          0      23345   stm32h7xx_hal.o
       352         38          0          0          0      41631   stm32h7xx_hal_cortex.o
      1508         70          0          0          0       3815   stm32h7xx_hal_dma.o
       592         50          0          0          0       3532   stm32h7xx_hal_gpio.o
      1750         40          0          0          0      12422   stm32h7xx_hal_i2c.o
       172          0          0          0          0       1979   stm32h7xx_hal_i2c_ex.o
        36          4          0          0          0        810   stm32h7xx_hal_msp.o
        84          6          0          0          0        793   stm32h7xx_hal_pwr_ex.o
      2558        110          0          0          0       7801   stm32h7xx_hal_rcc.o
      3736        118          0          0          0       7813   stm32h7xx_hal_rcc_ex.o
      2658         26          0          0          0       8658   stm32h7xx_hal_spi.o
      3280        336          0          0          0      21877   stm32h7xx_hal_tim.o
       330         40          0          0          0       4064   stm32h7xx_hal_tim_ex.o
       140         20          0          0         76       1471   stm32h7xx_hal_timebase_tim.o
      4274        190         24          0          0      36565   stm32h7xx_hal_uart.o
       368          6         16          0          0       6352   stm32h7xx_hal_uart_ex.o
        84         36          0          0          0       5524   stm32h7xx_it.o
       276         48         16          8          0       1873   system_stm32h7xx.o
      2574        238          0         68        740      30387   tasks.o
        32          0          0          0         40       1965   td.o
      1940        204          0          4        836      11364   tim.o
       516         54          0          4        296       5048   usart.o
        32          4          0          0          0        495   userdebug.o
       756         18          0          0          0       6132   w5500.o
      1452         82          0         52          0      22219   wizchip_conf.o

    ----------------------------------------------------------------------
    113278      16158       2676       1696     247300    2157699   Object Totals
         0          0         32          0          0          0   (incl. Generated)
        74          0          5         10         35          0   (incl. Padding)

    ----------------------------------------------------------------------

      Code (inc. data)   RO Data    RW Data    ZI Data      Debug   Library Member Name

       292         58          0          0          0        176   acosf.o
       336         60          0          0          0        136   cosf.o
        22          6          0          0          0        232   funder.o
       340         24         32          0          0        160   rredf.o
       120          0          0          0          0        272   sqrtf.o
        86          0          0          0          0          0   __dczerorl2.o
         0          0          0          0          0          0   entry.o
         0          0          0          0          0          0   entry10a.o
         0          0          0          0          0          0   entry11a.o
         4          0          0          0          0          0   entry12b.o
         8          4          0          0          0          0   entry2.o
         4          0          0          0          0          0   entry5.o
         0          0          0          0          0          0   entry7b.o
         0          0          0          0          0          0   entry8b.o
         8          4          0          0          0          0   entry9a.o
        12          6          0          4          0         68   errno.o
        30          0          0          0          0          0   handlers.o
        36          8          0          0          0         68   init.o
         0          0          0          0          0          0   iusefp.o
        30          0          0          0          0         68   llshl.o
        36          0          0          0          0         68   llsshr.o
        32          0          0          0          0         68   llushr.o
        26          0          0          0          0         80   memcmp.o
        36          0          0          0          0         68   memcpya.o
        36          0          0          0          0        108   memseta.o
      2344        100          0          0          0        700   printfa.o
        14          0          0          0          0         68   strlen.o
        30          0          0          0          0         80   strncmp.o
        24          0          0          0          0         76   strncpy.o
        36          0          0          0          0         80   strstr.o
        44          0          0          0          0         80   uidiv.o
        98          0          0          0          0         92   uldiv.o
        48          0          0          0          0         68   cdrcmple.o
       334          0          0          0          0        148   dadd.o
       222          0          0          0          0        100   ddiv.o
       186          0          0          0          0        176   depilogue.o
        48          0          0          0          0         68   dfixul.o
        40          0          0          0          0         80   dfltl.o
       228          0          0          0          0         96   dmul.o
       110          0          0          0          0        168   fepilogue.o
        66          0          0          0          0         76   ffixl.o
        44          0          0          0          0         92   ffltl.o

    ----------------------------------------------------------------------
      5414        270         32          4          0       3820   Library Totals
         4          0          0          0          0          0   (incl. Padding)

    ----------------------------------------------------------------------

      Code (inc. data)   RO Data    RW Data    ZI Data      Debug   Library Name

      1110        148         32          0          0        976   m_wv.l
      2974        122          0          4          0       1772   mc_w.l
      1326          0          0          0          0       1072   mf_w.l

    ----------------------------------------------------------------------
      5414        270         32          4          0       3820   Library Totals

    ----------------------------------------------------------------------

==============================================================================


      Code (inc. data)   RO Data    RW Data    ZI Data      Debug   

    118692      16428       2708       1700     247300    2096595   Grand Totals
    118692      16428       2708        216     247300    2096595   ELF Image Totals (compressed)
    118692      16428       2708        216          0          0   ROM Totals

==============================================================================

    Total RO  Size (Code + RO Data)               121400 ( 118.55kB)
    Total RW  Size (RW Data + ZI Data)            249000 ( 243.16kB)
    Total ROM Size (Code + RO Data + RW Data)     121616 ( 118.77kB)

==============================================================================

